 leafnets

 Timestamp is 473a3eae (Tue Nov 13 17:17:50 2007)

 Preferred load address is 0000000000010000

 Start         Length     Name                   Class
 0001:00000000 000059b8H .text                   CODE
 0002:00000000 00000120H .idata$5                DATA
 0002:00000120 00000634H .rdata                  DATA
 0002:00000754 00000098H .rdata$debug            DATA
 0002:000007ec 00000460H .xdata                  DATA
 0003:00000000 00000068H .data                   DATA
 0003:00000080 0000002cH .bss                    DATA
 0004:00000000 000002e8H .pdata                  DATA
 0005:00000000 00000127H INIT                    CODE
 0005:00000128 00000028H .idata$2                CODE
 0005:00000150 00000014H .idata$3                CODE
 0005:00000168 00000120H .idata$4                CODE
 0005:00000288 0000034cH .idata$6                CODE
 0006:00000000 00000058H .rsrc$01                DATA
 0006:00000060 00000328H .rsrc$02                DATA

  Address         Publics by Value              Rva+Base             Lib:Object

 0000:00000000       ___safe_se_handler_count   0000000000000000     <absolute>
 0000:00000000       ___safe_se_handler_table   0000000000000000     <absolute>
 0001:00000000       MemAlloc                   0000000000011000 f   tapdrvr.obj
 0001:00000090       MemFree                    0000000000011090 f   tapdrvr.obj
 0001:000000d0       QueueInit                  00000000000110d0 f   tapdrvr.obj
 0001:00000110       QueueFree                  0000000000011110 f   tapdrvr.obj
 0001:00000130       QueuePush                  0000000000011130 f   tapdrvr.obj
 0001:00000170       QueuePop                   0000000000011170 f   tapdrvr.obj
 0001:000001b0       QueueExtract               00000000000111b0 f   tapdrvr.obj
 0001:00000220       HexStringToDecimalInt      0000000000011220 f   tapdrvr.obj
 0001:00000250       ParseMAC                   0000000000011250 f   tapdrvr.obj
 0001:00000340       GenerateRandomMac          0000000000011340 f   tapdrvr.obj
 0001:000003f0       GenerateRelatedMAC         00000000000113f0 f   tapdrvr.obj
 0001:00000420       SetDHCPOpt                 0000000000011420 f   tapdrvr.obj
 0001:00000470       SetDHCPOpt0                0000000000011470 f   tapdrvr.obj
 0001:00000490       SetDHCPOpt8                0000000000011490 f   tapdrvr.obj
 0001:000004c0       SetDHCPOpt32               00000000000114c0 f   tapdrvr.obj
 0001:000004f0       ip_checksum                00000000000114f0 f   tapdrvr.obj
 0001:00000550       udp_checksum               0000000000011550 f   tapdrvr.obj
 0001:00000600       SetChecksumDHCPMsg         0000000000011600 f   tapdrvr.obj
 0001:00000650       GetDHCPMessageType         0000000000011650 f   tapdrvr.obj
 0001:000006d0       DHCPMessageOurs            00000000000116d0 f   tapdrvr.obj
 0001:000007a0       BuildDHCPPre               00000000000117a0 f   tapdrvr.obj
 0001:00000930       InstanceHashValue          0000000000011930 f   tapdrvr.obj
 0001:00000970       InitInstanceList           0000000000011970 f   tapdrvr.obj
 0001:000009c0       FreeInstanceList           00000000000119c0 f   tapdrvr.obj
 0001:000009f0       AddAdapterToInstanceList   00000000000119f0 f   tapdrvr.obj
 0001:00000aa0       RemoveAdapterFromInstanceList 0000000000011aa0 f   tapdrvr.obj
 0001:00000b70       LookupAdapterInInstanceList 0000000000011b70 f   tapdrvr.obj
 0001:00000c30       TapDriverUnload            0000000000011c30 f   tapdrvr.obj
 0001:00000c40       AdapterFreeResources       0000000000011c40 f   tapdrvr.obj
 0001:00000c80       TapDeviceFreeResources     0000000000011c80 f   tapdrvr.obj
 0001:00000cf0       AdapterReset               0000000000011cf0 f   tapdrvr.obj
 0001:00000cf0       AdapterReceive             0000000000011cf0 f   tapdrvr.obj
 0001:00000d00       AdapterQuery               0000000000011d00 f   tapdrvr.obj
 0001:00000ff0       AdapterModify              0000000000011ff0 f   tapdrvr.obj
 0001:000012a0       CompleteIRP                00000000000122a0 f   tapdrvr.obj
 0001:00001510       CancelIRP                  0000000000012510 f   tapdrvr.obj
 0001:000015b0       FlushQueues                00000000000125b0 f   tapdrvr.obj
 0001:00001690       SetMediaStatus             0000000000012690 f   tapdrvr.obj
 0001:000016f0       CheckIfDhcpAndTunMode      00000000000126f0 f   tapdrvr.obj
 0001:00001740       InjectPacket               0000000000012740 f   tapdrvr.obj
 0001:00001860       ResetTapAdapterState       0000000000012860 f   tapdrvr.obj
 0001:000018f0       AllowNonAdmin              00000000000128f0 f   tapdrvr.obj
 0001:00001cc0       IPv4PacketSizeVerify       0000000000012cc0 f   tapdrvr.obj
 0001:00001d10       SendDHCPMsg                0000000000012d10 f   tapdrvr.obj
 0001:00001e50       ProcessDHCP                0000000000012e50 f   tapdrvr.obj
 0001:00001fa0       DestroyTapDevice           0000000000012fa0 f   tapdrvr.obj
 0001:00001ff0       CancelIRPCallback          0000000000012ff0 f   tapdrvr.obj
 0001:00002030       ProcessARP                 0000000000013030 f   tapdrvr.obj
 0001:00002200       AdapterHalt                0000000000013200 f   tapdrvr.obj
 0001:000022d0       AdapterTransmit            00000000000132d0 f   tapdrvr.obj
 0001:000028b0       TapDeviceHook              00000000000138b0 f   tapdrvr.obj
 0001:000042c0       CreateTapDevice            00000000000152c0 f   tapdrvr.obj
 0001:00004600       AdapterCreate              0000000000015600 f   tapdrvr.obj
 0001:00004b8a       __C_specific_handler       0000000000015b8a f   ntoskrnl:ntoskrnl.exe
 0001:00004b90       RtlStringVPrintfExWorkerA  0000000000015b90 f   ntstrsafe:ntstrsafe.obj
 0001:00004da0       RtlStringCchPrintfExA      0000000000015da0 f   ntstrsafe:ntstrsafe.obj
 0001:00004e10       _vsnprintf                 0000000000015e10 f   ntstrsafe:vsnprint.obj
 0001:00004e80       _flsbuf                    0000000000015e80 f   ntstrsafe:_flsbuf.obj
 0001:00004fb0       _output                    0000000000015fb0 f   ntstrsafe:output.obj
 0001:00005930       wctomb                     0000000000016930 f   ntstrsafe:wctomb.obj
 0001:00005990       _fptrap                    0000000000016990 f   ntstrsafe:crt0fp.obj
 0001:000059b0       _amsg_exit                 00000000000169b0 f   ntstrsafe:stubs.obj
 0001:000059b2       RtlUnicodeToMultiByteN     00000000000169b2 f   ntoskrnl:ntoskrnl.exe
 0002:00000000       __imp_NdisMRegisterMiniport 0000000000017000     ndis:NDIS.SYS
 0002:00000008       __imp_NdisTerminateWrapper 0000000000017008     ndis:NDIS.SYS
 0002:00000010       __imp_NdisMRegisterUnloadHandler 0000000000017010     ndis:NDIS.SYS
 0002:00000018       __imp_NdisMSetAttributesEx 0000000000017018     ndis:NDIS.SYS
 0002:00000020       __imp_NdisMRegisterAdapterShutdownHandler 0000000000017020     ndis:NDIS.SYS
 0002:00000028       __imp_NdisOpenConfiguration 0000000000017028     ndis:NDIS.SYS
 0002:00000030       __imp_NdisReadConfiguration 0000000000017030     ndis:NDIS.SYS
 0002:00000038       __imp_NdisCloseConfiguration 0000000000017038     ndis:NDIS.SYS
 0002:00000040       __imp_NdisMRegisterDevice  0000000000017040     ndis:NDIS.SYS
 0002:00000048       __imp_NdisMDeregisterDevice 0000000000017048     ndis:NDIS.SYS
 0002:00000050       __imp_NdisMDeregisterAdapterShutdownHandler 0000000000017050     ndis:NDIS.SYS
 0002:00000058       __imp_NdisMSleep           0000000000017058     ndis:NDIS.SYS
 0002:00000060       __imp_NdisFreeMemory       0000000000017060     ndis:NDIS.SYS
 0002:00000068       __imp_NdisAllocateMemoryWithTag 0000000000017068     ndis:NDIS.SYS
 0002:00000070       __imp_NdisInitializeWrapper 0000000000017070     ndis:NDIS.SYS
 0002:00000078       \177NDIS_NULL_THUNK_DATA   0000000000017078     ndis:NDIS.SYS
 0002:00000080       __imp_RtlAnsiStringToUnicodeString 0000000000017080     ntoskrnl:ntoskrnl.exe
 0002:00000088       __imp_MmMapLockedPagesSpecifyCache 0000000000017088     ntoskrnl:ntoskrnl.exe
 0002:00000090       __imp_MmMapLockedPages     0000000000017090     ntoskrnl:ntoskrnl.exe
 0002:00000098       __imp_RtlCreateSecurityDescriptor 0000000000017098     ntoskrnl:ntoskrnl.exe
 0002:000000a0       __imp_ZwOpenFile           00000000000170a0     ntoskrnl:ntoskrnl.exe
 0002:000000a8       __imp_ZwSetSecurityObject  00000000000170a8     ntoskrnl:ntoskrnl.exe
 0002:000000b0       __imp_ZwClose              00000000000170b0     ntoskrnl:ntoskrnl.exe
 0002:000000b8       __imp_IoReleaseCancelSpinLock 00000000000170b8     ntoskrnl:ntoskrnl.exe
 0002:000000c0       __imp_IofCompleteRequest   00000000000170c0     ntoskrnl:ntoskrnl.exe
 0002:000000c8       __imp_KeAcquireSpinLockRaiseToDpc 00000000000170c8     ntoskrnl:ntoskrnl.exe
 0002:000000d0       __imp_KeReleaseSpinLock    00000000000170d0     ntoskrnl:ntoskrnl.exe
 0002:000000d8       __imp_RtlFreeUnicodeString 00000000000170d8     ntoskrnl:ntoskrnl.exe
 0002:000000e0       __imp_RtlFreeAnsiString    00000000000170e0     ntoskrnl:ntoskrnl.exe
 0002:000000e8       __imp_KeGetCurrentIrql     00000000000170e8     ntoskrnl:ntoskrnl.exe
 0002:000000f0       __imp_RtlCopyMemory        00000000000170f0     ntoskrnl:ntoskrnl.exe
 0002:000000f8       __imp_RtlZeroMemory        00000000000170f8     ntoskrnl:ntoskrnl.exe
 0002:00000100       __imp_RtlUnicodeStringToAnsiString 0000000000017100     ntoskrnl:ntoskrnl.exe
 0002:00000108       __imp___C_specific_handler 0000000000017108     ntoskrnl:ntoskrnl.exe
 0002:00000110       __imp_RtlUnicodeToMultiByteN 0000000000017110     ntoskrnl:ntoskrnl.exe
 0002:00000118       \177ntoskrnl_NULL_THUNK_DATA 0000000000017118     ntoskrnl:ntoskrnl.exe
 0002:00000140       g_SupportedOIDList         0000000000017140     tapdrvr.obj
 0002:000001d0       __lookuptable              00000000000171d0     ntstrsafe:output.obj
 0002:00000230       ??_C@_1O@CEDCILHN@?$AA?$CI?$AAn?$AAu?$AAl?$AAl?$AA?$CJ?$AA?$AA@ 0000000000017230     ntstrsafe:output.obj
 0002:00000240       ??_C@_06OJHGLDPL@?$CInull?$CJ?$AA@ 0000000000017240     ntstrsafe:output.obj
 0002:00000250       __newctype                 0000000000017250     ntstrsafe:ctype.obj
 0002:00000550       _wctype                    0000000000017550     ntstrsafe:ctype.obj
 0003:00000000       __nullstring               0000000000018000     ntstrsafe:output.obj
 0003:00000008       __wnullstring              0000000000018008     ntstrsafe:output.obj
 0003:00000010       _cfltcvt_tab               0000000000018010     ntstrsafe:cmiscdat.obj
 0003:00000040       _pctype                    0000000000018040     ntstrsafe:ctype.obj
 0003:00000048       _pwctype                   0000000000018048     ntstrsafe:ctype.obj
 0003:00000050       __mb_cur_max               0000000000018050     ntstrsafe:nlsdata1.obj
 0003:00000054       __decimal_point            0000000000018054     ntstrsafe:nlsdata1.obj
 0003:00000058       __decimal_point_length     0000000000018058     ntstrsafe:nlsdata1.obj
 0003:00000060       _fltused                   0000000000018060     ntstrsafe:stubs.obj
 0003:00000064       _ldused                    0000000000018064     ntstrsafe:stubs.obj
 0003:00000080       g_InstanceHash             0000000000018080     tapdrvr.obj
 0003:00000088       __fastflag                 0000000000018088     ntstrsafe:stubs.obj
 0003:00000090       g_NdisWrapperHandle        0000000000018090     <common>
 0003:00000098       g_LastErrorLineNumber      0000000000018098     <common>
 0003:000000a0       g_LastErrorFilename        00000000000180a0     <common>
 0003:000000a8       errno                      00000000000180a8     <common>
 0005:00000000       DriverEntry                000000000001a000 f   tapdrvr.obj
 0005:00000128       __IMPORT_DESCRIPTOR_ntoskrnl 000000000001a128     ntoskrnl:ntoskrnl.exe
 0005:0000013c       __IMPORT_DESCRIPTOR_NDIS   000000000001a13c     ndis:NDIS.SYS
 0005:00000150       __NULL_IMPORT_DESCRIPTOR   000000000001a150     ntoskrnl:ntoskrnl.exe

 entry point at        0005:00000000

 Static symbols

 0001:00000070       MemAlloc$filt$0            0000000000011070 f   tapdrvr.obj
 0001:000000b0       MemFree$filt$0             00000000000110b0 f   tapdrvr.obj
 0001:000013d0       CompleteIRP$filt$1         00000000000123d0 f   tapdrvr.obj
 0001:000013f0       CompleteIRP$filt$0         00000000000123f0 f   tapdrvr.obj
 0001:000017c0       InjectPacket$filt$0        00000000000127c0 f   tapdrvr.obj
 0001:00002770       AdapterTransmit$filt$0     0000000000013770 f   tapdrvr.obj
 0001:00003640       TapDeviceHook$filt$1       0000000000014640 f   tapdrvr.obj
 0001:00003680       TapDeviceHook$filt$0       0000000000014680 f   tapdrvr.obj
 0001:00004e90       write_char                 0000000000015e90 f   ntstrsafe:output.obj
 0001:00004ee0       write_multi_char           0000000000015ee0 f   ntstrsafe:output.obj
 0001:00004f20       write_string               0000000000015f20 f   ntstrsafe:output.obj
 0001:00004f80       get_int_arg                0000000000015f80 f   ntstrsafe:output.obj
 0001:00004f90       get_int64_arg              0000000000015f90 f   ntstrsafe:output.obj
 0001:00004fa0       get_short_arg              0000000000015fa0 f   ntstrsafe:output.obj

Line numbers for objfre_wnet_AMD64\amd64\tapdrvr.obj(c:\development\leafnets\engineering\software\client\windows\p2p\code\exsrc\tap-win32\openvpn-2.0.9\tap-win32\tapdrvr.c) segment .text

   257 0001:00000c30   266 0001:00000c34   274 0001:00000c39   605 0001:00000c40
   607 0001:00000c48   609 0001:00000c4f   610 0001:00000c56   612 0001:00000c5c
   613 0001:00000c65   617 0001:00000c6f   661 0001:00000c80   664 0001:00000c88
   666 0001:00000c8c   667 0001:00000c94   668 0001:00000c99   669 0001:00000ca2
   671 0001:00000ca7   672 0001:00000cad   684 0001:00000cb7   688 0001:00000cbe
   692 0001:00000cc8   693 0001:00000cd1   697 0001:00000cdb   952 0001:00000cf0
   955 0001:00000cf0   966 0001:00000cf0   965 0001:00000cf0   967 0001:00000cf2
   956 0001:00000cf2   978 0001:00000d00   980 0001:00000d1d   981 0001:00000d22
   982 0001:00000d25   985 0001:00000d2a   987 0001:00000d3a   993 0001:00000d73
   994 0001:00000d7a   995 0001:00000d7f   998 0001:00000d81   999 0001:00000d89
  1004 0001:00000d8b  1005 0001:00000d92  1006 0001:00000d97  1011 0001:00000d99
  1012 0001:00000da1  1053 0001:00000da3  1054 0001:00000daa  1055 0001:00000daf
  1062 0001:00000db1  1064 0001:00000db9  1070 0001:00000dbb  1072 0001:00000dc3
  1083 0001:00000dc5  1034 0001:00000dcf  1204 0001:00000dd3  1207 0001:00000ddc
  1213 0001:00000de6  1209 0001:00000deb  1093 0001:00000df0  1095 0001:00000df3
  1103 0001:00000df5  1104 0001:00000dfd  1117 0001:00000dff  1118 0001:00000e07
  1125 0001:00000e09  1126 0001:00000e0c  1132 0001:00000e0e  1133 0001:00000e16
  1138 0001:00000e18  1139 0001:00000e1b   987 0001:00000e1d  1042 0001:00000e5d
  1043 0001:00000e60  1038 0001:00000e65  1039 0001:00000e68  1034 0001:00000e6d
  1035 0001:00000e70  1046 0001:00000e75  1047 0001:00000e78   987 0001:00000e7d
  1108 0001:00000ea9  1110 0001:00000ec0  1121 0001:00000ec5  1122 0001:00000ecd
   987 0001:00000ed2  1030 0001:00000eef  1031 0001:00000ef4   987 0001:00000ef9
  1213 0001:00000f15  1199 0001:00000f1a  1147 0001:00000f1c  1156 0001:00000f22
  1157 0001:00000f27  1158 0001:00000f2c  1160 0001:00000f31  1163 0001:00000f36
  1211 0001:00000f3b  1213 0001:00000f54  1214 0001:00000f57  1223 0001:00000ff0
  1229 0001:00001003  1302 0001:0000102c  1303 0001:0000102e  1304 0001:00001042
  1281 0001:00001047  1283 0001:0000104d  1284 0001:00001052  1391 0001:00001063
  1392 0001:00001065  1287 0001:00001073  1295 0001:00001082  1297 0001:00001085
  1289 0001:0000109b  1391 0001:000010a0  1392 0001:000010a2  1267 0001:000010b0
  1268 0001:000010b5  1270 0001:000010c6  1276 0001:000010cf  1278 0001:000010da
  1229 0001:000010df  1381 0001:00001101  1386 0001:00001107  1387 0001:0000110c
  1391 0001:00001122  1392 0001:00001124  1316 0001:00001132  1318 0001:00001136
  1333 0001:0000114c  1334 0001:00001150  1330 0001:00001152  1331 0001:00001156
  1327 0001:00001158  1328 0001:0000115c  1324 0001:0000115e  1325 0001:00001162
  1321 0001:00001164  1342 0001:00001168  1344 0001:0000116e  1372 0001:00001173
  1373 0001:0000117f  1391 0001:00001190  1392 0001:00001192  1348 0001:000011a0
  1361 0001:000011a9  1367 0001:000011ab  1368 0001:000011bc  1370 0001:000011c6
  1238 0001:000011cb  1239 0001:000011dc  1241 0001:000011e7  1242 0001:000011fc
  1391 0001:00001201  1392 0001:00001203  1243 0001:00001211  1245 0001:0000121c
  1246 0001:00001221  1391 0001:00001224  1392 0001:00001226  1250 0001:00001234
  1252 0001:0000124a  1256 0001:0000125d  1258 0001:0000126c  1260 0001:00001276
  1262 0001:00001285  1391 0001:00001289  1392 0001:0000128b  2371 0001:000012a0
  2372 0001:000012bc  2380 0001:000012c5  2390 0001:000012cf  2392 0001:000012da
  2393 0001:000012df  2395 0001:000012e7  2397 0001:000012e9  2398 0001:000012ec
  2401 0001:000012f2  2409 0001:000012fb  2410 0001:00001302  2416 0001:0000130d
  2420 0001:00001324  2421 0001:0000133c  2422 0001:00001349  2403 0001:0000135b
  2404 0001:0000135f  2405 0001:00001366  2430 0001:0000137e  2432 0001:00001397
  2436 0001:000013a0  2438 0001:000013a4  2440 0001:000013b2  2441 0001:000013b4
  2443 0001:000013bf  2444 0001:000013c1  2371 0001:000013d0  2432 0001:000013db
  2371 0001:000013f0  2418 0001:000013fb  2468 0001:00001510  2473 0001:00001525
  2475 0001:0000152a  2476 0001:0000153d  2477 0001:00001551  2482 0001:0000155f
  2484 0001:00001564  2485 0001:0000156a  2486 0001:00001571  2489 0001:00001579
  2490 0001:0000157e  2492 0001:00001587  2493 0001:0000158c  2494 0001:00001597
  2480 0001:000015a3  2482 0001:000015a6  2501 0001:000015b0  2511 0001:000015bc
  2512 0001:000015cc  2513 0001:000015d8  2514 0001:000015e4  2517 0001:000015e9
  2511 0001:000015f6  2512 0001:00001602  2513 0001:0000160e  2514 0001:0000161a
  2525 0001:0000161f  2526 0001:0000162b  2527 0001:00001636  2528 0001:00001642
  2531 0001:0000164d  2525 0001:0000165d  2526 0001:00001669  2527 0001:00001674
  2528 0001:00001680  2547 0001:00001685  2555 0001:00001690  2556 0001:0000169c
  2560 0001:000016a8  2558 0001:000016b5  2560 0001:000016b8  2558 0001:000016bd
  2563 0001:000016bf  2565 0001:000016ca  2566 0001:000016d7  2568 0001:000016db
  2578 0001:000016f0  2579 0001:000016f8  2581 0001:00001704  2583 0001:00001712
  2584 0001:00001729  2587 0001:00001730  2665 0001:00001740  2684 0001:00001748
  2686 0001:00001780  2692 0001:00001793  2694 0001:000017ab  2665 0001:000017c0
  2688 0001:000017c9  2701 0001:00001860  2703 0001:0000186a  2704 0001:0000186e
  2705 0001:00001873  2706 0001:00001876  2707 0001:00001879  2708 0001:0000188b
  2711 0001:00001898  2712 0001:0000189c  2713 0001:000018a3  2714 0001:000018a9
  2715 0001:000018ac  2716 0001:000018af  2717 0001:000018b5  2718 0001:000018bb
  2719 0001:000018c2  2720 0001:000018c8  2721 0001:000018da  2729 0001:000018f0
  2734 0001:000018fd  2736 0001:00001904  2737 0001:00001914  2738 0001:00001927
  2740 0001:00001937  2743 0001:0000193d  2744 0001:0000194e  2747 0001:00001953
  2748 0001:00001963  2751 0001:00001967  2752 0001:00001978  2761 0001:0000197d
  2770 0001:000019a7  2771 0001:000019c9  2774 0001:000019cd  2775 0001:000019de
  2778 0001:000019e0  2779 0001:000019f5  2782 0001:000019f9  2783 0001:00001a0a
  2786 0001:00001a0c  2787 0001:00001a17  2790 0001:00001a1b  2795 0001:00001a33
  2805 0001:00001cc0  2803 0001:00001cc0  2807 0001:00001cc3  2813 0001:00001cc8
  2817 0001:00001ccd  2820 0001:00001cdb  2821 0001:00001cdf  2827 0001:00001ce3
  2829 0001:00001ce9  2833 0001:00001cf1  2834 0001:00001cf9  2836 0001:00001d01
   621 0001:00001fa0   627 0001:00001fa9   628 0001:00001fad   629 0001:00001fb4
   639 0001:00001fb8   653 0001:00001fc5   654 0001:00001fcd   656 0001:00001fd5
   657 0001:00001fdd  2459 0001:00001ff0  2460 0001:00001ff8  2461 0001:00001ffd
  2462 0001:00002014  2461 0001:0000201a  2462 0001:00002027  2600 0001:00002030
  2615 0001:00002049  2617 0001:00002138  2618 0001:00002147  2623 0001:00002150
  2624 0001:00002155  2625 0001:00002159  2626 0001:0000215d  2627 0001:00002161
  2628 0001:00002165  2633 0001:00002171  2634 0001:0000218e  2635 0001:0000219d
  2636 0001:000021ad  2637 0001:000021bd  2638 0001:000021c5  2644 0001:000021c9
  2646 0001:000021dc  2649 0001:000021e6  2652 0001:000021ea  2653 0001:000021ec
   576 0001:00002200   581 0001:00002208   583 0001:00002220   587 0001:00002224
   591 0001:00002230   593 0001:00002238   601 0001:00002240  1401 0001:000022d0
  1410 0001:000022e3  1419 0001:0000235f  1421 0001:00002376  1426 0001:0000238d
  1429 0001:000023a7  1653 0001:000023b1  1432 0001:000023bb  1440 0001:000023c5
  1441 0001:000023cc  1445 0001:000023de  1446 0001:00002408  1447 0001:00002411
  1449 0001:00002416  1450 0001:0000242e  1453 0001:00002438  1454 0001:0000244d
  1455 0001:00002454  1456 0001:0000245c  1457 0001:00002461  1459 0001:00002466
  1460 0001:0000247e  1470 0001:00002488  1479 0001:000024ac  1481 0001:000024b6
  1482 0001:000024c4  1483 0001:000024cd  1488 0001:000024d6  1495 0001:000024f3
  1500 0001:00002522  1504 0001:00002529  1509 0001:0000255d  1515 0001:00002569
  1517 0001:00002573  1519 0001:0000257b  1500 0001:00002597  1531 0001:0000259c
  1535 0001:000025a6  1538 0001:000025b0  1540 0001:000025bc  1546 0001:000025d8
  1554 0001:000025e2  1557 0001:00002605  1564 0001:0000260f  1569 0001:00002619
  1573 0001:00002631  1582 0001:00002638  1584 0001:0000264e  1585 0001:00002656
  1586 0001:00002665  1588 0001:0000267e  1590 0001:0000268d  1593 0001:00002697
  1557 0001:0000269d  1644 0001:000026a2  1598 0001:000026b8  1607 0001:000026bc
  1608 0001:000026c4  1610 0001:000026c9  1614 0001:000026d8  1616 0001:00002701
  1618 0001:0000270e  1621 0001:0000271f  1625 0001:0000272e  1629 0001:0000273d
  1633 0001:00002748  1639 0001:0000274f  1647 0001:00002753  1650 0001:00002757
  1654 0001:0000275c  1401 0001:00002770  1635 0001:00002781  1662 0001:000028b0
  1663 0001:000028ca  1665 0001:000028da  1668 0001:000028df  1670 0001:000028e6
  1671 0001:000028e9  1673 0001:000028ed  1691 0001:00002902  2348 0001:0000292e
  2349 0001:00002939  2350 0001:00002944  1698 0001:00002949  1703 0001:0000297e
  1706 0001:00002985  1707 0001:0000299c  1709 0001:000029a0  1711 0001:000029a5
  1712 0001:000029bd  1714 0001:000029c8  1720 0001:000029cd  1723 0001:000029d4
  1725 0001:000029de  1730 0001:000029e9  1732 0001:000029f0  1734 0001:000029f8
  1736 0001:000029fd  1737 0001:00002a15  1740 0001:00002a20  1746 0001:00002a25
  1749 0001:00002a2c  1750 0001:00002a35  1752 0001:00002a3d  1754 0001:00002a42
  1755 0001:00002a5a  1758 0001:00002a65  1763 0001:00002a6a  1767 0001:00002a82
  1771 0001:00002a9d  1772 0001:00002aa7  1776 0001:00002abf  1809 0001:00002ac7
  1812 0001:00002b9a  1814 0001:00002ba2  1836 0001:00002ba7  1840 0001:00002bb2
  1842 0001:00002bb6  1844 0001:00002bd3  1845 0001:00002bdc  1846 0001:00002be6
  1849 0001:00002bf0  1851 0001:00002bfb  1852 0001:00002c13  1853 0001:00002c1e
  1856 0001:00002c23  1857 0001:00002c39  1858 0001:00002c4e  1859 0001:00002c63
  1861 0001:00002c73  1863 0001:00002c83  1865 0001:00002c87  1867 0001:00002c8f
  1869 0001:00002c93  1871 0001:00002c98  1872 0001:00002cb0  1875 0001:00002cbb
  1881 0001:00002cc0  1885 0001:00002ccb  1887 0001:00002ccf  1889 0001:00002cec
  1890 0001:00002cf5  1891 0001:00002cff  1893 0001:00002d06  1894 0001:00002d1c
  1895 0001:00002d31  1896 0001:00002d46  1898 0001:00002d56  1900 0001:00002d66
  1902 0001:00002d6a  1904 0001:00002d72  1906 0001:00002d76  1908 0001:00002d7b
  1909 0001:00002d93  1912 0001:00002d9e  1918 0001:00002da3  1920 0001:00002daa
  1921 0001:00002dae  1922 0001:00002db8  1924 0001:00002dc2  1926 0001:00002dc7
  1927 0001:00002ddf  1929 0001:00002dea  1935 0001:00002def  1937 0001:00002df6
  1938 0001:00002dfa  1939 0001:00002e01  1943 0001:00002e07  1945 0001:00002e10
  1949 0001:00002e1a  1953 0001:00002e27  1955 0001:00002e34  1957 0001:00002e4a
  1958 0001:00002e4e  1960 0001:00002e55  1962 0001:00002e5d  1964 0001:00002e67
  1966 0001:00002e6c  1967 0001:00002e84  1970 0001:00002e8f  1977 0001:00002e94
  1979 0001:00002ea4  1983 0001:00002eaa  1986 0001:00002ebf  1988 0001:00002ec9
  1990 0001:00002ed3  1992 0001:00002ed5  1993 0001:00002eed  1996 0001:00002ef8
  2001 0001:00002efa  2002 0001:00002f12  2007 0001:00002f1d  2008 0001:00002f28
  2122 0001:00002f2d  2126 0001:00002f36  2127 0001:00002f4e  2128 0001:00002f59
  2130 0001:00002f5d  2132 0001:00002f62  2136 0001:00002f9b  2137 0001:00002fb3
  2138 0001:00002fbe  2140 0001:00002fc2  2144 0001:00002fcd  2145 0001:00002fe5
  2146 0001:00002ff0  2148 0001:00002ff4  2152 0001:0000300f  2167 0001:00003017
  2177 0001:00003033  2179 0001:0000306f  2181 0001:00003080  2187 0001:00003093
  2188 0001:000030ab  2189 0001:000030be  2192 0001:000030c4  2196 0001:000030e4
  2212 0001:000030ec  2222 0001:00003108  2224 0001:00003141  2226 0001:00003152
  2232 0001:00003162  2233 0001:0000317a  2234 0001:0000318d  2237 0001:00003193
  2242 0001:0000319d  2243 0001:000031b5  2244 0001:000031b9  2247 0001:000031c4
  2248 0001:000031c9  2249 0001:000031cd  2250 0001:000031cf  2252 0001:000031d3
  2253 0001:000031de  2021 0001:000031e3  2024 0001:000031e6  2026 0001:000031ee
  2030 0001:000031f7  2031 0001:0000320f  2032 0001:0000321a  2033 0001:0000321e
  2034 0001:00003229  2038 0001:0000322e  2042 0001:00003264  2043 0001:0000327c
  2044 0001:00003287  2045 0001:0000328b  2046 0001:00003296  2048 0001:0000329b
  2052 0001:000032a1  2053 0001:000032b9  2054 0001:000032c4  2055 0001:000032c8
  2056 0001:000032d3  2063 0001:000032d8  2065 0001:000032db  2069 0001:000032f1
  2072 0001:0000331a  2075 0001:00003322  2077 0001:00003331  2081 0001:00003336
  2082 0001:00003347  2089 0001:0000334c  2092 0001:0000335b  2094 0001:0000337e
  2095 0001:00003389  2096 0001:0000338f  2097 0001:0000339a  2100 0001:0000339d
  2102 0001:000033ac  2108 0001:000033b5  2109 0001:000033cd  2110 0001:000033d8
  2111 0001:000033dc  2112 0001:000033e7  2320 0001:000033ec  1673 0001:0000343c
  2320 0001:0000343e  2321 0001:00003441  2323 0001:00003446  2324 0001:0000344c
  2325 0001:00003454  2326 0001:00003460  2327 0001:0000346a  2329 0001:00003472
  2333 0001:00003474  2334 0001:0000348c  2335 0001:00003497  2338 0001:0000349b
  2339 0001:000034a6  2261 0001:000034ab  2269 0001:000034ae  1673 0001:000034fe
  2269 0001:00003500  2270 0001:00003503  2272 0001:00003508  2274 0001:0000351a
  2275 0001:00003522  2276 0001:00003529  2279 0001:0000352c  2281 0001:00003531
  2282 0001:00003538  2283 0001:0000353e  2285 0001:00003542  2289 0001:00003544
  2290 0001:0000355c  2291 0001:00003567  2294 0001:0000356b  2296 0001:00003573
  2300 0001:00003575  2301 0001:0000358d  2302 0001:00003598  2305 0001:0000359c
  2354 0001:000035a7  1678 0001:000035ac  1680 0001:000035b2  1681 0001:000035bd
  1685 0001:000035c1  1686 0001:000035c9  1687 0001:000035d4  2355 0001:000035d6
  1662 0001:00003640  2228 0001:00003656  1662 0001:00003680  2183 0001:00003696
   705 0001:000042c0   711 0001:000042d9   719 0001:000042db   721 0001:000042e6
   723 0001:000042eb   724 0001:000042f0   726 0001:000042f5   732 0001:00004303
   735 0001:0000431d   736 0001:00004322   739 0001:00004327   740 0001:00004332
   741 0001:00004336   742 0001:0000433a   743 0001:0000433e   749 0001:00004342
   751 0001:00004348   757 0001:00004350   749 0001:00004354   765 0001:0000435a
   768 0001:00004373   769 0001:00004378   777 0001:0000437d   781 0001:00004391
   782 0001:00004396   800 0001:0000439b   798 0001:000043a1   800 0001:000043e5
   804 0001:000043e9   805 0001:000043ee   807 0001:000043f3   826 0001:00004415
   824 0001:0000441b   826 0001:00004459   830 0001:0000445d   831 0001:00004462
   833 0001:00004467   841 0001:0000447f   845 0001:00004496   846 0001:0000449b
   852 0001:000044a0   858 0001:000044b8   860 0001:000044ba   874 0001:000044c0
   876 0001:000044ec   880 0001:000044ee   884 0001:000044f0   909 0001:000044f7
   910 0001:000044fc   912 0001:00004502   913 0001:00004510   916 0001:0000451f
   927 0001:0000452b   919 0001:00004533   934 0001:00004538   935 0001:00004543
   936 0001:0000454d   937 0001:00004558   938 0001:0000455d   940 0001:0000456a
   941 0001:0000456e   943 0001:00004576   944 0001:00004578   286 0001:00004600
   290 0001:0000460f   295 0001:00004612   304 0001:00004615   306 0001:00004631
   310 0001:00004636   572 0001:0000463b   313 0001:0000464b   319 0001:0000464d
   321 0001:0000465c   324 0001:0000465f   340 0001:00004665   346 0001:0000468a
   347 0001:00004691   348 0001:00004695   349 0001:00004699   355 0001:0000469d
   356 0001:000046a4   364 0001:000046ab   365 0001:000046be   377 0001:000046c5
   378 0001:000046cc   379 0001:000046d0   381 0001:000046d4   382 0001:000046ec
   385 0001:000046f3   386 0001:000046fb   572 0001:000046ff   393 0001:0000470f
   394 0001:00004729   395 0001:0000474e   397 0001:0000475a   404 0001:00004768
   407 0001:00004780   437 0001:00004784   438 0001:0000478f   439 0001:00004797
   572 0001:00004799   412 0001:000047a9   413 0001:000047c3   414 0001:000047e2
   416 0001:000047e9   424 0001:000047f7   435 0001:000047fb   444 0001:00004816
   446 0001:00004830   447 0001:0000484f   449 0001:00004856   451 0001:00004860
   452 0001:00004863   454 0001:0000486a   455 0001:00004875   456 0001:00004877
   463 0001:0000487a   465 0001:00004894   466 0001:000048b3   468 0001:000048ba
   470 0001:000048c4   472 0001:000048ca   473 0001:000048ce   482 0001:000048d2
   484 0001:000048ec   485 0001:0000490b   487 0001:00004912   489 0001:0000491c
   491 0001:00004922   500 0001:00004925   503 0001:0000493f   504 0001:0000495e
   506 0001:00004965   508 0001:0000496f   510 0001:00004985   511 0001:00004997
   517 0001:000049a2   526 0001:000049ad   527 0001:000049b2   540 0001:000049bf
   548 0001:000049d7   551 0001:000049ec   549 0001:000049ef   551 0001:000049f3
   552 0001:000049f8   572 0001:000049fa   556 0001:00004a0a   558 0001:00004a13
   559 0001:00004a2b   560 0001:00004a33   561 0001:00004a3b   564 0001:00004a45
   567 0001:00004a49   568 0001:00004a4e   571 0001:00004a56   572 0001:00004a58
Line numbers for objfre_wnet_AMD64\amd64\tapdrvr.obj(c:\development\leafnets\engineering\software\client\windows\p2p\code\exsrc\tap-win32\openvpn-2.0.9\tap-win32\tapdrvr.c) segment INIT

   146 0005:00000000   147 0005:0000000c   156 0005:00000011   166 0005:00000027
   176 0005:00000034   178 0005:00000047   184 0005:00000050   185 0005:00000053
   186 0005:00000057   187 0005:00000062   188 0005:0000006d   189 0005:00000078
   190 0005:00000083   191 0005:0000008e   192 0005:00000099   196 0005:000000a4
   227 0005:000000d5   242 0005:000000e4   244 0005:000000ef   245 0005:000000f3
   249 0005:00000107   250 0005:00000109   247 0005:00000113   249 0005:0000011b
   250 0005:0000011d

Line numbers for objfre_wnet_AMD64\amd64\tapdrvr.obj(c:\development\leafnets\engineering\software\client\windows\p2p\code\exsrc\tap-win32\openvpn-2.0.9\tap-win32\instance.c) segment .text

    52 0001:00000930    58 0001:00000935    63 0001:0000096b    67 0001:00000970
    69 0001:00000974    70 0001:00000987    73 0001:0000098c    74 0001:000009a0
    73 0001:000009a5    75 0001:000009af    79 0001:000009b1    78 0001:000009b6
    79 0001:000009b8   142 0001:000009c0   143 0001:000009c4   146 0001:000009d0
   147 0001:000009da   149 0001:000009e5   153 0001:000009f0   155 0001:000009fe
   156 0001:00000a01   157 0001:00000a0d   161 0001:00000a1b   165 0001:00000a5f
   166 0001:00000a6b   169 0001:00000a70   170 0001:00000a74   171 0001:00000a7a
   172 0001:00000a7d   174 0001:00000a80   177 0001:00000a85   178 0001:00000a88
   182 0001:00000aa0   184 0001:00000aae   185 0001:00000ab1   187 0001:00000acb
   191 0001:00000b0d   192 0001:00000b0f   194 0001:00000b17   205 0001:00000b1d
   192 0001:00000b20   194 0001:00000b28   197 0001:00000b2a   196 0001:00000b2d
   197 0001:00000b32   198 0001:00000b35   199 0001:00000b37   200 0001:00000b3a
   201 0001:00000b48   202 0001:00000b55   207 0001:00000b58   210 0001:00000b5d
   211 0001:00000b60   215 0001:00000b70   217 0001:00000b7e   218 0001:00000b80
   220 0001:00000b93   224 0001:00000bd7   225 0001:00000bda   227 0001:00000be2
   239 0001:00000bef   225 0001:00000bf2   227 0001:00000bfa   230 0001:00000bfc
   232 0001:00000c01   233 0001:00000c07   234 0001:00000c0d   236 0001:00000c10
   241 0001:00000c17   244 0001:00000c1c   245 0001:00000c1f

Line numbers for objfre_wnet_AMD64\amd64\tapdrvr.obj(c:\development\leafnets\engineering\software\client\windows\p2p\code\exsrc\tap-win32\openvpn-2.0.9\tap-win32\dhcp.c) segment .text

    35 0001:00000420    36 0001:0000042c    38 0001:00000432    40 0001:0000043e
    42 0001:00000442    43 0001:00000455    51 0001:00000457    48 0001:0000045e
    51 0001:00000462    55 0001:00000470    57 0001:00000474    58 0001:00000478
    59 0001:00000488    63 0001:00000490    65 0001:00000494    66 0001:00000498
    67 0001:0000049d    68 0001:000004a2    69 0001:000004b2    73 0001:000004c0
    75 0001:000004c4    76 0001:000004c8    77 0001:000004cd    78 0001:000004d2
    79 0001:000004e2    87 0001:000004f0    89 0001:000004f3    94 0001:000004f6
    89 0001:000004fd    96 0001:00000507    95 0001:0000050b    96 0001:0000050f
    95 0001:00000517    96 0001:00000519    94 0001:0000051c   100 0001:00000526
   101 0001:00000533   100 0001:00000539   104 0001:00000541   105 0001:00000548
   112 0001:00000550   114 0001:0000055a   119 0001:0000055d   120 0001:00000563
   121 0001:00000573   120 0001:00000577   121 0001:0000057e   119 0001:00000584
   125 0001:0000058f   127 0001:00000597   126 0001:0000059b   127 0001:0000059f
   126 0001:000005a7   127 0001:000005a9   125 0001:000005ac   131 0001:000005b6
   130 0001:000005ba   131 0001:000005be   130 0001:000005c6   131 0001:000005c8
   129 0001:000005cb   135 0001:000005d5   138 0001:000005dd   139 0001:000005e9
   138 0001:000005ed   142 0001:000005f4   143 0001:000005f6   151 0001:00000600
   153 0001:00000608   159 0001:0000061e   160 0001:0000063f   172 0001:00000650
   168 0001:00000650   174 0001:00000657   175 0001:00000662   176 0001:0000066a
   178 0001:00000670   180 0001:00000675   191 0001:0000067b   193 0001:00000680
   194 0001:00000684   172 0001:00000694   198 0001:0000069d   199 0001:000006a2
   182 0001:000006a3   184 0001:000006a8   185 0001:000006b9   199 0001:000006c8
   207 0001:000006d0   209 0001:000006d5   213 0001:000006f2   214 0001:00000713
   218 0001:00000715   219 0001:00000748   223 0001:0000074a   227 0001:00000767
   228 0001:00000770   231 0001:00000772   235 0001:0000078c   210 0001:0000078f
   235 0001:00000791   252 0001:000007a0   255 0001:000007b8   258 0001:000007ed
   261 0001:00000802   260 0001:00000808   261 0001:0000080b   260 0001:00000810
   263 0001:00000812   265 0001:0000081c   269 0001:00000828   270 0001:0000082c
   271 0001:00000830   272 0001:00000846   273 0001:0000084c   274 0001:00000852
   275 0001:00000856   276 0001:0000085a   277 0001:00000860   279 0001:0000086b
   280 0001:00000870   281 0001:00000877   282 0001:00000879   286 0001:00000881
   287 0001:0000088d   288 0001:00000899   289 0001:000008a6   293 0001:000008ac
   294 0001:000008b0   295 0001:000008b4   296 0001:000008b8   297 0001:000008bc
   298 0001:000008ca   299 0001:000008d0   300 0001:000008d6   302 0001:000008db
   303 0001:000008e1   304 0001:000008e4   305 0001:000008e6   307 0001:000008ee
   308 0001:000008f9   309 0001:000008fc   310 0001:0000090d   311 0001:0000091a
   323 0001:00001d10   326 0001:00001d2a   332 0001:00001d3d   334 0001:00001d50
   341 0001:00001d59   344 0001:00001d69   346 0001:00001d7e   349 0001:00001d88
   352 0001:00001da0   357 0001:00001db2   361 0001:00001dca   363 0001:00001dd7
   373 0001:00001ddd   375 0001:00001e16   384 0001:00001e1e   391 0001:00001e33
   393 0001:00001e3e   410 0001:00001e50   415 0001:00001e69   419 0001:00001ea4
   454 0001:00001eba   422 0001:00001ec8   425 0001:00001ed4   426 0001:00001ed7
   429 0001:00001edd   430 0001:00001ee5   436 0001:00001eeb   439 0001:00001f09
   440 0001:00001f26   443 0001:00001f28   446 0001:00001f50   447 0001:00001f55
   416 0001:00001f5c   454 0001:00001f5f   450 0001:00001f6d   451 0001:00001f7a
   416 0001:00001f81   454 0001:00001f83

Line numbers for objfre_wnet_AMD64\amd64\tapdrvr.obj(c:\development\leafnets\engineering\software\client\windows\p2p\code\exsrc\tap-win32\openvpn-2.0.9\tap-win32\macinfo.c) segment .text

    36 0001:00000220    33 0001:00000220    37 0001:0000022a    44 0001:0000022d
    38 0001:0000022e    39 0001:00000238    44 0001:0000023b    40 0001:0000023c
    41 0001:00000246    44 0001:00000249    43 0001:0000024a    44 0001:0000024c
    48 0001:00000250    50 0001:00000265    51 0001:0000026b    52 0001:0000026e
    57 0001:00000277    59 0001:00000282    61 0001:0000028f    67 0001:0000029e
    69 0001:000002bc    70 0001:000002c5    74 0001:000002ca    72 0001:000002cd
    74 0001:000002d2    75 0001:000002d6    78 0001:000002d9    80 0001:000002db
    81 0001:000002e7    82 0001:000002ea    83 0001:000002ed    89 0001:000002f0
    63 0001:000002f2    64 0001:000002f4    65 0001:000002f7    59 0001:000002fa
    93 0001:00000303    94 0001:00000310    90 0001:00000320    94 0001:00000322
   116 0001:00000340   119 0001:00000353   120 0001:00000359   121 0001:0000035b
   122 0001:0000035d   124 0001:00000360   126 0001:0000036b   127 0001:0000036e
   129 0001:00000373   131 0001:00000382   133 0001:00000388   134 0001:0000038c
   135 0001:0000038e   137 0001:000003ac   138 0001:000003b4   140 0001:000003b9
   141 0001:000003bc   142 0001:000003be   143 0001:000003c9   145 0001:000003cc
   147 0001:000003ce   148 0001:000003d0   129 0001:000003d3   152 0001:000003d9
   155 0001:000003f0   156 0001:000003fc   157 0001:00000408   158 0001:0000040c

Line numbers for objfre_wnet_AMD64\amd64\tapdrvr.obj(c:\development\leafnets\engineering\software\client\windows\p2p\code\exsrc\tap-win32\openvpn-2.0.9\tap-win32\mem.c) segment .text

    35 0001:00000000    36 0001:0000000c    38 0001:00000013    43 0001:00000017
    45 0001:0000002e    46 0001:00000033    48 0001:00000040    49 0001:00000047
    48 0001:0000004e    53 0001:00000055    57 0001:00000057    58 0001:0000005a
    35 0001:00000070    51 0001:0000007b    62 0001:00000090    63 0001:00000094
    70 0001:0000009d    76 0001:000000a8    62 0001:000000b0    72 0001:000000b8
   106 0001:000000d0   110 0001:000000d7   111 0001:000000e5   118 0001:000000ea
   114 0001:000000f0   115 0001:000000f7   116 0001:000000fa   118 0001:000000fd
   122 0001:00000110   123 0001:00000114   126 0001:00000119   128 0001:00000128
   135 0001:00000130   132 0001:00000130   136 0001:0000013c   143 0001:0000013e
   138 0001:0000013f   139 0001:00000149   140 0001:00000150   141 0001:00000157
   142 0001:0000015f   143 0001:00000162   150 0001:00000170   147 0001:00000170
   157 0001:00000177   152 0001:00000178   153 0001:0000017b   154 0001:0000018f
   155 0001:00000195   156 0001:0000019d   157 0001:000001a5   161 0001:000001b0
   164 0001:000001b5   165 0001:000001b8   166 0001:000001be   167 0001:000001c1
   164 0001:000001c5   169 0001:000001cd   171 0001:000001da   172 0001:000001de
   174 0001:000001e1   176 0001:000001e3   177 0001:000001eb   179 0001:000001fa
   167 0001:00000209   181 0001:0000020f   182 0001:00000214   185 0001:00000217
   184 0001:0000021a   185 0001:0000021c

Line numbers for C:\WINDDK\3790\lib\wnet\amd64\ntstrsafe.lib(d:\srv03rtm\public\ddk\inc\ntstrsafe.h) segment .text

  4975 0001:00004b90  4976 0001:00004bb4  4977 0001:00004bb9  4984 0001:00004bc1
  4986 0001:00004be4  4984 0001:00004be9  4986 0001:00004bf0  4988 0001:00004bf3
  4990 0001:00004bf8  4992 0001:00004c02  4994 0001:00004c07  4997 0001:00004c11
  5001 0001:00004c14  5007 0001:00004c2a  5009 0001:00004c3d  5011 0001:00004c42
  5015 0001:00004c45  5017 0001:00004c4e  5123 0001:00004c57  5021 0001:00004c59
  5033 0001:00004c5e  5035 0001:00004c62  5038 0001:00004c75  5049 0001:00004c81
  5052 0001:00004c83  5053 0001:00004c87  5056 0001:00004c8f  5058 0001:00004c94
  5061 0001:00004ca2  5062 0001:00004ca6  5064 0001:00004cac  5066 0001:00004cba
  5041 0001:00004cd1  5042 0001:00004cd5  5045 0001:00004cd8  5047 0001:00004cdd
  5075 0001:00004cee  5077 0001:00004cf3  5079 0001:00004cfd  5081 0001:00004d10
  5083 0001:00004d12  5084 0001:00004d15  5086 0001:00004d18  5088 0001:00004d1f
  5089 0001:00004d24  5092 0001:00004d27  5096 0001:00004d2c  5098 0001:00004d35
  5100 0001:00004d3a  5101 0001:00004d3d  5104 0001:00004d40  5110 0001:00004d43
  5112 0001:00004d4d  5114 0001:00004d5a  5117 0001:00004d5d  5123 0001:00004d65
  5117 0001:00004d68  5119 0001:00004d6d  5123 0001:00004d72  5124 0001:00004d75
  2824 0001:00004da0  2827 0001:00004db8  2845 0001:00004dc6  2846 0001:00004dcb
  2838 0001:00004dd0  2840 0001:00004dd8  2846 0001:00004e0b

Line numbers for C:\WINDDK\3790\lib\wnet\amd64\ntstrsafe.lib(d:\srv03rtm\base\crts\crtw32\convert\wctomb.c) segment .text

    87 0001:00005930   104 0001:00005939   106 0001:0000593e   177 0001:00005940
   119 0001:00005945   121 0001:00005962   123 0001:00005966   124 0001:00005970
   177 0001:00005975   124 0001:0000597a   177 0001:0000597e

Line numbers for C:\WINDDK\3790\lib\wnet\amd64\ntstrsafe.lib(d:\srv03rtm\base\crts\crtw32\hack\stubs.c) segment .text

    43 0001:000059b0

Line numbers for C:\WINDDK\3790\lib\wnet\amd64\ntstrsafe.lib(d:\srv03rtm\base\crts\crtw32\startup\crt0fp.c) segment .text

    55 0001:00005990    56 0001:00005994    57 0001:0000599e

Line numbers for C:\WINDDK\3790\lib\wnet\amd64\ntstrsafe.lib(d:\srv03rtm\base\crts\crtw32\stdio\_flsbuf.c) segment .text

   153 0001:00004e80   150 0001:00004e80   154 0001:00004e84   293 0001:00004e89

Line numbers for C:\WINDDK\3790\lib\wnet\amd64\ntstrsafe.lib(d:\srv03rtm\base\crts\crtw32\stdio\output.c) segment .text

  1292 0001:00004e90  1293 0001:00004e98  1296 0001:00004ea4  1301 0001:00004ea6
  1303 0001:00004ec7  1306 0001:00004ec9  1305 0001:00004ecf  1306 0001:00004ed2
  1357 0001:00004ee0  1358 0001:00004ef5  1359 0001:00004efc  1360 0001:00004f0b
  1358 0001:00004f10  1363 0001:00004f14  1417 0001:00004f20  1418 0001:00004f34
  1420 0001:00004f45  1428 0001:00004f47  1423 0001:00004f51  1424 0001:00004f58
  1425 0001:00004f69  1423 0001:00004f6e  1428 0001:00004f72  1452 0001:00004f80
  1451 0001:00004f80  1453 0001:00004f8a  1484 0001:00004f90  1485 0001:00004f90
  1486 0001:00004f9b  1512 0001:00004fa0  1511 0001:00004fa0  1513 0001:00004fab
   507 0001:00004fb0   515 0001:00004fd3   516 0001:00004fdb   540 0001:00004fde
   541 0001:00004fe1   542 0001:00004fe9   545 0001:00004fec   546 0001:0000503e
   547 0001:0000505f   550 0001:00005074   572 0001:00005097   573 0001:000050a9
   574 0001:000050ac   575 0001:000050b2   576 0001:000050b6   580 0001:000050bb
   594 0001:000050dd   595 0001:000050e1   582 0001:000050e6   583 0001:000050ea
   585 0001:000050ef   586 0001:000050f3   591 0001:000050f8   592 0001:000050ff
   588 0001:00005104   597 0001:00005108   601 0001:0000510d   603 0001:00005113
   604 0001:00005126   606 0001:0000512e   607 0001:00005132   610 0001:00005138
   612 0001:0000513d   614 0001:0000514c   619 0001:00005151   620 0001:00005154
   624 0001:00005159   626 0001:0000515f   627 0001:0000516f   628 0001:00005178
   630 0001:0000517e   632 0001:00005183   634 0001:00005190   638 0001:00005195
   688 0001:000051b1   689 0001:000051b8   640 0001:000051bd   641 0001:000051c1
   683 0001:000051c6   684 0001:000051ca   651 0001:000051cf   653 0001:000051d2
   655 0001:000051df   656 0001:000051e3   658 0001:000051e6   660 0001:000051f5
   661 0001:000051f9   663 0001:00005200   668 0001:00005205   677 0001:00005235
   560 0001:00005239   561 0001:0000523d   562 0001:00005252   563 0001:00005263
   567 0001:0000526b  1220 0001:0000527c   704 0001:00005286   707 0001:000052be
   711 0001:000052c8   746 0001:000052cf   747 0001:000052d2   746 0001:000052da
   747 0001:000052e1   749 0001:000052e6   752 0001:000052f9   753 0001:000052fe
   754 0001:00005309   758 0001:0000530b   767 0001:00005310   768 0001:00005317
   771 0001:0000531a   878 0001:00005322   774 0001:00005326  1141 0001:0000532e
  1144 0001:00005339  1145 0001:00005344  1147 0001:00005352  1150 0001:00005357
   787 0001:0000535c   788 0001:00005369   793 0001:00005377   797 0001:0000537a
   793 0001:0000537e   797 0001:00005384   793 0001:00005388   795 0001:0000538a
   796 0001:00005395   797 0001:0000539c   798 0001:0000539e   800 0001:000053a4
   790 0001:000053aa   791 0001:000053b1   804 0001:000053cc   808 0001:000053d1
   809 0001:000053db   831 0001:000053e2   832 0001:000053f1   858 0001:00005401
   859 0001:0000540b   861 0001:00005416   862 0001:0000541d   863 0001:00005420
   864 0001:0000542d   863 0001:00005433   865 0001:00005437   867 0001:00005440
   868 0001:00005449   870 0001:00005459   871 0001:00005461   872 0001:0000546d
   871 0001:00005478   873 0001:0000547c   878 0001:00005487   887 0001:0000548c
   897 0001:00005499   898 0001:000054a1   903 0001:000054a5   905 0001:000054aa
   901 0001:000054af   903 0001:000054b2   905 0001:000054b7   910 0001:000054bc
   911 0001:000054c3   910 0001:000054c9   918 0001:000054cd   919 0001:000054d1
   922 0001:000054d9   923 0001:000054de   924 0001:000054e4   925 0001:000054ee
   926 0001:000054f1   929 0001:000054fa   939 0001:00005505   953 0001:0000550b
   955 0001:0000552a   959 0001:00005548   960 0001:00005558   963 0001:00005566
   964 0001:00005570   968 0001:0000557e   969 0001:00005588   970 0001:0000558f
   973 0001:00005597   975 0001:000055b2   980 0001:000055b7   981 0001:000055bb
   982 0001:000055c1   993 0001:000055c3   995 0001:000055c9  1003 0001:000055cc
  1004 0001:000055d1  1008 0001:000055d3  1012 0001:000055dc  1013 0001:000055e2
  1015 0001:000055e9  1016 0001:000055ee  1017 0001:000055f7  1019 0001:000055fc
  1023 0001:000055fe  1024 0001:00005604  1026 0001:0000560b   774 0001:00005612
  1049 0001:00005616  1050 0001:00005619  1049 0001:00005621  1050 0001:00005626
  1051 0001:0000562e  1061 0001:00005630  1062 0001:00005635  1061 0001:00005638
  1062 0001:0000563a  1063 0001:0000563e  1064 0001:00005647  1065 0001:00005649
  1066 0001:00005652  1069 0001:00005654  1070 0001:00005658  1071 0001:00005660
  1072 0001:00005662  1076 0001:0000566a  1077 0001:00005676  1078 0001:00005679
  1084 0001:00005680  1090 0001:00005688  1096 0001:00005690  1097 0001:00005695
  1098 0001:00005698  1099 0001:0000569a  1100 0001:0000569e  1101 0001:000056a7
  1105 0001:000056ad  1111 0001:000056b7  1113 0001:000056c4  1114 0001:000056d4
  1116 0001:000056ec  1118 0001:000056f1  1120 0001:000056f5  1121 0001:000056fb
  1123 0001:000056fd  1124 0001:0000570c  1128 0001:00005710  1129 0001:0000572c
  1130 0001:00005733   800 0001:0000573c  1150 0001:00005749  1152 0001:00005750
  1155 0001:00005755  1157 0001:0000575e  1158 0001:00005763  1164 0001:0000576c
  1168 0001:00005775  1170 0001:0000577c  1174 0001:00005793  1176 0001:000057ac
  1178 0001:000057af  1176 0001:000057b7  1178 0001:000057c2  1183 0001:000057d4
  1188 0001:000057dd  1189 0001:000057e0  1190 0001:000057e3  1191 0001:000057e6
  1192 0001:000057f7  1194 0001:000057fb  1190 0001:00005814   507 0001:00005818
  1218 0001:00005820  1220 0001:00005827  1197 0001:00005840   507 0001:00005855
   545 0001:00005877  1235 0001:00005884  1236 0001:00005887

Line numbers for C:\WINDDK\3790\lib\wnet\amd64\ntstrsafe.lib(d:\srv03rtm\base\crts\crtw32\stdio\vsprintf.c) segment .text

   114 0001:00004e10   125 0001:00004e21   127 0001:00004e29   128 0001:00004e31
   130 0001:00004e3b   131 0001:00004e4d   132 0001:00004e52   135 0001:00004e61
   132 0001:00004e68   134 0001:00004e74   135 0001:00004e76
