Archive member included to satisfy reference by file (symbol)

bin/blib.a(config.o)          (obj_config)
bin/blib.a(bios_console.o)    bin/blib.a(config.o) (obj_bios_console)
bin/blib.a(comboot.o)         bin/blib.a(config.o) (obj_comboot)
bin/blib.a(elfboot.o)         bin/blib.a(config.o) (obj_elfboot)
bin/blib.a(multiboot.o)       bin/blib.a(config.o) (obj_multiboot)
bin/blib.a(pxe_image.o)       bin/blib.a(config.o) (obj_pxe_image)
bin/blib.a(bzimage.o)         bin/blib.a(config.o) (obj_bzimage)
bin/blib.a(com32.o)           bin/blib.a(config.o) (obj_com32)
bin/blib.a(undionly.o)        (obj_undionly)
bin/blib.a(undipreload.o)     bin/blib.a(undionly.o) (preloaded_undi)
bin/blib.a(aoeboot.o)         bin/blib.a(config.o) (obj_aoeboot)
bin/blib.a(iscsiboot.o)       bin/blib.a(config.o) (obj_iscsiboot)
bin/blib.a(ibft.o)            bin/blib.a(iscsiboot.o) (ibft_fill_data)
bin/blib.a(abft.o)            bin/blib.a(aoeboot.o) (abft_fill_data)
bin/blib.a(int13.o)           bin/blib.a(aoeboot.o) (register_int13_drive)
bin/blib.a(keepsan.o)         bin/blib.a(aoeboot.o) (keep_san)
bin/blib.a(pxe_call.o)        bin/blib.a(pxe_image.o) (pxe_activate)
bin/blib.a(comboot_resolv.o)  bin/blib.a(config.o) (obj_comboot_resolv)
bin/blib.a(com32_call.o)      bin/blib.a(config.o) (obj_com32_call)
bin/blib.a(comboot_call.o)    bin/blib.a(comboot.o) (comboot_return)
bin/blib.a(pxe_cmd.o)         bin/blib.a(config.o) (obj_pxe_cmd)
bin/blib.a(x86_string.o)      bin/blib.a(comboot.o) (__memcpy)
bin/blib.a(setjmp.o)          bin/blib.a(comboot.o) (setjmp)
bin/blib.a(virtaddr.o)        bin/blib.a(elfboot.o) (_virt_to_phys)
bin/blib.a(librm.o)           bin/blib.a(pxe_call.o) (rm_cs)
bin/blib.a(kpxeprefix.o)      (obj_kpxeprefix)
bin/blib.a(libprefix.o)       bin/blib.a(kpxeprefix.o) (print_character)
bin/blib.a(pxe_entry.o)       bin/blib.a(pxe_call.o) (ppxe)
bin/blib.a(com32_wrapper.o)   bin/blib.a(config.o) (obj_com32_wrapper)
bin/blib.a(interface.o)       bin/blib.a(comboot_resolv.o) (plug)
bin/blib.a(init.o)            bin/blib.a(elfboot.o) (shutdown)
bin/blib.a(settings.o)        bin/blib.a(ibft.o) (fetch_setting_len)
bin/blib.a(main.o)            bin/blib.a(kpxeprefix.o) (main)
bin/blib.a(vsprintf.o)        bin/blib.a(multiboot.o) (snprintf)
bin/blib.a(posix_io.o)        bin/blib.a(comboot_call.o) (open)
bin/blib.a(console.o)         bin/blib.a(comboot_call.o) (putchar)
bin/blib.a(open.o)            bin/blib.a(posix_io.o) (xfer_open_uri_string)
bin/blib.a(acpi.o)            bin/blib.a(ibft.o) (acpi_fix_checksum)
bin/blib.a(uri.o)             bin/blib.a(settings.o) (uri_encode)
bin/blib.a(device.o)          bin/blib.a(config.o) (obj_device)
bin/blib.a(cpio.o)            bin/blib.a(bzimage.o) (cpio_set_field)
bin/blib.a(misc.o)            bin/blib.a(bzimage.o) (strtoul)
bin/blib.a(process.o)         bin/blib.a(comboot_resolv.o) (step)
bin/blib.a(malloc.o)          bin/blib.a(settings.o) (malloc)
bin/blib.a(ansiesc.o)         bin/blib.a(bios_console.o) (ansiesc_process)
bin/blib.a(exec.o)            bin/blib.a(comboot_call.o) (system)
bin/blib.a(serial.o)          bin/blib.a(comboot_call.o) (serial_putc)
bin/blib.a(timer.o)           bin/blib.a(serial.o) (mdelay)
bin/blib.a(resolv.o)          bin/blib.a(comboot_resolv.o) (null_resolv)
bin/blib.a(iobuf.o)           bin/blib.a(posix_io.o) (free_iob)
bin/blib.a(image.o)           bin/blib.a(comboot_call.o) (alloc_image)
bin/blib.a(string.o)          bin/blib.a(ibft.o) (strcpy)
bin/blib.a(cwuri.o)           bin/blib.a(image.o) (churi)
bin/blib.a(refcnt.o)          bin/blib.a(comboot_call.o) (ref_get)
bin/blib.a(uuid.o)            bin/blib.a(settings.o) (uuid_ntoa)
bin/blib.a(aoe.o)             bin/blib.a(aoeboot.o) (aoe_detach)
bin/blib.a(ipv4.o)            bin/blib.a(ibft.o) (ip_setting)
bin/blib.a(netdevice.o)       bin/blib.a(ipv4.o) (net_devices)
bin/blib.a(retry.o)           bin/blib.a(aoe.o) (start_timer)
bin/blib.a(icmp.o)            bin/blib.a(ipv4.o) (obj_icmp)
bin/blib.a(netdev_settings.o)
                              bin/blib.a(netdevice.o) (netdev_settings_operations)
bin/blib.a(https.o)           bin/blib.a(config.o) (obj_https)
bin/blib.a(iscsi.o)           bin/blib.a(iscsiboot.o) (iscsi_detach)
bin/blib.a(ftp.o)             bin/blib.a(config.o) (obj_ftp)
bin/blib.a(http.o)            bin/blib.a(https.o) (http_open_filter)
bin/blib.a(dns.o)             bin/blib.a(ibft.o) (dns_setting)
bin/blib.a(tftp.o)            bin/blib.a(config.o) (obj_tftp)
bin/blib.a(script.o)          bin/blib.a(config.o) (obj_script)
bin/blib.a(elf.o)             bin/blib.a(elfboot.o) (elf_load)
bin/blib.a(segment.o)         bin/blib.a(comboot.o) (prep_segment)
bin/blib.a(embedded.o)        bin/blib.a(config.o) (obj_embedded)
bin/blib.a(ata.o)             bin/blib.a(aoeboot.o) (init_atadev)
bin/blib.a(scsi.o)            bin/blib.a(iscsi.o) (scsi_detached_command)
bin/blib.a(md5.o)             bin/blib.a(iscsi.o) (md5_algorithm)
bin/blib.a(chap.o)            bin/blib.a(iscsi.o) (chap_init)
[...]
Memory Configuration

Name             Origin             Length             Attributes
*default*        0x0000000000000000 0xffffffffffffffff

Linker script and memory map


.prefix         0x0000000000000000      0x816
                0x0000000000000000                _prefix = .
 *(.prefix)
 .prefix        0x0000000000000000      0x351 bin/blib.a(kpxeprefix.o)
 *(.prefix.*)
 .prefix.data   0x0000000000000351      0x1b4 bin/blib.a(kpxeprefix.o)
 *fill*         0x0000000000000505        0xb 
 .prefix.lib    0x0000000000000510      0x26b bin/blib.a(libprefix.o)
                0x0000000000000510                print_character
                0x000000000000052f                print_message
                0x000000000000053c                print_hex_dword
                0x0000000000000547                print_hex_word
                0x000000000000054e                print_hex_byte
                0x0000000000000557                print_hex_nibble
                0x0000000000000564                print_pci_busdevfn
                0x0000000000000585                print_kill_line
                0x00000000000006c0                alloc_basemem
                0x00000000000006e1                install
                0x00000000000006f9                install_prealloc
 .prefix.lib    0x000000000000077b       0x9b bin/blib.a(unnrv2b16.o)
                0x000000000000077b                decompress16
                0x0000000000000816                _mprefix = .

.bss.prefix     0x0000000000000816        0x0 load address 0x0000000000023720
                0x0000000000000816                _eprefix = .
                0x0000000000000816                _prefix_filesz = ABSOLUTE ((_mprefix - _prefix))
                0x0000000000000816                _prefix_memsz = ABSOLUTE ((_eprefix - _prefix))

.text16         0x0000000000000000      0x814 load address 0x0000000000000820
                0x0000000000000000                _text16 = .
 *(.text16.null)
 .text16.null   0x0000000000000000        0x3 bin/blib.a(pxe_entry.o)
                0x0000000000000004                . = (. + 0x1)
 *fill*         0x0000000000000003        0x1 
 *(.text16)
 .text16        0x0000000000000004       0x2a bin/blib.a(bios_console.o)
 .text16        0x000000000000002e       0x21 bin/blib.a(comboot.o)
 .text16        0x000000000000004f       0x11 bin/blib.a(bzimage.o)
 .text16        0x0000000000000060       0x51 bin/blib.a(int13.o)
 .text16        0x00000000000000b1        0xe bin/blib.a(pxe_call.o)
 .text16        0x00000000000000bf       0xb3 bin/blib.a(com32_call.o)
 .text16        0x0000000000000172       0x6c bin/blib.a(comboot_call.o)
 .text16        0x00000000000001de      0x158 bin/blib.a(librm.o)
                0x00000000000001de                init_librm
                0x000000000000025b                idt_init
                0x00000000000002d0                prot_call
 .text16        0x0000000000000336       0x3d bin/blib.a(kpxeprefix.o)
 .text16        0x0000000000000373       0x30 bin/blib.a(libprefix.o)
                0x0000000000000373                free_basemem
                0x000000000000039f                uninstall
 .text16        0x00000000000003a3       0x65 bin/blib.a(pxe_entry.o)
                0x00000000000003da                pxe_int_1a
 .text16        0x0000000000000408        0x3 bin/blib.a(gateA20.o)
 .text16        0x000000000000040b       0x13 bin/blib.a(memmap.o)
 .text16        0x000000000000041e       0x2b bin/blib.a(bootsector.o)
 .text16        0x0000000000000449        0x5 bin/blib.a(undinet.o)
 .text16        0x000000000000044e        0x5 bin/blib.a(bios_timer.o)
 .text16        0x0000000000000453        0x4 bin/blib.a(bios_nap.o)
 .text16        0x0000000000000457        0xb bin/blib.a(pxeparent.o)
 .text16        0x0000000000000462       0x65 bin/blib.a(undiisr.o)
                0x0000000000000462                undiisr
 .text16        0x00000000000004c7      0x266 bin/blib.a(e820mangler.o)
                0x0000000000000705                int15
 *(.text16.*)
 *fill*         0x000000000000072d        0x3 
 .text16.data   0x0000000000000730        0x4 bin/blib.a(int13.o)
 .text16.data   0x0000000000000734       0x3c bin/blib.a(comboot_call.o)
 .text16.data   0x0000000000000770        0x2 bin/blib.a(librm.o)
                0x0000000000000770                rm_ds
 .text16.data   0x0000000000000772        0x2 bin/blib.a(libprefix.o)
                0x0000000000000772                hooked_bios_interrupts
 *fill*         0x0000000000000774        0xc 
 .text16.data   0x0000000000000780       0x90 bin/blib.a(pxe_entry.o)
                0x0000000000000780                ppxe
                0x00000000000007e0                pxenv
                0x000000000000080c                pxe_int_1a_vector
 .text16.data   0x0000000000000810        0x4 bin/blib.a(e820mangler.o)
                0x0000000000000810                int15_vector
                0x0000000000000814                _mtext16 = .

.bss.text16     0x0000000000000814        0x0 load address 0x0000000000023720
                0x0000000000000814                _etext16 = .
                0x0000000000000814                _text16_filesz = ABSOLUTE ((_mtext16 - _text16))
                0x0000000000000814                _text16_memsz = ABSOLUTE ((_etext16 - _text16))

.data16         0x0000000000000000      0x4b2 load address 0x0000000000001040
                0x0000000000000000                _data16 = .
                0x0000000000000001                . = (. + 0x1)
 *fill*         0x0000000000000000        0x1 
 *(.rodata16)
 *(.rodata16.*)
 *(.data16)
 *fill*         0x0000000000000001        0x3 
 .data16        0x0000000000000004        0xb bin/blib.a(multiboot.o)
 *fill*         0x000000000000000f        0x1 
 .data16        0x0000000000000010       0x60 bin/blib.a(undipreload.o)
                0x0000000000000010                preloaded_undi
 .data16        0x0000000000000070      0x2d0 bin/blib.a(ibft.o)
                0x0000000000000070                ibftab
 .data16        0x0000000000000340       0x2e bin/blib.a(abft.o)
                0x0000000000000340                abftab
 *fill*         0x000000000000036e        0x2 
 .data16        0x0000000000000370       0x27 bin/blib.a(comboot_call.o)
 *fill*         0x0000000000000397        0x9 
 .data16        0x00000000000003a0       0x52 bin/blib.a(librm.o)
                0x00000000000003d8                idtr
                0x00000000000003e0                rm_cs
 .data16        0x00000000000003f2        0x8 bin/blib.a(libprefix.o)
 *fill*         0x00000000000003fa        0x2 
 .data16        0x00000000000003fc       0x51 bin/blib.a(undinet.o)
                0x0000000000000444                undiisr_trigger_count
                0x0000000000000448                undiisr_next_handler
                0x000000000000044c                undiisr_irq
 *fill*         0x000000000000044d        0x3 
 .data16        0x0000000000000450        0x4 bin/blib.a(pxe_file.o)
                0x0000000000000450                pxe_exit_hook
 .data16        0x0000000000000454       0x10 bin/blib.a(undiisr.o)
 *fill*         0x0000000000000464        0xc 
 .data16        0x0000000000000470       0x42 bin/blib.a(e820mangler.o)
                0x0000000000000478                hidemem_base
                0x0000000000000488                hidemem_umalloc
                0x0000000000000498                hidemem_textdata
 *(.data16.*)
                0x00000000000004b2                _mdata16 = .

.bss.data16     0x00000000000004b8     0x2988 load address 0x0000000000023720
 *(.bss16)
 .bss16         0x00000000000004b8      0x398 bin/blib.a(multiboot.o)
 .bss16         0x0000000000000850       0x38 bin/blib.a(com32_call.o)
                0x0000000000000850                com32_saved_sp
 .bss16         0x0000000000000888       0x18 bin/blib.a(memmap.o)
 .bss16         0x00000000000008a0      0xec4 bin/blib.a(pxe_preboot.o)
 .bss16         0x0000000000001764       0xa2 bin/blib.a(pxeparent.o)
                0x0000000000001764                pxeparent_entry_point
 *fill*         0x0000000000001806        0x2 
 .bss16         0x0000000000001808      0x5ea bin/blib.a(basemem_packet.o)
                0x0000000000001808                basemem_packet
 .bss16         0x0000000000001df2       0x48 bin/blib.a(e820mangler.o)
 *(.bss16.*)
 *(.stack16)
 *fill*         0x0000000000001e3a        0x6 
 .stack16       0x0000000000001e40     0x1000 bin/blib.a(stack16.o)
                0x0000000000001e40                _stack16
                0x0000000000002e40                _estack16
 *(.stack16.*)
                0x0000000000002e40                _edata16 = .
                0x00000000000004b2                _data16_filesz = ABSOLUTE ((_mdata16 - _data16))
                0x0000000000002e40                _data16_memsz = ABSOLUTE ((_edata16 - _data16))

.textdata       0x0000000000000000    0x221d8 load address 0x0000000000001500
                0x0000000000000000                _textdata = .
 *(.text.null_trap)
                0x0000000000000001                . = (. + 0x1)
 *fill*         0x0000000000000000        0x1 
 *(.text)
 .text          0x0000000000000001        0x0 bin/blib.a(config.o)
 .text          0x0000000000000001      0x174 bin/blib.a(bios_console.o)
 .text          0x0000000000000175      0x1b9 bin/blib.a(comboot.o)
 .text          0x000000000000032e       0x69 bin/blib.a(elfboot.o)
 .text          0x0000000000000397      0x3d5 bin/blib.a(multiboot.o)
                0x00000000000004b3                multiboot_add_cmdline
 .text          0x000000000000076c       0x7a bin/blib.a(pxe_image.o)
                0x0000000000000792                pxe_load
 .text          0x00000000000007e6      0x5ce bin/blib.a(bzimage.o)
                0x00000000000009b4                bzimage_load
 .text          0x0000000000000db4      0x1f3 bin/blib.a(com32.o)
 .text          0x0000000000000fa7       0xd6 bin/blib.a(undionly.o)
 .text          0x000000000000107d        0x0 bin/blib.a(undipreload.o)
 .text          0x000000000000107d      0x104 bin/blib.a(aoeboot.o)
 .text          0x0000000000001181      0x102 bin/blib.a(iscsiboot.o)
 .text          0x0000000000001283      0x2d6 bin/blib.a(ibft.o)
                0x000000000000130f                ibft_fill_data
 .text          0x0000000000001559       0x3c bin/blib.a(abft.o)
                0x0000000000001559                abft_fill_data
 .text          0x0000000000001595      0x4c7 bin/blib.a(int13.o)
                0x0000000000001948                register_int13_drive
                0x00000000000019c2                unregister_int13_drive
                0x00000000000019f3                int13_boot
 .text          0x0000000000001a5c       0x2c bin/blib.a(keepsan.o)
                0x0000000000001a5c                keep_san
 .text          0x0000000000001a88      0x280 bin/blib.a(pxe_call.o)
                0x0000000000001b66                pxe_api_call
                0x0000000000001beb                _pxe_api_call_weak
                0x0000000000001bf5                pxe_loader_call
                0x0000000000001c54                pxe_activate
                0x0000000000001c8c                pxe_deactivate
                0x0000000000001cc5                pxe_start_nbp
 .text          0x0000000000001d08       0x7f bin/blib.a(comboot_resolv.o)
                0x0000000000001d4b                comboot_resolv
 .text          0x0000000000001d87      0x107 bin/blib.a(com32_call.o)
                0x0000000000001d87                com32_intcall
                0x0000000000001deb                com32_farcall
                0x0000000000001e4d                com32_cfarcall
 .text          0x0000000000001e8e      0x774 bin/blib.a(comboot_call.o)
                0x0000000000002064                comboot_force_text_mode
                0x0000000000002566                hook_comboot_interrupts
                0x00000000000025b4                unhook_comboot_interrupts
 .text          0x0000000000002602       0x26 bin/blib.a(pxe_cmd.o)
 .text          0x0000000000002628       0x1f bin/blib.a(x86_string.o)
                0x0000000000002628                __memcpy
 .text          0x0000000000002647       0x45 bin/blib.a(setjmp.o)
                0x0000000000002647                setjmp
                0x0000000000002665                longjmp
 .text          0x000000000000268c       0x55 bin/blib.a(virtaddr.o)
                0x000000000000268c                _virt_to_phys
                0x00000000000026b8                _phys_to_virt
 .text          0x00000000000026e1       0xab bin/blib.a(librm.o)
                0x0000000000002779                real_call
 .text          0x000000000000278c        0x0 bin/blib.a(kpxeprefix.o)
 .text          0x000000000000278c        0x0 bin/blib.a(libprefix.o)
 .text          0x000000000000278c        0x0 bin/blib.a(pxe_entry.o)
 .text          0x000000000000278c       0x53 bin/blib.a(com32_wrapper.o)
                0x000000000000278c                com32_farcall_wrapper
                0x0000000000002793                com32_cfarcall_wrapper
                0x000000000000279a                com32_intcall_wrapper
 .text          0x00000000000027df       0x33 bin/blib.a(interface.o)
                0x00000000000027df                plug
                0x00000000000027fc                plug_plug
 .text          0x0000000000002812       0x7e bin/blib.a(init.o)
                0x0000000000002812                initialise
                0x0000000000002829                startup
                0x0000000000002859                shutdown
 .text          0x0000000000002890      0xb6a bin/blib.a(settings.o)
                0x0000000000002adc                generic_settings_clear
                0x0000000000002b04                find_settings
                0x0000000000002b0e                unregister_settings
                0x0000000000002b3a                fetch_setting
                0x0000000000002bae                fetch_setting_len
                0x0000000000002c4f                fetch_string_setting
                0x0000000000002ce0                fetch_string_setting_copy
                0x0000000000002d27                fetch_ipv4_setting
                0x0000000000002d68                fetch_int_setting
                0x0000000000002ddc                fetch_uint_setting
                0x0000000000002e2d                fetch_intz_setting
                0x0000000000002eb8                register_settings
                0x0000000000002f97                fetch_uintz_setting
                0x0000000000002fa4                fetch_uuid_setting
                0x0000000000002ff4                clear_settings
                0x0000000000003001                setting_cmp
                0x000000000000302c                generic_settings_store
                0x000000000000312a                store_setting
                0x00000000000032f7                generic_settings_fetch
                0x0000000000003352                storef_setting
                0x0000000000003368                storef_named_setting
                0x00000000000033ae                fetchf_named_setting
 .text          0x00000000000033fa        0x0 bin/blib.a(main.o)
 .text          0x00000000000033fa      0x335 bin/blib.a(vsprintf.o)
                0x000000000000341a                vcprintf
                0x0000000000003686                vsnprintf
                0x00000000000036c4                snprintf
                0x00000000000036db                vssnprintf
                0x00000000000036f1                ssnprintf
                0x0000000000003708                vprintf
                0x0000000000003721                printf
 .text          0x000000000000372f      0x2c9 bin/blib.a(posix_io.o)
                0x00000000000037e0                open
                0x00000000000038b5                select
                0x000000000000391b                read_user
                0x00000000000039a6                fsize
                0x00000000000039b9                close
 .text          0x00000000000039f8       0x9e bin/blib.a(console.o)
                0x0000000000003a25                putchar
                0x0000000000003a5d                getchar
                0x0000000000003a88                iskey
 .text          0x0000000000003a96      0x11e bin/blib.a(open.o)
                0x0000000000003a96                xfer_open_uri
                0x0000000000003aef                xfer_open_uri_string
                0x0000000000003b1c                xfer_open_socket
                0x0000000000003b51                xfer_vopen
                0x0000000000003b82                xfer_open
                0x0000000000003b94                xfer_vreopen
 .text          0x0000000000003bb4       0x17 bin/blib.a(acpi.o)
                0x0000000000003bb4                acpi_fix_checksum
 .text          0x0000000000003bcb      0x578 bin/blib.a(uri.o)
                0x0000000000003bcb                uri_port
                0x0000000000003be2                resolve_path
                0x0000000000003caf                uri_encode
                0x0000000000003d7b                unparse_uri
                0x0000000000003e82                uri_decode
                0x0000000000003ef3                parse_uri
                0x0000000000004077                uri_dup
                0x00000000000040b7                resolve_uri
 .text          0x0000000000004143       0x8c bin/blib.a(device.o)
 .text          0x00000000000041cf       0x2a bin/blib.a(cpio.o)
                0x00000000000041cf                cpio_set_field
 .text          0x00000000000041f9       0xe4 bin/blib.a(misc.o)
                0x00000000000041f9                strtoul
                0x0000000000004271                inet_aton
 .text          0x00000000000042dd       0x93 bin/blib.a(process.o)
                0x00000000000042dd                process_add
                0x0000000000004320                process_del
                0x000000000000433c                step
 .text          0x0000000000004370      0x18b bin/blib.a(malloc.o)
                0x0000000000004370                alloc_memblock
                0x00000000000043e0                free_memblock
                0x0000000000004469                realloc
                0x00000000000044c6                malloc
                0x00000000000044cf                free
                0x00000000000044d6                zalloc
                0x00000000000044f3                mpopulate
 .text          0x00000000000044fb       0xb9 bin/blib.a(ansiesc.o)
                0x00000000000044fb                ansiesc_process
 .text          0x00000000000045b4      0x22f bin/blib.a(exec.o)
                0x000000000000463e                execv
                0x00000000000046b3                system
 .text          0x00000000000047e3       0xd5 bin/blib.a(serial.o)
                0x000000000000485f                serial_putc
                0x000000000000488b                serial_getc
                0x00000000000048ae                serial_ischar
 .text          0x00000000000048b8       0x2e bin/blib.a(timer.o)
                0x00000000000048b8                mdelay
                0x00000000000048ce                sleep
 .text          0x00000000000048e6      0x2d2 bin/blib.a(resolv.o)
                0x00000000000048e6                ignore_resolv_done
                0x00000000000049d7                resolv_done
                0x0000000000004a73                resolv
                0x0000000000004b17                xfer_open_named_socket
 .text          0x0000000000004bb8       0x60 bin/blib.a(iobuf.o)
                0x0000000000004bb8                alloc_iob
                0x0000000000004bf1                free_iob
                0x0000000000004c08                iob_ensure_headroom
 .text          0x0000000000004c18      0x239 bin/blib.a(image.o)
                0x0000000000004c3d                alloc_image
                0x0000000000004c53                image_set_uri
                0x0000000000004c95                image_set_cmdline
                0x0000000000004cba                register_image
                0x0000000000004d0a                unregister_image
                0x0000000000004d1a                find_image
                0x0000000000004d4d                image_load
                0x0000000000004d6e                image_autoload
                0x0000000000004db7                image_exec
                0x0000000000004e25                register_and_autoload_image
                0x0000000000004e3b                register_and_autoexec_image
 .text          0x0000000000004e51      0x1b2 bin/blib.a(string.o)
                0x0000000000004e51                strcpy
                0x0000000000004e61                strncpy
                0x0000000000004e79                strcat
                0x0000000000004e97                strcmp
                0x0000000000004eb2                strcasecmp
                0x0000000000004edc                strchr
                0x0000000000004eed                strrchr
                0x0000000000004f11                strnlen
                0x0000000000004f26                memcmp
                0x0000000000004f46                strstr
                0x0000000000004fa7                memchr
                0x0000000000004fbd                strndup
                0x0000000000004ffb                strdup
 .text          0x0000000000005003       0x21 bin/blib.a(cwuri.o)
                0x0000000000005003                churi
 .text          0x0000000000005024       0x26 bin/blib.a(refcnt.o)
                0x0000000000005024                ref_get
                0x000000000000502b                ref_put
 .text          0x000000000000504a       0x6e bin/blib.a(uuid.o)
                0x000000000000504a                uuid_ntoa
 .text          0x00000000000050b8      0x4d8 bin/blib.a(aoe.o)
                0x000000000000541a                aoe_detach
                0x000000000000544d                aoe_attach
 .text          0x0000000000005590      0x66f bin/blib.a(ipv4.o)
                0x0000000000005bc7                inet_ntoa
 .text          0x0000000000005bff      0x49a bin/blib.a(netdevice.o)
                0x0000000000005c36                netdev_link_down
                0x0000000000005c4d                netdev_tx_complete_err
                0x0000000000005c75                netdev_tx
                0x0000000000005cbc                netdev_tx_complete_next_err
                0x0000000000005cd3                netdev_rx
                0x0000000000005cec                netdev_rx_err
                0x0000000000005d15                netdev_poll
                0x0000000000005d22                netdev_rx_dequeue
                0x0000000000005d91                alloc_netdev
                0x0000000000005e29                register_netdev
                0x0000000000005e94                netdev_open
                0x0000000000005ecd                netdev_close
                0x0000000000005f0c                unregister_netdev
                0x0000000000005f32                netdev_irq
                0x0000000000005f39                find_netdev
                0x0000000000005f6c                find_netdev_by_location
                0x0000000000005f9b                last_opened_netdev
                0x0000000000005fb1                net_tx
                0x0000000000005ffa                net_rx
 .text          0x0000000000006099      0x123 bin/blib.a(retry.o)
                0x000000000000610f                start_timer
                0x0000000000006165                start_timer_fixed
                0x0000000000006176                stop_timer
 .text          0x00000000000061bc       0x7b bin/blib.a(icmp.o)
 .text          0x0000000000006237      0x129 bin/blib.a(netdev_settings.o)
 .text          0x0000000000006360       0x10 bin/blib.a(https.o)
 .text          0x0000000000006370     0x11ab bin/blib.a(iscsi.o)
                0x0000000000006b9f                iscsi_detach
                0x0000000000006bda                iscsi_attach
                0x0000000000006db3                iscsi_initiator_iqn
 .text          0x000000000000751b      0x334 bin/blib.a(ftp.o)
 .text          0x000000000000784f      0x501 bin/blib.a(http.o)
                0x0000000000007c32                http_open_filter
 .text          0x0000000000007d50      0x45d bin/blib.a(dns.o)
 .text          0x00000000000081ad      0x8f7 bin/blib.a(tftp.o)
                0x0000000000008a83                tftp_set_request_blksize
                0x0000000000008a95                tftp_set_mtftp_address
                0x0000000000008a9b                tftp_set_mtftp_port
 .text          0x0000000000008aa4       0xe6 bin/blib.a(script.o)
 .text          0x0000000000008b8a      0x113 bin/blib.a(elf.o)
                0x0000000000008b8a                elf_load
 .text          0x0000000000008c9d       0xa4 bin/blib.a(segment.o)
                0x0000000000008c9d                prep_segment
 .text          0x0000000000008d41       0x28 bin/blib.a(embedded.o)
 .text          0x0000000000008d69      0x1b6 bin/blib.a(ata.o)
                0x0000000000008f14                init_atadev
 .text          0x0000000000008f1f      0x33d bin/blib.a(scsi.o)
                0x0000000000009132                scsi_detached_command
                0x0000000000009138                init_scsidev
                0x00000000000091f8                scsi_parse_lun
 .text          0x000000000000925c      0x1fd bin/blib.a(md5.o)
 .text          0x0000000000009459       0x6d bin/blib.a(chap.o)
                0x0000000000009459                chap_init
                0x0000000000009490                chap_update
                0x000000000000949f                chap_respond
                0x00000000000094af                chap_finish
 .text          0x00000000000094c6        0x3 bin/blib.a(shell_banner.o)
                0x00000000000094c6                shell_banner
 .text          0x00000000000094c9       0x6e bin/blib.a(strerror.o)
                0x00000000000094c9                strerror
 .text          0x0000000000009537       0xb9 bin/blib.a(shell.o)
                0x00000000000095bc                shell
 .text          0x00000000000095f0      0x475 bin/blib.a(image_cmd.o)
 .text          0x0000000000009a65       0x42 bin/blib.a(route_cmd.o)
 .text          0x0000000000009aa7      0x11c bin/blib.a(dhcp_cmd.o)
 .text          0x0000000000009bc3       0x1e bin/blib.a(autoboot_cmd.o)
 .text          0x0000000000009be1      0x103 bin/blib.a(ifmgmt_cmd.o)
                0x0000000000009bf6                ifcommon_exec
 .text          0x0000000000009ce4       0x63 bin/blib.a(sanboot_cmd.o)
 .text          0x0000000000009d47       0x31 bin/blib.a(login_cmd.o)
 .text          0x0000000000009d78       0x52 bin/blib.a(config_cmd.o)
 .text          0x0000000000009dca       0xf7 bin/blib.a(nvo_cmd.o)
 .text          0x0000000000009ec1      0x4ab bin/blib.a(settings_ui.o)
                0x000000000000a2f1                settings_ui
 .text          0x000000000000a36c      0x205 bin/blib.a(login_ui.o)
                0x000000000000a36c                login_ui
 .text          0x000000000000a571       0x71 bin/blib.a(colour.o)
                0x000000000000a571                colour_content
                0x000000000000a599                init_pair
                0x000000000000a5bd                pair_content
 .text          0x000000000000a5e2       0x4f bin/blib.a(print.o)
                0x000000000000a5ef                waddch
                0x000000000000a5f9                waddnstr
                0x000000000000a604                vw_printw
                0x000000000000a61f                wprintw
 .text          0x000000000000a631      0x11d bin/blib.a(mucurses.o)
                0x000000000000a647                _wputch
                0x000000000000a697                _wputc
                0x000000000000a6a2                _wcursback
                0x000000000000a6d1                _wputchstr
                0x000000000000a6ff                _wputstr
                0x000000000000a72d                wmove
 .text          0x000000000000a74e       0x88 bin/blib.a(wininit.o)
                0x000000000000a74e                initscr
                0x000000000000a785                endwin
 .text          0x000000000000a7d6       0xcc bin/blib.a(ansi_screen.o)
 .text          0x000000000000a8a2       0x84 bin/blib.a(winattrs.o)
                0x000000000000a8a2                getbkgd
                0x000000000000a8a6                wattroff
                0x000000000000a8ae                wattron
                0x000000000000a8b4                wattrset
                0x000000000000a8c5                wattr_get
                0x000000000000a8dd                wattr_off
                0x000000000000a8e5                wattr_on
                0x000000000000a8eb                wattr_set
                0x000000000000a908                wcolour_set
 .text          0x000000000000a926       0xc3 bin/blib.a(clear.o)
                0x000000000000a926                wclrtobot
                0x000000000000a958                wclrtoeol
                0x000000000000a989                wdelch
                0x000000000000a9a6                wdeleteln
                0x000000000000a9d2                werase
 .text          0x000000000000a9e9      0x13c bin/blib.a(editbox.o)
                0x000000000000a9e9                init_editbox
                0x000000000000aa43                draw_editbox
 .text          0x000000000000ab25      0x316 bin/blib.a(autoboot.o)
                0x000000000000ab47                boot_next_server_and_filename
                0x000000000000ac0b                boot_root_path
                0x000000000000ae00                autoboot
 .text          0x000000000000ae3b      0x19b bin/blib.a(ifmgmt.o)
                0x000000000000ae71                ifopen
                0x000000000000ae9c                ifclose
                0x000000000000aea1                ifstat
                0x000000000000af5a                iflinkwait
 .text          0x000000000000afd6       0xdd bin/blib.a(dhcpmgmt.o)
                0x000000000000afd6                dhcp
                0x000000000000b07a                pxebs
 .text          0x000000000000b0b3      0x45f bin/blib.a(pxemenu.o)
                0x000000000000b28c                pxe_menu_boot
 .text          0x000000000000b512      0x138 bin/blib.a(imgmgmt.o)
                0x000000000000b512                imgfetch
                0x000000000000b5b1                imgload
                0x000000000000b5b6                imgexec
                0x000000000000b5bb                imgautoselect
                0x000000000000b5e7                imgstat
                0x000000000000b645                imgfree
 .text          0x000000000000b64a       0x7f bin/blib.a(route.o)
                0x000000000000b64a                route
 .text          0x000000000000b6c9       0xe5 bin/blib.a(relocate.o)
                0x000000000000b6c9                relocate
 .text          0x000000000000b7ae       0x33 bin/blib.a(timer2.o)
                0x000000000000b7ae                timer2_udelay
 .text          0x000000000000b7e1       0x76 bin/blib.a(librm_mgmt.o)
                0x000000000000b7e1                copy_user_to_rm_stack
                0x000000000000b81f                remove_user_from_rm_stack
 .text          0x000000000000b857      0x14e bin/blib.a(gateA20.o)
                0x000000000000b8b1                gateA20_set
                0x000000000000b9a4                gateA20_unset
 .text          0x000000000000b9a5      0x1bd bin/blib.a(memmap.o)
                0x000000000000b9a5                extmemsize
                0x000000000000b9f9                get_memmap
 .text          0x000000000000bb62       0x73 bin/blib.a(bootsector.o)
                0x000000000000bb62                call_bootsector
 .text          0x000000000000bbd5      0x6a0 bin/blib.a(undinet.o)
                0x000000000000bf56                undinet_probe
                0x000000000000c1c8                undinet_remove
 .text          0x000000000000c275      0x185 bin/blib.a(memtop_umalloc.o)
                0x000000000000c275                urealloc
 .text          0x000000000000c3fa       0xa2 bin/blib.a(biosint.o)
                0x000000000000c3fa                hook_bios_interrupt
                0x000000000000c442                unhook_bios_interrupt
 .text          0x000000000000c49c       0x41 bin/blib.a(bios_timer.o)
                0x000000000000c49c                currticks
 .text          0x000000000000c4dd        0xe bin/blib.a(bios_nap.o)
                0x000000000000c4dd                cpu_nap
 .text          0x000000000000c4eb      0x212 bin/blib.a(pxe_udp.o)
                0x000000000000c574                pxenv_udp_open
                0x000000000000c5b5                pxenv_udp_close
                0x000000000000c5cd                pxenv_udp_write
                0x000000000000c6a4                pxenv_udp_read
 .text          0x000000000000c6fd      0x6c1 bin/blib.a(pxe_undi.o)
                0x000000000000c742                pxe_set_netdev
                0x000000000000c770                pxenv_undi_startup
                0x000000000000c778                pxenv_undi_cleanup
                0x000000000000c789                pxenv_undi_initialize
                0x000000000000c791                pxenv_undi_reset_adapter
                0x000000000000c7be                pxenv_undi_shutdown
                0x000000000000c7cf                pxenv_undi_open
                0x000000000000c7f7                pxenv_undi_close
                0x000000000000c808                pxenv_undi_transmit
                0x000000000000c9ec                pxenv_undi_set_mcast_address
                0x000000000000c9f4                pxenv_undi_set_station_address
                0x000000000000ca2c                pxenv_undi_set_packet_filter
                0x000000000000ca34                pxenv_undi_get_information
                0x000000000000ca9f                pxenv_undi_get_statistics
                0x000000000000cac8                pxenv_undi_clear_statistics
                0x000000000000cafa                pxenv_undi_initiate_diags
                0x000000000000cb05                pxenv_undi_force_interrupt
                0x000000000000cb10                pxenv_undi_get_mcast_address
                0x000000000000cb4e                pxenv_undi_get_nic_type
                0x000000000000cbe0                pxenv_undi_get_iface_info
                0x000000000000cc1a                pxenv_undi_get_state
                0x000000000000cc25                pxenv_undi_isr
 .text          0x000000000000cdbe       0x3e bin/blib.a(pxe_loader.o)
                0x000000000000cdbe                undi_loader
 .text          0x000000000000cdfc      0x1d4 bin/blib.a(pxe_preboot.o)
                0x000000000000cdfc                pxe_set_cached_filename
                0x000000000000ce2c                pxenv_unload_stack
                0x000000000000ce34                pxenv_get_cached_info
                0x000000000000cee8                pxenv_restart_tftp
                0x000000000000cf23                pxenv_start_undi
                0x000000000000cf87                pxenv_stop_undi
                0x000000000000cfbd                pxenv_start_base
                0x000000000000cfc8                pxenv_stop_base
 .text          0x000000000000cfd0      0x3df bin/blib.a(pxe_tftp.o)
                0x000000000000d16a                pxenv_tftp_open
                0x000000000000d1fb                pxenv_tftp_close
                0x000000000000d20e                pxenv_tftp_read
                0x000000000000d2a7                pxenv_tftp_read_file
                0x000000000000d335                pxenv_tftp_get_fsize
 .text          0x000000000000d3af      0x263 bin/blib.a(pxe_file.o)
                0x000000000000d3af                pxenv_file_open
                0x000000000000d423                pxenv_file_close
                0x000000000000d438                pxenv_file_select
                0x000000000000d47a                pxenv_file_read
                0x000000000000d4c6                pxenv_get_file_size
                0x000000000000d4f5                pxenv_file_exec
                0x000000000000d567                pxenv_file_api_check
                0x000000000000d5d0                pxenv_file_exit_hook
 .text          0x000000000000d612       0x8a bin/blib.a(pxeparent.o)
                0x000000000000d612                pxeparent_call
 .text          0x000000000000d69c        0x0 bin/blib.a(stack16.o)
 .text          0x000000000000d69c        0x0 bin/blib.a(stack.o)
 .text          0x000000000000d69c        0x0 bin/blib.a(unnrv2b16.o)
 .text          0x000000000000d69c        0x0 bin/blib.a(undiisr.o)
 .text          0x000000000000d69c       0x1e bin/blib.a(ctype.o)
                0x000000000000d69c                isspace
 .text          0x000000000000d6ba       0x40 bin/blib.a(basename.o)
                0x000000000000d6ba                basename
                0x000000000000d6d2                dirname
 .text          0x000000000000d6fa      0x262 bin/blib.a(getopt.o)
                0x000000000000d6fa                getopt_long
 .text          0x000000000000d95c       0x4f bin/blib.a(asprintf.o)
                0x000000000000d95c                vasprintf
                0x000000000000d999                asprintf
 .text          0x000000000000d9ab       0xce bin/blib.a(linebuf.o)
                0x000000000000d9ab                buffered_line
                0x000000000000d9b7                empty_line_buffer
                0x000000000000d9d7                line_buffer
 .text          0x000000000000da79       0x61 bin/blib.a(getkey.o)
                0x000000000000da79                getkey
 .text          0x000000000000dada      0x17b bin/blib.a(downloader.o)
                0x000000000000dbbc                create_downloader
 .text          0x000000000000dc55      0x269 bin/blib.a(xfer.o)
                0x000000000000dc55                ignore_xfer_close
                0x000000000000dc56                ignore_xfer_vredirect
                0x000000000000dc59                unlimited_xfer_window
                0x000000000000dc5d                ignore_xfer_deliver_raw
                0x000000000000dc60                default_xfer_alloc_iob
                0x000000000000dc67                xfer_deliver_as_raw
                0x000000000000dc87                xfer_close
                0x000000000000dcc7                xfer_vredirect
                0x000000000000dcfe                xfer_redirect
                0x000000000000dd10                xfer_window
                0x000000000000dd33                xfer_alloc_iob
                0x000000000000dd5e                xfer_deliver_iob_meta
                0x000000000000dd95                xfer_deliver_iob
                0x000000000000dd9f                xfer_deliver_raw
                0x000000000000ddd6                xfer_vprintf
                0x000000000000de22                xfer_printf
                0x000000000000de34                xfer_seek
                0x000000000000de76                no_xfer_window
                0x000000000000de79                xfer_deliver_as_iob
 .text          0x000000000000debe       0x92 bin/blib.a(job.o)
                0x000000000000debe                ignore_job_done
                0x000000000000debf                ignore_job_kill
                0x000000000000dec0                ignore_job_progress
                0x000000000000decf                job_done
                0x000000000000df00                job_kill
                0x000000000000df2c                job_progress
 .text          0x000000000000df50       0x84 bin/blib.a(base64.o)
                0x000000000000df50                base64_encode
 .text          0x000000000000dfd4       0xaa bin/blib.a(bitmap.o)
                0x000000000000dfd4                bitmap_resize
                0x000000000000e02e                bitmap_test
                0x000000000000e04c                bitmap_set
 .text          0x000000000000e07e       0xb4 bin/blib.a(monojob.o)
                0x000000000000e085                monojob_wait
 .text          0x000000000000e132       0x52 bin/blib.a(random.o)
                0x000000000000e132                srandom
                0x000000000000e138                random
 .text          0x000000000000e184      0x19a bin/blib.a(fakedhcp.o)
                0x000000000000e236                create_fakedhcpdiscover
                0x000000000000e251                create_fakedhcpack
                0x000000000000e294                create_fakepxebsack
 .text          0x000000000000e31e      0xfca bin/blib.a(tls.o)
                0x000000000000f1bf                add_tls
 .text          0x000000000000f2e8      0x961 bin/blib.a(tcp.o)
 .text          0x000000000000fc49      0x2b9 bin/blib.a(arp.o)
                0x000000000000fe07                arp_resolve
 .text          0x000000000000ff02      0x10b bin/blib.a(ethernet.o)
                0x000000000000ff71                eth_init_addr
                0x000000000000ff7d                eth_mc_hash
                0x000000000000ffa9                eth_eth_addr
                0x000000000000ffb7                eth_ntoa
                0x000000000000ffee                alloc_etherdev
 .text          0x000000000001000d       0xc1 bin/blib.a(tcpip.o)
                0x000000000001000d                tcpip_rx
                0x000000000001004c                tcpip_tx
                0x000000000001008c                tcpip_continue_chksum
                0x00000000000100c0                tcpip_chksum
 .text          0x00000000000100ce        0xe bin/blib.a(rarp.o)
 .text          0x00000000000100dc        0xf bin/blib.a(nullnet.o)
 .text          0x00000000000100eb      0x1a1 bin/blib.a(dhcppkt.o)
                0x00000000000100fc                dhcppkt_store
                0x000000000001019a                dhcppkt_fetch
                0x0000000000010238                dhcppkt_init
 .text          0x000000000001028c      0x3ad bin/blib.a(udp.o)
                0x00000000000104f8                udp_open
                0x00000000000105e5                udp_open_promisc
 .text          0x0000000000010639      0x311 bin/blib.a(dhcpopts.o)
                0x0000000000010894                dhcpopt_store
                0x00000000000108ad                dhcpopt_extensible_store
                0x00000000000108c6                dhcpopt_fetch
                0x00000000000108fc                dhcpopt_init
 .text          0x000000000001094a      0xcf7 bin/blib.a(dhcp.o)
                0x0000000000010fa9                dhcp_chaddr
                0x0000000000010fd9                dhcp_create_packet
                0x000000000001109b                dhcp_create_request
                0x000000000001135a                start_dhcp
                0x000000000001143a                start_pxebs
 .text          0x0000000000011641       0x9e bin/blib.a(smbios_settings.o)
 .text          0x00000000000116df        0xf bin/blib.a(axtls_sha1.o)
 .text          0x00000000000116ee      0x10a bin/blib.a(axtls_aes.o)
 .text          0x00000000000117f8      0x147 bin/blib.a(hmac.o)
                0x0000000000011831                hmac_init
                0x00000000000118a9                hmac_final
 .text          0x000000000001193f       0x23 bin/blib.a(crypto_null.o)
 .text          0x0000000000011962      0x204 bin/blib.a(x509.o)
                0x0000000000011962                x509_rsa_public_key
 .text          0x0000000000011b66      0x36f bin/blib.a(sha1.o)
                0x0000000000011d67                SHA1Init
                0x0000000000011d9e                SHA1Update
                0x0000000000011dda                SHA1Final
 .text          0x0000000000011ed5      0x24c bin/blib.a(rsa.o)
                0x0000000000011ed5                RSA_pub_key_new
                0x0000000000011f41                RSA_priv_key_new
                0x0000000000011f6f                RSA_free
                0x0000000000011fbd                RSA_private
                0x0000000000011fd0                RSA_public
                0x0000000000011fe2                RSA_decrypt
                0x000000000001208b                RSA_encrypt
 .text          0x0000000000012121      0xc1e bin/blib.a(bigint.o)
                0x000000000001220d                bi_initialize
                0x0000000000012242                bi_copy
                0x0000000000012252                bi_permanent
                0x000000000001225a                bi_depermanent
                0x0000000000012262                bi_free
                0x0000000000012284                bi_terminate
                0x0000000000012434                int_to_bi
                0x0000000000012448                bi_clone
                0x000000000001246e                bi_add
                0x00000000000124f8                bi_subtract
                0x000000000001257b                bi_import
                0x00000000000125dd                bi_export
                0x0000000000012647                bi_set_mod
                0x000000000001269f                bi_free_mod
                0x00000000000126c8                bi_multiply
                0x00000000000126cd                bi_compare
                0x000000000001270a                bi_divide
                0x0000000000012aeb                bi_mod_power
                0x0000000000012ca2                bi_mod_power2
 .text          0x0000000000012d3f      0x589 bin/blib.a(aes.o)
                0x0000000000012d4a                AES_set_key
                0x0000000000012ecb                AES_convert_key
                0x0000000000012f6f                AES_encrypt
                0x00000000000130da                AES_decrypt
 .text          0x00000000000132c8      0x1b1 bin/blib.a(editstring.o)
                0x0000000000013384                edit_string
 .text          0x0000000000013479      0x117 bin/blib.a(readline.o)
                0x0000000000013479                readline
 .text          0x0000000000013590       0x1c bin/blib.a(pic8259.o)
                0x0000000000013590                send_eoi
 .text          0x00000000000135ac        0x0 bin/blib.a(basemem_packet.o)
 .text          0x00000000000135ac       0x87 bin/blib.a(pnpbios.o)
                0x00000000000135ac                find_pnp_bios
 .text          0x0000000000013633      0x158 bin/blib.a(hidemem.o)
                0x0000000000013659                hide_basemem
                0x0000000000013681                hide_umalloc
                0x00000000000136b9                hide_textdata
 .text          0x000000000001378b        0x0 bin/blib.a(e820mangler.o)
 .text          0x000000000001378b       0x26 bin/blib.a(__umoddi3.o)
                0x000000000001378b                __umoddi3
 .text          0x00000000000137b1       0x1b bin/blib.a(__udivdi3.o)
                0x00000000000137b1                __udivdi3
 .text          0x00000000000137cc       0x9f bin/blib.a(__udivmoddi4.o)
                0x00000000000137cc                __udivmoddi4
 .text          0x000000000001386b       0x30 bin/blib.a(filter.o)
                0x000000000001386b                filter_close
                0x0000000000013873                filter_vredirect
                0x000000000001387b                filter_window
                0x0000000000013883                filter_alloc_iob
                0x000000000001388b                filter_deliver_iob
                0x0000000000013893                filter_deliver_raw
 .text          0x000000000001389b      0x13f bin/blib.a(smbios.o)
                0x000000000001389b                find_smbios_structure
                0x0000000000013942                read_smbios_structure
                0x0000000000013967                read_smbios_string
 .text          0x00000000000139da       0xd6 bin/blib.a(cbc.o)
                0x00000000000139da                cbc_encrypt
                0x0000000000013a46                cbc_decrypt
 .text          0x0000000000013ab0       0xbf bin/blib.a(asn1.o)
                0x0000000000013b2f                asn1_enter
                0x0000000000013b42                asn1_skip
 .text          0x0000000000013b6f       0xa4 bin/blib.a(bios_smbios.o)
                0x0000000000013b6f                find_smbios
 *(.text.*)
 .text.unlikely
                0x0000000000013c13        0x0 bin/blib.a(bios_console.o)
 .text.unlikely
                0x0000000000013c13        0x0 bin/blib.a(comboot.o)
 .text.unlikely
                0x0000000000013c13        0x0 bin/blib.a(elfboot.o)
 .text.unlikely
                0x0000000000013c13        0x0 bin/blib.a(multiboot.o)
 .text.unlikely
                0x0000000000013c13        0x0 bin/blib.a(pxe_image.o)
 .text.unlikely
                0x0000000000013c13        0x0 bin/blib.a(bzimage.o)
 .text.unlikely
                0x0000000000013c13        0x0 bin/blib.a(com32.o)
 .text.unlikely
                0x0000000000013c13        0x0 bin/blib.a(undionly.o)
 .text.unlikely
                0x0000000000013c13        0x0 bin/blib.a(aoeboot.o)
 .text.unlikely
                0x0000000000013c13        0x0 bin/blib.a(iscsiboot.o)
 .text.unlikely
                0x0000000000013c13        0x0 bin/blib.a(ibft.o)
 .text.unlikely
                0x0000000000013c13        0x0 bin/blib.a(abft.o)
 .text.unlikely
                0x0000000000013c13        0x0 bin/blib.a(int13.o)
 .text.unlikely
                0x0000000000013c13        0x0 bin/blib.a(keepsan.o)
 .text.unlikely
                0x0000000000013c13        0x0 bin/blib.a(pxe_call.o)
 .text.unlikely
                0x0000000000013c13        0x0 bin/blib.a(comboot_resolv.o)
 .text.unlikely
                0x0000000000013c13        0x0 bin/blib.a(com32_call.o)
 .text.unlikely
                0x0000000000013c13        0x0 bin/blib.a(comboot_call.o)
 .text.unlikely
                0x0000000000013c13        0x0 bin/blib.a(pxe_cmd.o)
 .text.unlikely
                0x0000000000013c13        0x0 bin/blib.a(x86_string.o)
 .text.unlikely
                0x0000000000013c13        0x0 bin/blib.a(interface.o)
 .text.unlikely
                0x0000000000013c13        0x0 bin/blib.a(init.o)
 .text.unlikely
                0x0000000000013c13        0x0 bin/blib.a(settings.o)
 .text.unlikely
                0x0000000000013c13        0x0 bin/blib.a(main.o)
 .text.startup  0x0000000000013c13       0x91 bin/blib.a(main.o)
                0x0000000000013c13                main
 .text.unlikely
                0x0000000000013ca4        0x0 bin/blib.a(vsprintf.o)
 .text.unlikely
                0x0000000000013ca4        0x0 bin/blib.a(posix_io.o)
 .text.unlikely
                0x0000000000013ca4        0x0 bin/blib.a(console.o)
 .text.unlikely
                0x0000000000013ca4        0x0 bin/blib.a(open.o)
 .text.unlikely
                0x0000000000013ca4        0x0 bin/blib.a(acpi.o)
 .text.unlikely
                0x0000000000013ca4        0x0 bin/blib.a(uri.o)
 .text.unlikely
                0x0000000000013ca4        0x0 bin/blib.a(device.o)
 .text.unlikely
                0x0000000000013ca4        0x0 bin/blib.a(cpio.o)
 .text.unlikely
                0x0000000000013ca4        0x0 bin/blib.a(misc.o)
 .text.unlikely
                0x0000000000013ca4        0x0 bin/blib.a(process.o)
 .text.unlikely
                0x0000000000013ca4        0x0 bin/blib.a(malloc.o)
 .text.unlikely
                0x0000000000013ca4        0x0 bin/blib.a(ansiesc.o)
 .text.unlikely
                0x0000000000013ca4        0x0 bin/blib.a(exec.o)
 .text.unlikely
                0x0000000000013ca4        0x0 bin/blib.a(serial.o)
 .text.unlikely
                0x0000000000013ca4        0x0 bin/blib.a(timer.o)
 .text.unlikely
                0x0000000000013ca4        0x0 bin/blib.a(resolv.o)
 .text.unlikely
                0x0000000000013ca4        0x0 bin/blib.a(iobuf.o)
 .text.unlikely
                0x0000000000013ca4        0x0 bin/blib.a(image.o)
 .text.unlikely
                0x0000000000013ca4        0x0 bin/blib.a(string.o)
 .text.unlikely
                0x0000000000013ca4        0x0 bin/blib.a(cwuri.o)
 .text.unlikely
                0x0000000000013ca4        0x0 bin/blib.a(refcnt.o)
 .text.unlikely
                0x0000000000013ca4        0x0 bin/blib.a(uuid.o)
 .text.unlikely
                0x0000000000013ca4        0x0 bin/blib.a(aoe.o)
 .text.unlikely
                0x0000000000013ca4        0x0 bin/blib.a(ipv4.o)
 .text.unlikely
                0x0000000000013ca4        0x0 bin/blib.a(netdevice.o)
 .text.unlikely
                0x0000000000013ca4        0x0 bin/blib.a(retry.o)
 .text.unlikely
                0x0000000000013ca4        0x0 bin/blib.a(icmp.o)
 .text.unlikely
                0x0000000000013ca4        0x0 bin/blib.a(netdev_settings.o)
 .text.unlikely
                0x0000000000013ca4        0x0 bin/blib.a(https.o)
 .text.unlikely
                0x0000000000013ca4        0x0 bin/blib.a(iscsi.o)
 .text.unlikely
                0x0000000000013ca4        0x0 bin/blib.a(ftp.o)
 .text.unlikely
                0x0000000000013ca4        0x0 bin/blib.a(http.o)
 .text.unlikely
                0x0000000000013ca4        0x0 bin/blib.a(dns.o)
 .text.unlikely
                0x0000000000013ca4        0x0 bin/blib.a(tftp.o)
 .text.unlikely
                0x0000000000013ca4        0x0 bin/blib.a(script.o)
 .text.unlikely
                0x0000000000013ca4        0x0 bin/blib.a(elf.o)
 .text.unlikely
                0x0000000000013ca4        0x0 bin/blib.a(segment.o)
 .text.unlikely
                0x0000000000013ca4        0x0 bin/blib.a(embedded.o)
 .text.unlikely
                0x0000000000013ca4        0x0 bin/blib.a(ata.o)
 .text.unlikely
                0x0000000000013ca4        0x0 bin/blib.a(scsi.o)
 .text.unlikely
                0x0000000000013ca4        0x0 bin/blib.a(md5.o)
 .text.unlikely
                0x0000000000013ca4        0x0 bin/blib.a(chap.o)
 .text.unlikely
                0x0000000000013ca4        0x0 bin/blib.a(shell_banner.o)
 .text.unlikely
                0x0000000000013ca4        0x0 bin/blib.a(strerror.o)
 .text.unlikely
                0x0000000000013ca4        0x0 bin/blib.a(shell.o)
 .text.unlikely
                0x0000000000013ca4        0x0 bin/blib.a(image_cmd.o)
 .text.unlikely
                0x0000000000013ca4        0x0 bin/blib.a(route_cmd.o)
 .text.unlikely
                0x0000000000013ca4        0x0 bin/blib.a(dhcp_cmd.o)
 .text.unlikely
                0x0000000000013ca4        0x0 bin/blib.a(autoboot_cmd.o)
 .text.unlikely
                0x0000000000013ca4        0x0 bin/blib.a(ifmgmt_cmd.o)
 .text.unlikely
                0x0000000000013ca4        0x0 bin/blib.a(sanboot_cmd.o)
 .text.unlikely
                0x0000000000013ca4        0x0 bin/blib.a(login_cmd.o)
 .text.unlikely
                0x0000000000013ca4        0x0 bin/blib.a(config_cmd.o)
 .text.unlikely
                0x0000000000013ca4        0x0 bin/blib.a(nvo_cmd.o)
 .text.unlikely
                0x0000000000013ca4        0x0 bin/blib.a(settings_ui.o)
 .text.unlikely
                0x0000000000013ca4        0x0 bin/blib.a(login_ui.o)
 .text.unlikely
                0x0000000000013ca4        0x0 bin/blib.a(colour.o)
 .text.unlikely
                0x0000000000013ca4        0x0 bin/blib.a(print.o)
 .text.unlikely
                0x0000000000013ca4        0x0 bin/blib.a(mucurses.o)
 .text.unlikely
                0x0000000000013ca4        0x0 bin/blib.a(wininit.o)
 .text.unlikely
                0x0000000000013ca4        0x0 bin/blib.a(ansi_screen.o)
 .text.unlikely
                0x0000000000013ca4        0x0 bin/blib.a(winattrs.o)
 .text.unlikely
                0x0000000000013ca4        0x0 bin/blib.a(clear.o)
 .text.unlikely
                0x0000000000013ca4        0x0 bin/blib.a(editbox.o)
 .text.unlikely
                0x0000000000013ca4        0x0 bin/blib.a(autoboot.o)
 .text.unlikely
                0x0000000000013ca4        0x0 bin/blib.a(ifmgmt.o)
 .text.unlikely
                0x0000000000013ca4        0x0 bin/blib.a(dhcpmgmt.o)
 .text.unlikely
                0x0000000000013ca4        0x0 bin/blib.a(pxemenu.o)
 .text.unlikely
                0x0000000000013ca4        0x0 bin/blib.a(imgmgmt.o)
 .text.unlikely
                0x0000000000013ca4        0x0 bin/blib.a(route.o)
 .text.unlikely
                0x0000000000013ca4        0x0 bin/blib.a(relocate.o)
 .text.unlikely
                0x0000000000013ca4        0x0 bin/blib.a(timer2.o)
 .text.unlikely
                0x0000000000013ca4        0x0 bin/blib.a(librm_mgmt.o)
 .text.unlikely
                0x0000000000013ca4        0x0 bin/blib.a(gateA20.o)
 .text.unlikely
                0x0000000000013ca4        0x0 bin/blib.a(memmap.o)
 .text.unlikely
                0x0000000000013ca4        0x0 bin/blib.a(bootsector.o)
 .text.unlikely
                0x0000000000013ca4        0x0 bin/blib.a(undinet.o)
 .text.unlikely
                0x0000000000013ca4        0x0 bin/blib.a(memtop_umalloc.o)
 .text.unlikely
                0x0000000000013ca4        0x0 bin/blib.a(biosint.o)
 .text.unlikely
                0x0000000000013ca4        0x0 bin/blib.a(bios_timer.o)
 .text.unlikely
                0x0000000000013ca4        0x0 bin/blib.a(bios_nap.o)
 .text.unlikely
                0x0000000000013ca4        0x0 bin/blib.a(pxe_udp.o)
 .text.unlikely
                0x0000000000013ca4        0x0 bin/blib.a(pxe_undi.o)
 .text.unlikely
                0x0000000000013ca4        0x0 bin/blib.a(pxe_loader.o)
 .text.unlikely
                0x0000000000013ca4        0x0 bin/blib.a(pxe_preboot.o)
 .text.unlikely
                0x0000000000013ca4        0x0 bin/blib.a(pxe_tftp.o)
 .text.unlikely
                0x0000000000013ca4        0x0 bin/blib.a(pxe_file.o)
 .text.unlikely
                0x0000000000013ca4        0x0 bin/blib.a(pxeparent.o)
 .text.unlikely
                0x0000000000013ca4        0x0 bin/blib.a(ctype.o)
 .text.unlikely
                0x0000000000013ca4        0x0 bin/blib.a(basename.o)
 .text.unlikely
                0x0000000000013ca4        0x0 bin/blib.a(getopt.o)
 .text.unlikely
                0x0000000000013ca4        0x0 bin/blib.a(asprintf.o)
 .text.unlikely
                0x0000000000013ca4        0x0 bin/blib.a(linebuf.o)
 .text.unlikely
                0x0000000000013ca4        0x0 bin/blib.a(getkey.o)
 .text.unlikely
                0x0000000000013ca4        0x0 bin/blib.a(downloader.o)
 .text.unlikely
                0x0000000000013ca4        0x0 bin/blib.a(xfer.o)
 .text.unlikely
                0x0000000000013ca4        0x0 bin/blib.a(job.o)
 .text.unlikely
                0x0000000000013ca4        0x0 bin/blib.a(base64.o)
 .text.unlikely
                0x0000000000013ca4        0x0 bin/blib.a(bitmap.o)
 .text.unlikely
                0x0000000000013ca4        0x0 bin/blib.a(monojob.o)
 .text.unlikely
                0x0000000000013ca4        0x0 bin/blib.a(random.o)
 .text.unlikely
                0x0000000000013ca4        0x0 bin/blib.a(fakedhcp.o)
 .text.unlikely
                0x0000000000013ca4        0x0 bin/blib.a(tls.o)
 .text.unlikely
                0x0000000000013ca4        0x0 bin/blib.a(tcp.o)
 .text.unlikely
                0x0000000000013ca4        0x0 bin/blib.a(arp.o)
 .text.unlikely
                0x0000000000013ca4        0x0 bin/blib.a(ethernet.o)
 .text.unlikely
                0x0000000000013ca4        0x0 bin/blib.a(tcpip.o)
 .text.unlikely
                0x0000000000013ca4        0x0 bin/blib.a(rarp.o)
 .text.unlikely
                0x0000000000013ca4        0x0 bin/blib.a(nullnet.o)
 .text.unlikely
                0x0000000000013ca4        0x0 bin/blib.a(dhcppkt.o)
 .text.unlikely
                0x0000000000013ca4        0x0 bin/blib.a(udp.o)
 .text.unlikely
                0x0000000000013ca4        0x0 bin/blib.a(dhcpopts.o)
 .text.unlikely
                0x0000000000013ca4        0x0 bin/blib.a(dhcp.o)
 .text.unlikely
                0x0000000000013ca4        0x0 bin/blib.a(smbios_settings.o)
 .text.unlikely
                0x0000000000013ca4        0x0 bin/blib.a(axtls_sha1.o)
 .text.unlikely
                0x0000000000013ca4        0x0 bin/blib.a(axtls_aes.o)
 .text.unlikely
                0x0000000000013ca4        0x0 bin/blib.a(hmac.o)
 .text.unlikely
                0x0000000000013ca4        0x0 bin/blib.a(crypto_null.o)
 .text.unlikely
                0x0000000000013ca4        0x0 bin/blib.a(x509.o)
 .text.unlikely
                0x0000000000013ca4        0x0 bin/blib.a(sha1.o)
 .text.unlikely
                0x0000000000013ca4        0x0 bin/blib.a(rsa.o)
 .text.unlikely
                0x0000000000013ca4        0x0 bin/blib.a(bigint.o)
 .text.unlikely
                0x0000000000013ca4        0x0 bin/blib.a(aes.o)
 .text.unlikely
                0x0000000000013ca4        0x0 bin/blib.a(editstring.o)
 .text.unlikely
                0x0000000000013ca4        0x0 bin/blib.a(readline.o)
 .text.unlikely
                0x0000000000013ca4        0x0 bin/blib.a(pic8259.o)
 .text.unlikely
                0x0000000000013ca4        0x0 bin/blib.a(pnpbios.o)
 .text.unlikely
                0x0000000000013ca4        0x0 bin/blib.a(hidemem.o)
 .text.unlikely
                0x0000000000013ca4        0x0 bin/blib.a(__umoddi3.o)
 .text.unlikely
                0x0000000000013ca4        0x0 bin/blib.a(__udivdi3.o)
 .text.unlikely
                0x0000000000013ca4        0x0 bin/blib.a(__udivmoddi4.o)
 .text.unlikely
                0x0000000000013ca4        0x0 bin/blib.a(filter.o)
 .text.unlikely
                0x0000000000013ca4        0x0 bin/blib.a(smbios.o)
 .text.unlikely
                0x0000000000013ca4        0x0 bin/blib.a(cbc.o)
 .text.unlikely
                0x0000000000013ca4        0x0 bin/blib.a(asn1.o)
 .text.unlikely
                0x0000000000013ca4        0x0 bin/blib.a(bios_smbios.o)
 *(.rodata)
 .rodata        0x0000000000013ca4       0x60 bin/blib.a(bios_console.o)
 .rodata        0x0000000000013d04        0x7 bin/blib.a(elfboot.o)
 *fill*         0x0000000000013d0b        0x1 
 .rodata        0x0000000000013d0c        0x5 bin/blib.a(com32.o)
 *fill*         0x0000000000013d11        0x3 
 .rodata        0x0000000000013d14      0x488 bin/blib.a(pxe_call.o)
 .rodata        0x000000000001419c       0x74 bin/blib.a(comboot_call.o)
 .rodata        0x0000000000014210        0x9 bin/blib.a(uri.o)
 *fill*         0x0000000000014219        0x3 
 .rodata        0x000000000001421c       0x13 bin/blib.a(iscsi.o)
 *fill*         0x000000000001422f        0x1 
 .rodata        0x0000000000014230       0x48 bin/blib.a(ftp.o)
 .rodata        0x0000000000014278        0x8 bin/blib.a(http.o)
 .rodata        0x0000000000014280       0x14 bin/blib.a(tftp.o)
 .rodata        0x0000000000014294        0x7 bin/blib.a(script.o)
 .rodata        0x000000000001429b     0xb580 bin/blib.a(embedded.o)
 *fill*         0x000000000001f81b        0x1 
 .rodata        0x000000000001f81c      0x160 bin/blib.a(md5.o)
 .rodata        0x000000000001f97c        0x7 bin/blib.a(shell.o)
 *fill*         0x000000000001f983        0x1 
 .rodata        0x000000000001f984        0xc bin/blib.a(image_cmd.o)
 .rodata        0x000000000001f990        0xc bin/blib.a(pxe_preboot.o)
 .rodata        0x000000000001f99c       0x40 bin/blib.a(base64.o)
 .rodata        0x000000000001f9dc        0x1 bin/blib.a(tls.o)
 *fill*         0x000000000001f9dd        0x3 
 .rodata        0x000000000001f9e0       0x20 bin/blib.a(udp.o)
 .rodata        0x000000000001fa00        0x1 bin/blib.a(dhcpopts.o)
 *fill*         0x000000000001fa01        0x3 
 .rodata        0x000000000001fa04        0x9 bin/blib.a(dhcp.o)
 *fill*         0x000000000001fa0d        0x3 
 .rodata        0x000000000001fa10        0x9 bin/blib.a(x509.o)
 *fill*         0x000000000001fa19        0x3 
 .rodata        0x000000000001fa1c      0x220 bin/blib.a(aes.o)
 *(.rodata.*)
 .rodata.str1.1
                0x000000000001fc3c       0x1b bin/blib.a(bios_console.o)
                                         0x1c (size before relaxing)
 .rodata.str1.1
                0x000000000001fc57       0x10 bin/blib.a(comboot.o)
                                         0x11 (size before relaxing)
 .rodata.str1.1
                0x000000000001fc67       0x10 bin/blib.a(elfboot.o)
                                          0x4 (size before relaxing)
 .rodata.str1.1
                0x000000000001fc67       0x10 bin/blib.a(multiboot.o)
                                         0x11 (size before relaxing)
 .rodata.str1.1
                0x000000000001fc77        0x4 bin/blib.a(pxe_image.o)
 .rodata.str1.1
                0x000000000001fc7b       0x24 bin/blib.a(bzimage.o)
                                         0x29 (size before relaxing)
 .rodata.str1.1
                0x000000000001fc9f        0xa bin/blib.a(com32.o)
 .rodata.str1.1
                0x000000000001fca9        0x5 bin/blib.a(undionly.o)
 .rodata.str1.1
                0x000000000001fcae       0xb7 bin/blib.a(aoeboot.o)
 .rodata.str1.1
                0x000000000001fd65       0x51 bin/blib.a(iscsiboot.o)
                                         0xbd (size before relaxing)
 .rodata.str1.1
                0x000000000001fdb6       0x44 bin/blib.a(keepsan.o)
 .rodata.str1.1
                0x000000000001fdfa        0x8 bin/blib.a(comboot_call.o)
 .rodata.str1.1
                0x000000000001fe02       0x21 bin/blib.a(pxe_cmd.o)
 .rodata.str1.1
                0x000000000001fe23       0xb3 bin/blib.a(settings.o)
                                         0xec (size before relaxing)
 .rodata.str1.1
                0x000000000001fed6       0x80 bin/blib.a(main.o)
                                         0x86 (size before relaxing)
 .rodata.str1.1
                0x000000000001ff56       0x18 bin/blib.a(vsprintf.o)
 .rodata.str1.1
                0x000000000001ff6e       0x12 bin/blib.a(uri.o)
                                         0x1e (size before relaxing)
 .rodata.str1.1
                0x000000000001ff80        0x6 bin/blib.a(cpio.o)
 .rodata.str1.1
                0x000000000001ff86       0x21 bin/blib.a(exec.o)
                                         0x32 (size before relaxing)
 .rodata.str1.1
                0x000000000001ffa7        0x8 bin/blib.a(resolv.o)
 .rodata.str1.1
                0x000000000001ffaf        0x6 bin/blib.a(image.o)
 .rodata.str1.1
                0x000000000001ffb5       0x2d bin/blib.a(uuid.o)
 .rodata.str1.1
                0x000000000001ffe2        0x4 bin/blib.a(aoe.o)
                                          0x9 (size before relaxing)
 .rodata.str1.1
                0x000000000001ffe6       0x4d bin/blib.a(ipv4.o)
                                         0x55 (size before relaxing)
 .rodata.str1.1
                0x0000000000020033        0xe bin/blib.a(netdevice.o)
 .rodata.str1.1
                0x0000000000020041        0x5 bin/blib.a(icmp.o)
 .rodata.str1.1
                0x0000000000020046       0x1d bin/blib.a(netdev_settings.o)
 .rodata.str1.1
                0x0000000000020063        0xc bin/blib.a(https.o)
 .rodata.str1.1
                0x000000000002006f      0x264 bin/blib.a(iscsi.o)
                                        0x274 (size before relaxing)
 .rodata.str1.1
                0x00000000000202d3       0x4c bin/blib.a(ftp.o)
                                         0x55 (size before relaxing)
 .rodata.str1.1
                0x000000000002031f       0x85 bin/blib.a(http.o)
                                         0x8b (size before relaxing)
 .rodata.str1.1
                0x00000000000203a4       0x26 bin/blib.a(dns.o)
                                         0x2d (size before relaxing)
 .rodata.str1.1
                0x00000000000203ca       0x8d bin/blib.a(tftp.o)
                                         0x92 (size before relaxing)
 .rodata.str1.1
                0x0000000000020457        0x7 bin/blib.a(script.o)
 .rodata.str1.1
                0x000000000002045e        0x5 bin/blib.a(elf.o)
 .rodata.str1.1
                0x0000000000020463       0x1f bin/blib.a(segment.o)
 .rodata.str1.1
                0x0000000000020482        0x4 bin/blib.a(md5.o)
 .rodata.str1.1
                0x0000000000020486      0x141 bin/blib.a(strerror.o)
 .rodata.str1.1
                0x00000000000205c7       0x7f bin/blib.a(shell.o)
                                         0x83 (size before relaxing)
 .rodata.str1.1
                0x0000000000020646      0x288 bin/blib.a(image_cmd.o)
                                        0x2a5 (size before relaxing)
 .rodata.str1.1
                0x00000000000208ce       0x2f bin/blib.a(route_cmd.o)
                                         0x36 (size before relaxing)
 .rodata.str1.1
                0x00000000000208fd      0x105 bin/blib.a(dhcp_cmd.o)
                                        0x111 (size before relaxing)
 .rodata.str1.1
                0x0000000000020a02       0x33 bin/blib.a(autoboot_cmd.o)
 .rodata.str1.1
                0x0000000000020a35       0x9b bin/blib.a(ifmgmt_cmd.o)
                                         0xa2 (size before relaxing)
 .rodata.str1.1
                0x0000000000020ad0       0x53 bin/blib.a(sanboot_cmd.o)
                                         0x5a (size before relaxing)
 .rodata.str1.1
                0x0000000000020b23       0x4d bin/blib.a(login_cmd.o)
 .rodata.str1.1
                0x0000000000020b70       0x72 bin/blib.a(config_cmd.o)
                                         0x73 (size before relaxing)
 .rodata.str1.1
                0x0000000000020be2       0x9e bin/blib.a(nvo_cmd.o)
                                         0xa2 (size before relaxing)
 .rodata.str1.1
                0x0000000000020c80       0xa9 bin/blib.a(settings_ui.o)
                                         0xac (size before relaxing)
 .rodata.str1.1
                0x0000000000020d29       0x14 bin/blib.a(login_ui.o)
 .rodata.str1.1
                0x0000000000020d3d        0x2 bin/blib.a(wininit.o)
 .rodata.str1.1
                0x0000000000020d3d       0x1e bin/blib.a(ansi_screen.o)
 .rodata.str1.1
                0x0000000000020d5b        0x3 bin/blib.a(editbox.o)
 .rodata.str1.1
                0x0000000000020d5b       0xe6 bin/blib.a(autoboot.o)
                                         0xf1 (size before relaxing)
 .rodata.str1.1
                0x0000000000020e41       0xbf bin/blib.a(ifmgmt.o)
                                         0xc4 (size before relaxing)
 .rodata.str1.1
                0x0000000000020f00       0x33 bin/blib.a(dhcpmgmt.o)
                                         0x34 (size before relaxing)
 .rodata.str1.1
                0x0000000000020f33       0x12 bin/blib.a(pxemenu.o)
                                         0x21 (size before relaxing)
 .rodata.str1.1
                0x0000000000020f45       0x28 bin/blib.a(imgmgmt.o)
                                         0x2a (size before relaxing)
 .rodata.str1.1
                0x0000000000020f6d       0x1f bin/blib.a(route.o)
                                         0x24 (size before relaxing)
 .rodata.str1.1
                0x0000000000020f8c       0x17 bin/blib.a(gateA20.o)
 .rodata.str1.1
                0x0000000000020fa3        0xa bin/blib.a(undinet.o)
 .rodata.str1.1
                0x0000000000020fad        0xa bin/blib.a(pxe_undi.o)
 .rodata.str1.1
                0x0000000000020fb7       0x1f bin/blib.a(pxe_tftp.o)
                                         0x27 (size before relaxing)
 .rodata.str1.1
                0x0000000000020fd6        0x6 bin/blib.a(pxe_file.o)
 .rodata.str1.1
                0x0000000000020fdc        0x6 bin/blib.a(basename.o)
                                          0x4 (size before relaxing)
 .rodata.str1.1
                0x0000000000020fdc       0x9a bin/blib.a(getopt.o)
 .rodata.str1.1
                0x0000000000021076        0x4 bin/blib.a(monojob.o)
                                         0x10 (size before relaxing)
 .rodata.str1.1
                0x000000000002107a        0xa bin/blib.a(fakedhcp.o)
                                         0x11 (size before relaxing)
 .rodata.str1.1
                0x0000000000021084       0x2c bin/blib.a(tls.o)
 .rodata.str1.1
                0x00000000000210b0        0x8 bin/blib.a(tcp.o)
 .rodata.str1.1
                0x00000000000210b8        0x6 bin/blib.a(arp.o)
                                          0xa (size before relaxing)
 .rodata.str1.1
                0x00000000000210be       0x27 bin/blib.a(ethernet.o)
 .rodata.str1.1
                0x00000000000210e5        0xc bin/blib.a(rarp.o)
 .rodata.str1.1
                0x00000000000210f1        0x5 bin/blib.a(dhcppkt.o)
 .rodata.str1.1
                0x00000000000210f1        0x8 bin/blib.a(udp.o)
 .rodata.str1.1
                0x00000000000210f9       0x8a bin/blib.a(dhcp.o)
                                         0xa4 (size before relaxing)
 .rodata.str1.1
                0x0000000000021183       0x60 bin/blib.a(smbios_settings.o)
                                         0x65 (size before relaxing)
 .rodata.str1.1
                0x00000000000211e3        0x5 bin/blib.a(axtls_sha1.o)
 .rodata.str1.1
                0x00000000000211e8        0xc bin/blib.a(axtls_aes.o)
 .rodata.str1.1
                0x00000000000211f4        0x5 bin/blib.a(crypto_null.o)
 .rodata.str1.1
                0x00000000000211f9        0xf bin/blib.a(readline.o)
                                         0x12 (size before relaxing)
 *(.data)
 .data          0x0000000000021208        0x0 bin/blib.a(config.o)
 .data          0x0000000000021208       0x44 bin/blib.a(bios_console.o)
 .data          0x000000000002124c        0x0 bin/blib.a(comboot.o)
 .data          0x000000000002124c        0x0 bin/blib.a(elfboot.o)
 .data          0x000000000002124c        0x0 bin/blib.a(multiboot.o)
 .data          0x000000000002124c        0x0 bin/blib.a(pxe_image.o)
 .data          0x000000000002124c        0x0 bin/blib.a(bzimage.o)
 .data          0x000000000002124c        0x0 bin/blib.a(com32.o)
 .data          0x000000000002124c        0x8 bin/blib.a(undionly.o)
 .data          0x0000000000021254        0x0 bin/blib.a(undipreload.o)
 .data          0x0000000000021254        0x0 bin/blib.a(aoeboot.o)
 .data          0x0000000000021254        0x0 bin/blib.a(iscsiboot.o)
 .data          0x0000000000021254        0x0 bin/blib.a(ibft.o)
 .data          0x0000000000021254        0x0 bin/blib.a(abft.o)
 .data          0x0000000000021254        0x8 bin/blib.a(int13.o)
 .data          0x000000000002125c        0x0 bin/blib.a(keepsan.o)
 .data          0x000000000002125c        0x0 bin/blib.a(pxe_call.o)
 .data          0x000000000002125c       0x10 bin/blib.a(comboot_resolv.o)
 .data          0x000000000002126c        0x0 bin/blib.a(com32_call.o)
 .data          0x000000000002126c        0x0 bin/blib.a(comboot_call.o)
 .data          0x000000000002126c        0x0 bin/blib.a(pxe_cmd.o)
 .data          0x000000000002126c        0x0 bin/blib.a(x86_string.o)
 .data          0x000000000002126c        0x0 bin/blib.a(setjmp.o)
 .data          0x000000000002126c        0x0 bin/blib.a(virtaddr.o)
 .data          0x000000000002126c       0x14 bin/blib.a(librm.o)
                0x000000000002126c                rm_sp
                0x000000000002126e                rm_ss
                0x0000000000021274                virt_offset
                0x0000000000021278                text16
                0x000000000002127c                data16
 .data          0x0000000000021280        0x0 bin/blib.a(kpxeprefix.o)
 .data          0x0000000000021280        0x0 bin/blib.a(libprefix.o)
 .data          0x0000000000021280        0x0 bin/blib.a(pxe_entry.o)
 .data          0x0000000000021280        0x0 bin/blib.a(com32_wrapper.o)
 .data          0x0000000000021280        0x0 bin/blib.a(interface.o)
 .data          0x0000000000021280        0x0 bin/blib.a(init.o)
 .data          0x0000000000021280       0x38 bin/blib.a(settings.o)
                0x0000000000021280                generic_settings_root
                0x00000000000212ac                generic_settings_operations
 .data          0x00000000000212b8        0x0 bin/blib.a(main.o)
 .data          0x00000000000212b8        0x6 bin/blib.a(vsprintf.o)
 *fill*         0x00000000000212be        0x2 
 .data          0x00000000000212c0       0x20 bin/blib.a(posix_io.o)
 .data          0x00000000000212e0        0x0 bin/blib.a(console.o)
 .data          0x00000000000212e0        0x0 bin/blib.a(open.o)
 .data          0x00000000000212e0        0x0 bin/blib.a(acpi.o)
 .data          0x00000000000212e0        0x0 bin/blib.a(uri.o)
 .data          0x00000000000212e0        0x8 bin/blib.a(device.o)
 .data          0x00000000000212e8        0x0 bin/blib.a(cpio.o)
 .data          0x00000000000212e8        0x0 bin/blib.a(misc.o)
 .data          0x00000000000212e8        0x8 bin/blib.a(process.o)
 .data          0x00000000000212f0        0x8 bin/blib.a(malloc.o)
 .data          0x00000000000212f8        0x0 bin/blib.a(ansiesc.o)
 .data          0x00000000000212f8        0x0 bin/blib.a(exec.o)
 .data          0x00000000000212f8        0x0 bin/blib.a(serial.o)
 .data          0x00000000000212f8        0x0 bin/blib.a(timer.o)
 .data          0x00000000000212f8       0x30 bin/blib.a(resolv.o)
                0x0000000000021318                null_resolv
                0x0000000000021324                null_resolv_ops
 .data          0x0000000000021328        0x0 bin/blib.a(iobuf.o)
 .data          0x0000000000021328        0x8 bin/blib.a(image.o)
                0x0000000000021328                images
 .data          0x0000000000021330        0x0 bin/blib.a(string.o)
 .data          0x0000000000021330        0x0 bin/blib.a(cwuri.o)
 .data          0x0000000000021330        0x0 bin/blib.a(refcnt.o)
 .data          0x0000000000021330        0x0 bin/blib.a(uuid.o)
 .data          0x0000000000021330        0x8 bin/blib.a(aoe.o)
 .data          0x0000000000021338       0x10 bin/blib.a(ipv4.o)
                0x0000000000021340                ipv4_miniroutes
 .data          0x0000000000021348       0x10 bin/blib.a(netdevice.o)
                0x0000000000021350                net_devices
 .data          0x0000000000021358        0x8 bin/blib.a(retry.o)
 .data          0x0000000000021360        0x0 bin/blib.a(icmp.o)
 .data          0x0000000000021360        0xc bin/blib.a(netdev_settings.o)
                0x0000000000021360                netdev_settings_operations
 .data          0x000000000002136c        0x0 bin/blib.a(https.o)
 .data          0x000000000002136c       0xa0 bin/blib.a(iscsi.o)
 .data          0x000000000002140c       0x48 bin/blib.a(ftp.o)
 .data          0x0000000000021454       0x48 bin/blib.a(http.o)
 .data          0x000000000002149c       0x38 bin/blib.a(dns.o)
 .data          0x00000000000214d4       0x8c bin/blib.a(tftp.o)
 .data          0x0000000000021560        0x0 bin/blib.a(script.o)
 .data          0x0000000000021560        0x0 bin/blib.a(elf.o)
 .data          0x0000000000021560        0x0 bin/blib.a(segment.o)
 .data          0x0000000000021560       0x80 bin/blib.a(embedded.o)
 .data          0x00000000000215e0        0x8 bin/blib.a(ata.o)
 .data          0x00000000000215e8       0x10 bin/blib.a(scsi.o)
 .data          0x00000000000215f8       0x1c bin/blib.a(md5.o)
                0x00000000000215f8                md5_algorithm
 .data          0x0000000000021614        0x0 bin/blib.a(chap.o)
 .data          0x0000000000021614        0x0 bin/blib.a(shell_banner.o)
 .data          0x0000000000021614        0x0 bin/blib.a(strerror.o)
 .data          0x0000000000021614        0x0 bin/blib.a(shell.o)
 .data          0x0000000000021614       0xd0 bin/blib.a(image_cmd.o)
 .data          0x00000000000216e4       0x20 bin/blib.a(route_cmd.o)
 .data          0x0000000000021704       0x40 bin/blib.a(dhcp_cmd.o)
 .data          0x0000000000021744        0x0 bin/blib.a(autoboot_cmd.o)
 .data          0x0000000000021744       0x20 bin/blib.a(ifmgmt_cmd.o)
 .data          0x0000000000021764       0x20 bin/blib.a(sanboot_cmd.o)
 .data          0x0000000000021784        0x0 bin/blib.a(login_cmd.o)
 .data          0x0000000000021784        0x0 bin/blib.a(config_cmd.o)
 .data          0x0000000000021784        0x0 bin/blib.a(nvo_cmd.o)
 .data          0x0000000000021784        0x0 bin/blib.a(settings_ui.o)
 .data          0x0000000000021784        0x0 bin/blib.a(login_ui.o)
 .data          0x0000000000021784       0x20 bin/blib.a(colour.o)
 .data          0x00000000000217a4        0x0 bin/blib.a(print.o)
 .data          0x00000000000217a4       0x24 bin/blib.a(mucurses.o)
                0x00000000000217a4                _stdscr
 .data          0x00000000000217c8        0x0 bin/blib.a(wininit.o)
 .data          0x00000000000217c8       0x28 bin/blib.a(ansi_screen.o)
                0x00000000000217c8                _ansi_screen
                0x00000000000217ec                _LINES
                0x00000000000217ee                _COLS
 .data          0x00000000000217f0        0x0 bin/blib.a(winattrs.o)
 .data          0x00000000000217f0        0x0 bin/blib.a(clear.o)
 .data          0x00000000000217f0        0x0 bin/blib.a(editbox.o)
 .data          0x00000000000217f0        0x0 bin/blib.a(autoboot.o)
 .data          0x00000000000217f0        0x0 bin/blib.a(ifmgmt.o)
 .data          0x00000000000217f0        0x0 bin/blib.a(dhcpmgmt.o)
 .data          0x00000000000217f0        0x0 bin/blib.a(pxemenu.o)
 .data          0x00000000000217f0        0x0 bin/blib.a(imgmgmt.o)
 .data          0x00000000000217f0        0x0 bin/blib.a(route.o)
 .data          0x00000000000217f0        0x0 bin/blib.a(relocate.o)
 .data          0x00000000000217f0        0x0 bin/blib.a(timer2.o)
 .data          0x00000000000217f0        0x0 bin/blib.a(librm_mgmt.o)
 .data          0x00000000000217f0        0x4 bin/blib.a(gateA20.o)
 .data          0x00000000000217f4        0x0 bin/blib.a(memmap.o)
 .data          0x00000000000217f4        0x0 bin/blib.a(bootsector.o)
 .data          0x00000000000217f4       0x14 bin/blib.a(undinet.o)
 .data          0x0000000000021808        0x0 bin/blib.a(memtop_umalloc.o)
 .data          0x0000000000021808        0x0 bin/blib.a(biosint.o)
 .data          0x0000000000021808        0x0 bin/blib.a(bios_timer.o)
 .data          0x0000000000021808        0x0 bin/blib.a(bios_nap.o)
 .data          0x0000000000021808       0x48 bin/blib.a(pxe_udp.o)
 .data          0x0000000000021850        0x0 bin/blib.a(pxe_undi.o)
 .data          0x0000000000021850        0x0 bin/blib.a(pxe_loader.o)
 .data          0x0000000000021850        0x0 bin/blib.a(pxe_preboot.o)
 .data          0x0000000000021850       0x44 bin/blib.a(pxe_tftp.o)
 .data          0x0000000000021894        0x0 bin/blib.a(pxe_file.o)
 .data          0x0000000000021894        0x0 bin/blib.a(pxeparent.o)
 .data          0x0000000000021894        0x0 bin/blib.a(stack16.o)
 .data          0x0000000000021894        0x0 bin/blib.a(stack.o)
 .data          0x0000000000021894        0x0 bin/blib.a(unnrv2b16.o)
 .data          0x0000000000021894        0x0 bin/blib.a(undiisr.o)
 .data          0x0000000000021894        0x0 bin/blib.a(ctype.o)
 .data          0x0000000000021894        0x0 bin/blib.a(basename.o)
 .data          0x0000000000021894        0x0 bin/blib.a(getopt.o)
 .data          0x0000000000021894        0x0 bin/blib.a(asprintf.o)
 .data          0x0000000000021894        0x0 bin/blib.a(linebuf.o)
 .data          0x0000000000021894        0x0 bin/blib.a(getkey.o)
 .data          0x0000000000021894       0x24 bin/blib.a(downloader.o)
 .data          0x00000000000218b8       0x24 bin/blib.a(xfer.o)
                0x00000000000218b8                null_xfer
                0x00000000000218c4                null_xfer_ops
 .data          0x00000000000218dc       0x18 bin/blib.a(job.o)
                0x00000000000218dc                null_job
                0x00000000000218e8                null_job_ops
 .data          0x00000000000218f4        0x0 bin/blib.a(base64.o)
 .data          0x00000000000218f4        0x0 bin/blib.a(bitmap.o)
 .data          0x00000000000218f4       0x18 bin/blib.a(monojob.o)
                0x00000000000218f4                monojob
 .data          0x000000000002190c        0x0 bin/blib.a(random.o)
 .data          0x000000000002190c        0x0 bin/blib.a(fakedhcp.o)
 .data          0x000000000002190c       0x30 bin/blib.a(tls.o)
 .data          0x000000000002193c       0x28 bin/blib.a(tcp.o)
                0x0000000000021940                tcp_sock_stream
 .data          0x0000000000021964        0x0 bin/blib.a(arp.o)
 .data          0x0000000000021964        0x6 bin/blib.a(ethernet.o)
 .data          0x000000000002196a        0x0 bin/blib.a(tcpip.o)
 .data          0x000000000002196a        0x0 bin/blib.a(rarp.o)
 *fill*         0x000000000002196a        0x2 
 .data          0x000000000002196c       0x14 bin/blib.a(nullnet.o)
                0x000000000002196c                null_netdev_operations
 .data          0x0000000000021980       0x3c bin/blib.a(dhcppkt.o)
 .data          0x00000000000219bc       0x28 bin/blib.a(udp.o)
                0x00000000000219c0                udp_sock_dgram
 .data          0x00000000000219e4        0x0 bin/blib.a(dhcpopts.o)
 .data          0x00000000000219e4       0xfc bin/blib.a(dhcp.o)
 .data          0x0000000000021ae0       0x30 bin/blib.a(smbios_settings.o)
 .data          0x0000000000021b10       0x1c bin/blib.a(axtls_sha1.o)
                0x0000000000021b10                sha1_algorithm
 .data          0x0000000000021b2c       0x38 bin/blib.a(axtls_aes.o)
                0x0000000000021b2c                aes_cbc_algorithm
                0x0000000000021b48                aes_algorithm
 .data          0x0000000000021b64        0x0 bin/blib.a(hmac.o)
 .data          0x0000000000021b64       0x40 bin/blib.a(crypto_null.o)
                0x0000000000021b64                pubkey_null
                0x0000000000021b6c                cipher_null
                0x0000000000021b88                digest_null
 .data          0x0000000000021ba4        0x0 bin/blib.a(x509.o)
 .data          0x0000000000021ba4        0x0 bin/blib.a(sha1.o)
 .data          0x0000000000021ba4        0x0 bin/blib.a(rsa.o)
 .data          0x0000000000021ba4        0x0 bin/blib.a(bigint.o)
 .data          0x0000000000021ba4        0x0 bin/blib.a(aes.o)
 .data          0x0000000000021ba4        0x0 bin/blib.a(editstring.o)
 .data          0x0000000000021ba4        0x0 bin/blib.a(readline.o)
 .data          0x0000000000021ba4        0x0 bin/blib.a(pic8259.o)
 .data          0x0000000000021ba4        0x0 bin/blib.a(basemem_packet.o)
 .data          0x0000000000021ba4        0x0 bin/blib.a(pnpbios.o)
 .data          0x0000000000021ba4        0x0 bin/blib.a(hidemem.o)
 .data          0x0000000000021ba4        0x0 bin/blib.a(e820mangler.o)
 .data          0x0000000000021ba4        0x0 bin/blib.a(__umoddi3.o)
 .data          0x0000000000021ba4        0x0 bin/blib.a(__udivdi3.o)
 .data          0x0000000000021ba4        0x0 bin/blib.a(__udivmoddi4.o)
 .data          0x0000000000021ba4        0x0 bin/blib.a(filter.o)
 .data          0x0000000000021ba4        0x0 bin/blib.a(smbios.o)
 .data          0x0000000000021ba4        0x0 bin/blib.a(cbc.o)
 .data          0x0000000000021ba4        0x0 bin/blib.a(asn1.o)
 .data          0x0000000000021ba4        0x0 bin/blib.a(bios_smbios.o)
 *(.data.*)
 *(SORT(.tbl.*))
 .tbl.arp_net_protocols.00
                0x0000000000021ba4        0x0 bin/blib.a(arp.o)
 .tbl.arp_net_protocols.01
                0x0000000000021ba4        0x8 bin/blib.a(ipv4.o)
                0x0000000000021ba4                ipv4_arp_protocol
 .tbl.arp_net_protocols.99
                0x0000000000021bac        0x0 bin/blib.a(arp.o)
 .tbl.commands.00
                0x0000000000021bac        0x0 bin/blib.a(exec.o)
 .tbl.commands.00
                0x0000000000021bac        0x0 bin/blib.a(shell.o)
 .tbl.commands.01
                0x0000000000021bac       0x10 bin/blib.a(pxe_cmd.o)
                0x0000000000021bac                pxe_commands
 .tbl.commands.01
                0x0000000000021bbc        0x8 bin/blib.a(exec.o)
                0x0000000000021bbc                echo_command
 .tbl.commands.01
                0x0000000000021bc4       0x10 bin/blib.a(shell.o)
                0x0000000000021bc4                help_command
                0x0000000000021bcc                exit_command
 .tbl.commands.01
                0x0000000000021bd4       0x58 bin/blib.a(image_cmd.o)
                0x0000000000021bd4                image_commands
 .tbl.commands.01
                0x0000000000021c2c        0x8 bin/blib.a(route_cmd.o)
                0x0000000000021c2c                route_commands
 .tbl.commands.01
                0x0000000000021c34       0x10 bin/blib.a(dhcp_cmd.o)
                0x0000000000021c34                dhcp_commands
 .tbl.commands.01
                0x0000000000021c44        0x8 bin/blib.a(autoboot_cmd.o)
                0x0000000000021c44                autoboot_command
 .tbl.commands.01
                0x0000000000021c4c       0x18 bin/blib.a(ifmgmt_cmd.o)
                0x0000000000021c4c                ifmgmt_commands
 .tbl.commands.01
                0x0000000000021c64        0x8 bin/blib.a(sanboot_cmd.o)
                0x0000000000021c64                sanboot_command
 .tbl.commands.01
                0x0000000000021c6c        0x8 bin/blib.a(login_cmd.o)
                0x0000000000021c6c                login_command
 .tbl.commands.01
                0x0000000000021c74        0x8 bin/blib.a(config_cmd.o)
                0x0000000000021c74                config_command
 .tbl.commands.01
                0x0000000000021c7c       0x18 bin/blib.a(nvo_cmd.o)
                0x0000000000021c7c                nvo_commands
 .tbl.commands.99
                0x0000000000021c94        0x0 bin/blib.a(exec.o)
 .tbl.commands.99
                0x0000000000021c94        0x0 bin/blib.a(shell.o)
 .tbl.consoles.00
                0x0000000000021c94        0x0 bin/blib.a(console.o)
 .tbl.consoles.01
                0x0000000000021c94       0x14 bin/blib.a(bios_console.o)
                0x0000000000021c94                bios_console
 .tbl.consoles.99
                0x0000000000021ca8        0x0 bin/blib.a(console.o)
 .tbl.dhcp_features.00
                0x0000000000021ca8        0x0 bin/blib.a(dhcp.o)
 .tbl.dhcp_features.01
                0x0000000000021ca8        0x3 bin/blib.a(comboot.o)
                0x0000000000021ca8                __dhcp_feature_comboot
 .tbl.dhcp_features.01
                0x0000000000021cab        0x3 bin/blib.a(elfboot.o)
                0x0000000000021cab                __dhcp_feature_elfboot
 .tbl.dhcp_features.01
                0x0000000000021cae        0x3 bin/blib.a(multiboot.o)
                0x0000000000021cae                __dhcp_feature_multiboot
 .tbl.dhcp_features.01
                0x0000000000021cb1        0x3 bin/blib.a(pxe_image.o)
                0x0000000000021cb1                __dhcp_feature_pxe_image
 .tbl.dhcp_features.01
                0x0000000000021cb4        0x3 bin/blib.a(bzimage.o)
                0x0000000000021cb4                __dhcp_feature_bzimage
 .tbl.dhcp_features.01
                0x0000000000021cb7        0x3 bin/blib.a(aoe.o)
                0x0000000000021cb7                __dhcp_feature_aoe
 .tbl.dhcp_features.01
                0x0000000000021cba        0x3 bin/blib.a(https.o)
                0x0000000000021cba                __dhcp_feature_https
 .tbl.dhcp_features.01
                0x0000000000021cbd        0x3 bin/blib.a(iscsi.o)
                0x0000000000021cbd                __dhcp_feature_iscsi
 .tbl.dhcp_features.01
                0x0000000000021cc0        0x3 bin/blib.a(ftp.o)
                0x0000000000021cc0                __dhcp_feature_ftp
 .tbl.dhcp_features.01
                0x0000000000021cc3        0x3 bin/blib.a(http.o)
                0x0000000000021cc3                __dhcp_feature_http
 .tbl.dhcp_features.01
                0x0000000000021cc6        0x3 bin/blib.a(dns.o)
                0x0000000000021cc6                __dhcp_feature_dns
 .tbl.dhcp_features.01
                0x0000000000021cc9        0x3 bin/blib.a(tftp.o)
                0x0000000000021cc9                __dhcp_feature_tftp
 .tbl.dhcp_features.01
                0x0000000000021ccc        0x3 bin/blib.a(pxe_file.o)
                0x0000000000021ccc                __dhcp_feature_pxe_file
 .tbl.dhcp_features.01
                0x0000000000021ccf        0x5 bin/blib.a(dhcp.o)
                0x0000000000021ccf                __dhcp_feature_dhcp
 .tbl.dhcp_features.99
                0x0000000000021cd4        0x0 bin/blib.a(dhcp.o)
 .tbl.errortab.00
                0x0000000000021cd4        0x0 bin/blib.a(strerror.o)
 .tbl.errortab.01
                0x0000000000021cd4        0x8 bin/blib.a(netdevice.o)
                0x0000000000021cd4                netdev_errors
 .tbl.errortab.01
                0x0000000000021cdc        0x8 bin/blib.a(segment.o)
                0x0000000000021cdc                segment_errors
 .tbl.errortab.01
                0x0000000000021ce4       0x88 bin/blib.a(strerror.o)
                0x0000000000021ce4                common_errors
 .tbl.errortab.99
                0x0000000000021d6c        0x0 bin/blib.a(strerror.o)
 .tbl.features.00
                0x0000000000021d6c        0x0 bin/blib.a(main.o)
 .tbl.features.01
                0x0000000000021d6c        0x4 bin/blib.a(aoe.o)
                0x0000000000021d6c                __feature_aoe
 .tbl.features.01
                0x0000000000021d70        0x4 bin/blib.a(https.o)
                0x0000000000021d70                __feature_https
 .tbl.features.01
                0x0000000000021d74        0x4 bin/blib.a(iscsi.o)
                0x0000000000021d74                __feature_iscsi
 .tbl.features.01
                0x0000000000021d78        0x4 bin/blib.a(ftp.o)
                0x0000000000021d78                __feature_ftp
 .tbl.features.01
                0x0000000000021d7c        0x4 bin/blib.a(http.o)
                0x0000000000021d7c                __feature_http
 .tbl.features.01
                0x0000000000021d80        0x4 bin/blib.a(dns.o)