GAS LISTING /tmp/ccVd42jC.s 			page 1


   1              	# 1 "/home/jmaggard/source/readynas-platform/boot/syslinux/core/thread/sem_asm.S"
   1              		.globl	sem_down
   1              	...
   0              	
   0              	
   2              		.type	sem_down, @function
   3              	sem_down:
   4 0000 FF08     		decl	(%eax)
   5 0002 0F88FCFF 		js	__sem_down_slow
   5      FFFF
   6 0008 31C0     		xorl	%eax, %eax
   7 000a C3       		ret
   8              		.size	sem_down, .-sem_down
   9              	
  10              		.globl	sem_up
  11              		.type	sem_up, @function
  12              	sem_up:
  13 000b FF00     		incl	(%eax)
  14 000d 0F8EFCFF 		jle	__sem_up_slow
  14      FFFF
  15 0013 C3       		ret
  16              		.size	sem_up, .-sem_up
GAS LISTING /tmp/ccVd42jC.s 			page 2


DEFINED SYMBOLS
/home/jmaggard/source/readynas-platform/boot/syslinux/core/thread/sem_asm.S:3      .text:0000000000000000 sem_down
/home/jmaggard/source/readynas-platform/boot/syslinux/core/thread/sem_asm.S:12     .text:000000000000000b sem_up

UNDEFINED SYMBOLS
__sem_down_slow
__sem_up_slow
