 leafnets

 Timestamp is 46392351 (Wed May 02 16:48:33 2007)

 Preferred load address is 00010000

 Start         Length     Name                   Class
 0001:00000000 0000b2d6H .text                   CODE
 0002:00000000 00000098H .idata$5                DATA
 0002:000000a0 000006e0H .rdata                  DATA
 0002:00000780 00000072H .rdata$debug            DATA
 0002:00000800 00000004H .rdata$sxdata           DATA
 0003:00000000 00000048H .data                   DATA
 0003:00000060 00000044H .bss                    DATA
 0004:00000000 0000063bH INIT                    CODE
 0004:0000063c 0000003cH .idata$2                CODE
 0004:00000678 00000014H .idata$3                CODE
 0004:0000068c 00000098H .idata$4                CODE
 0004:00000724 0000035aH .idata$6                CODE
 0005:00000000 00000058H .rsrc$01                DATA
 0005:00000060 00000348H .rsrc$02                DATA

  Address         Publics by Value              Rva+Base     Lib:Object

 0000:00000000       __except_list              00000000     <absolute>
 0000:00000001       ___safe_se_handler_count   00000001     <absolute>
 0001:00000000       _MemAlloc@8                00010480 f   tapdrvr.obj
 0001:000000b0       _MemFree@8                 00010530 f   tapdrvr.obj
 0001:00000190       _QueueInit@4               00010610 f   tapdrvr.obj
 0001:00000250       _QueueFree@4               000106d0 f   tapdrvr.obj
 0001:00000350       _QueuePush@8               000107d0 f   tapdrvr.obj
 0001:000004c0       _QueuePop@4                00010940 f   tapdrvr.obj
 0001:00000680       _QueueExtract@8            00010b00 f   tapdrvr.obj
 0001:000007c0       _HexStringToDecimalInt@4   00010c40 f   tapdrvr.obj
 0001:000008d0       _ParseMAC@8                00010d50 f   tapdrvr.obj
 0001:00000a10       _GenerateRandomMac@8       00010e90 f   tapdrvr.obj
 0001:00000b20       _GenerateRelatedMAC@12     00010fa0 f   tapdrvr.obj
 0001:00000b50       _NewlineExists@8           00010fd0 f   tapdrvr.obj
 0001:00000ba0       _MyDebugInit@4             00011020 f   tapdrvr.obj
 0001:00000bf0       _MyDebugFree@0             00011070 f   tapdrvr.obj
 0001:00000c40       _MyDebugPrint              000110c0 f   tapdrvr.obj
 0001:00000d80       _GetDebugLine@8            00011200 f   tapdrvr.obj
 0001:00000fb0       _MyAssert@8                00011430 f   tapdrvr.obj
 0001:00001040       _PrMac@4                   000114c0 f   tapdrvr.obj
 0001:00001100       _PrIP@4                    00011580 f   tapdrvr.obj
 0001:000011a0       _PrIPProto@4               00011620 f   tapdrvr.obj
 0001:00001300       _DumpARP@8                 00011780 f   tapdrvr.obj
 0001:00001590       _DumpPacket2@16            00011a10 f   tapdrvr.obj
 0001:00001770       _DumpPacket@12             00011bf0 f   tapdrvr.obj
 0001:00001d90       _SetDHCPOpt@12             00012210 f   tapdrvr.obj
 0001:00001e00       _SetDHCPOpt0@8             00012280 f   tapdrvr.obj
 0001:00001e20       _SetDHCPOpt8@12            000122a0 f   tapdrvr.obj
 0001:00001e50       _SetDHCPOpt32@12           000122d0 f   tapdrvr.obj
 0001:00001e80       _ip_checksum@8             00012300 f   tapdrvr.obj
 0001:00001f10       _udp_checksum@16           00012390 f   tapdrvr.obj
 0001:00002050       _SetChecksumDHCPMsg@4      000124d0 f   tapdrvr.obj
 0001:000020a0       _GetDHCPMessageType@8      00012520 f   tapdrvr.obj
 0001:00002160       _DHCPMessageOurs@20        000125e0 f   tapdrvr.obj
 0001:00002240       _BuildDHCPPre@32           000126c0 f   tapdrvr.obj
 0001:000024e0       _SendDHCPMsg@24            00012960 f   tapdrvr.obj
 0001:00002680       _ProcessDHCP@24            00012b00 f   tapdrvr.obj
 0001:00002800       _message_op_text@4         00012c80 f   tapdrvr.obj
 0001:000028a0       _message_type_text@4       00012d20 f   tapdrvr.obj
 0001:00002950       _port_name@4               00012dd0 f   tapdrvr.obj
 0001:00002bd0       _DumpDHCP@20               00013050 f   tapdrvr.obj
 0001:000034d0       _InstanceHashValue@4       00013950 f   tapdrvr.obj
 0001:000035d0       _InitInstanceList@0        00013a50 f   tapdrvr.obj
 0001:00003640       _NInstances@0              00013ac0 f   tapdrvr.obj
 0001:00003720       _InstanceMaxBucketSize@0   00013ba0 f   tapdrvr.obj
 0001:00003880       _FreeInstanceList@0        00013d00 f   tapdrvr.obj
 0001:00003970       _AddAdapterToInstanceList@4 00013df0 f   tapdrvr.obj
 0001:00003a80       _RemoveAdapterFromInstanceList@4 00013f00 f   tapdrvr.obj
 0001:00003b80       _LookupAdapterInInstanceList@4 00014000 f   tapdrvr.obj
 0001:00003d20       _TapDriverUnload@4         000141a0 f   tapdrvr.obj
 0001:00004190       _AdapterCreate@24          00014610 f   tapdrvr.obj
 0001:00004a00       _AdapterHalt@4             00014e80 f   tapdrvr.obj
 0001:00004bb0       _AdapterFreeResources@4    00015030 f   tapdrvr.obj
 0001:00004c50       _DestroyTapDevice@4        000150d0 f   tapdrvr.obj
 0001:00004df0       _TapDeviceFreeResources@4  00015270 f   tapdrvr.obj
 0001:00005390       _CreateTapDevice@8         00015810 f   tapdrvr.obj
 0001:000059e0       _AdapterReset@8            00015e60 f   tapdrvr.obj
 0001:00005a30       _AdapterReceive@24         00015eb0 f   tapdrvr.obj
 0001:00005a90       _AdapterQuery@24           00015f10 f   tapdrvr.obj
 0001:00006220       _AdapterModify@24          000166a0 f   tapdrvr.obj
 0001:00006800       _AdapterTransmit@12        00016c80 f   tapdrvr.obj
 0001:00007da0       _TapDeviceHook@8           00018220 f   tapdrvr.obj
 0001:000093c0       _CompleteIRP@12            00019840 f   tapdrvr.obj
 0001:00009590       _CancelIRPCallback@8       00019a10 f   tapdrvr.obj
 0001:00009640       _CancelIRP@12              00019ac0 f   tapdrvr.obj
 0001:00009830       _FlushQueues@4             00019cb0 f   tapdrvr.obj
 0001:000099c0       _SetMediaStatus@8          00019e40 f   tapdrvr.obj
 0001:00009a40       _CheckIfDhcpAndTunMode@4   00019ec0 f   tapdrvr.obj
 0001:00009aa0       _ProcessARP@24             00019f20 f   tapdrvr.obj
 0001:00009de0       _InjectPacket@12           0001a260 f   tapdrvr.obj
 0001:00009f00       _ResetTapAdapterState@4    0001a380 f   tapdrvr.obj
 0001:0000a3d0       _AllowNonAdmin@4           0001a850 f   tapdrvr.obj
 0001:0000a6a0       _IPv4PacketSizeVerify@20   0001ab20 f   tapdrvr.obj
 0001:0000a770       __except_handler3          0001abf0 f   ntoskrnl:ntoskrnl.exe
 0001:0000a776       _DbgPrint                  0001abf6 f   ntoskrnl:ntoskrnl.exe
 0001:0000a77e       _RtlStringVPrintfExWorkerA@32 0001abfe f   ntstrsafe:ntstrsafe.obj
 0001:0000a91c       _RtlStringCchPrintfExA     0001ad9c f   ntstrsafe:ntstrsafe.obj
 0001:0000a950       _RtlStringCchVPrintfExA@28 0001add0 f   ntstrsafe:ntstrsafe.obj
 0001:0000a984       __vsnprintf                0001ae04 f   ntstrsafe:vsnprint.obj
 0001:0000a9da       __flsbuf                   0001ae5a f   ntstrsafe:_flsbuf.obj
 0001:0000aa74       __output                   0001aef4 f   ntstrsafe:output.obj
 0001:0000b1f4       _wctomb                    0001b674 f   ntstrsafe:wctomb.obj
 0001:0000b230       __aulldvrm                 0001b6b0 f   ntstrsafe:ulldvrm.obj
 0001:0000b2c5       __fptrap                   0001b745 f   ntstrsafe:crt0fp.obj
 0001:0000b2ce       __amsg_exit                0001b74e f   ntstrsafe:stubs.obj
 0001:0000b2d0       _RtlUnicodeToMultiByteN@20 0001b750 f   ntoskrnl:ntoskrnl.exe
 0002:00000000       __imp_@KfAcquireSpinLock@4 0001b780     hal:HAL.dll
 0002:00000004       __imp_@KfReleaseSpinLock@8 0001b784     hal:HAL.dll
 0002:00000008       __imp__KeGetCurrentIrql@0  0001b788     hal:HAL.dll
 0002:0000000c       \177HAL_NULL_THUNK_DATA    0001b78c     hal:HAL.dll
 0002:00000010       __imp__NdisMDeregisterDevice@4 0001b790     ndis:NDIS.SYS
 0002:00000014       __imp__NdisMDeregisterAdapterShutdownHandler@4 0001b794     ndis:NDIS.SYS
 0002:00000018       __imp__NdisMSetAttributesEx@20 0001b798     ndis:NDIS.SYS
 0002:0000001c       __imp__NdisMRegisterAdapterShutdownHandler@12 0001b79c     ndis:NDIS.SYS
 0002:00000020       __imp__NdisOpenConfiguration@12 0001b7a0     ndis:NDIS.SYS
 0002:00000024       __imp__NdisReadConfiguration@20 0001b7a4     ndis:NDIS.SYS
 0002:00000028       __imp__NdisCloseConfiguration@4 0001b7a8     ndis:NDIS.SYS
 0002:0000002c       __imp__NdisInitializeWrapper@16 0001b7ac     ndis:NDIS.SYS
 0002:00000030       __imp__NdisMRegisterMiniport@12 0001b7b0     ndis:NDIS.SYS
 0002:00000034       __imp__NdisTerminateWrapper@8 0001b7b4     ndis:NDIS.SYS
 0002:00000038       __imp__NdisMRegisterUnloadHandler@8 0001b7b8     ndis:NDIS.SYS
 0002:0000003c       __imp__NdisMSleep@4        0001b7bc     ndis:NDIS.SYS
 0002:00000040       __imp__NdisFreeMemory@12   0001b7c0     ndis:NDIS.SYS
 0002:00000044       __imp__NdisAllocateMemoryWithTag@12 0001b7c4     ndis:NDIS.SYS
 0002:00000048       __imp__NdisMRegisterDevice@24 0001b7c8     ndis:NDIS.SYS
 0002:0000004c       \177NDIS_NULL_THUNK_DATA   0001b7cc     ndis:NDIS.SYS
 0002:00000050       __imp___except_handler3    0001b7d0     ntoskrnl:ntoskrnl.exe
 0002:00000054       __imp__DbgPrint            0001b7d4     ntoskrnl:ntoskrnl.exe
 0002:00000058       __imp__RtlFreeAnsiString@4 0001b7d8     ntoskrnl:ntoskrnl.exe
 0002:0000005c       __imp__RtlCreateSecurityDescriptor@8 0001b7dc     ntoskrnl:ntoskrnl.exe
 0002:00000060       __imp__ZwOpenFile@24       0001b7e0     ntoskrnl:ntoskrnl.exe
 0002:00000064       __imp__ZwSetSecurityObject@12 0001b7e4     ntoskrnl:ntoskrnl.exe
 0002:00000068       __imp__ZwClose@4           0001b7e8     ntoskrnl:ntoskrnl.exe
 0002:0000006c       __imp__IoReleaseCancelSpinLock@4 0001b7ec     ntoskrnl:ntoskrnl.exe
 0002:00000070       __imp_@IofCompleteRequest@8 0001b7f0     ntoskrnl:ntoskrnl.exe
 0002:00000074       __imp__MmMapLockedPagesSpecifyCache@24 0001b7f4     ntoskrnl:ntoskrnl.exe
 0002:00000078       __imp__MmMapLockedPages@8  0001b7f8     ntoskrnl:ntoskrnl.exe
 0002:0000007c       __imp__RtlAnsiStringToUnicodeString@12 0001b7fc     ntoskrnl:ntoskrnl.exe
 0002:00000080       __imp__RtlFreeUnicodeString@4 0001b800     ntoskrnl:ntoskrnl.exe
 0002:00000084       __imp__KeInitializeSpinLock@4 0001b804     ntoskrnl:ntoskrnl.exe
 0002:00000088       __imp__KeBugCheckEx@20     0001b808     ntoskrnl:ntoskrnl.exe
 0002:0000008c       __imp__RtlUnicodeStringToAnsiString@12 0001b80c     ntoskrnl:ntoskrnl.exe
 0002:00000090       __imp__RtlUnicodeToMultiByteN@20 0001b810     ntoskrnl:ntoskrnl.exe
 0002:00000094       \177ntoskrnl_NULL_THUNK_DATA 0001b814     ntoskrnl:ntoskrnl.exe
 0002:000000c0       _g_SupportedOIDList        0001b840     tapdrvr.obj
 0002:000001b8       ___lookuptable             0001b938     ntstrsafe:output.obj
 0002:00000214       ??_C@_1O@CEDCILHN@?$AA?$CI?$AAn?$AAu?$AAl?$AAl?$AA?$CJ?$AA?$AA@ 0001b994     ntstrsafe:output.obj
 0002:00000224       ??_C@_06OJHGLDPL@?$CInull?$CJ?$AA@ 0001b9a4     ntstrsafe:output.obj
 0002:00000230       ___newctype                0001b9b0     ntstrsafe:ctype.obj
 0002:00000530       __wctype                   0001bcb0     ntstrsafe:ctype.obj
 0002:00000738       __load_config_used         0001beb8     ntstrsafe:loadcfg.obj
 0002:00000800       ___safe_se_handler_table   0001bf80     <linker-defined>
 0003:00000004       ___nullstring              0001c004     ntstrsafe:output.obj
 0003:00000008       ___wnullstring             0001c008     ntstrsafe:output.obj
 0003:0000000c       __cfltcvt_tab              0001c00c     ntstrsafe:cmiscdat.obj
 0003:00000024       __pctype                   0001c024     ntstrsafe:ctype.obj
 0003:00000028       __pwctype                  0001c028     ntstrsafe:ctype.obj
 0003:00000030       ___mb_cur_max              0001c030     ntstrsafe:nlsdata1.obj
 0003:00000034       ___decimal_point           0001c034     ntstrsafe:nlsdata1.obj
 0003:00000038       ___decimal_point_length    0001c038     ntstrsafe:nlsdata1.obj
 0003:0000003c       __fltused                  0001c03c     ntstrsafe:stubs.obj
 0003:00000040       __ldused                   0001c040     ntstrsafe:stubs.obj
 0003:00000044       ___security_cookie         0001c044     ntstrsafe:seccook.obj
 0003:00000060       _g_InstanceHash            0001c060     tapdrvr.obj
 0003:00000064       ___fastflag                0001c064     ntstrsafe:stubs.obj
 0003:00000068       _g_NdisWrapperHandle       0001c068     <common>
 0003:00000080       _g_Debug                   0001c080     <common>
 0003:00000098       _g_LastErrorLineNumber     0001c098     <common>
 0003:0000009c       _g_LastErrorFilename       0001c09c     <common>
 0003:000000a0       _errno                     0001c0a0     <common>
 0004:00000320       _DriverEntry@8             0001c420 f   tapdrvr.obj
 0004:0000063c       __IMPORT_DESCRIPTOR_ntoskrnl 0001c73c     ntoskrnl:ntoskrnl.exe
 0004:00000650       __IMPORT_DESCRIPTOR_HAL    0001c750     hal:HAL.dll
 0004:00000664       __IMPORT_DESCRIPTOR_NDIS   0001c764     ndis:NDIS.SYS
 0004:00000678       __NULL_IMPORT_DESCRIPTOR   0001c778     ntoskrnl:ntoskrnl.exe

 entry point at        0004:00000320

 Static symbols

 0001:0000a9e6       _write_char                0001ae66 f   ntstrsafe:output.obj
 0001:0000aa19       _write_multi_char          0001ae99 f   ntstrsafe:output.obj
 0001:0000aa3d       _write_string              0001aebd f   ntstrsafe:output.obj

Line numbers for objchk_wxp_x86\i386\tapdrvr.obj(c:\development\windows\p2p\code\exsrc\tap-win32\openvpn-2.0.9\tap-win32\tapdrvr.c) segment .text

   257 0001:00003d20   264 0001:00003d23   266 0001:00003d83   272 0001:00003d88
   274 0001:00003d8d   286 0001:00004190   287 0001:00004196   289 0001:0000419d
   290 0001:000041a4   295 0001:000041a8   304 0001:000041ac   306 0001:000041d6
   309 0001:000041de   310 0001:00004212   313 0001:0000421c   319 0001:00004224
   321 0001:00004233   323 0001:00004239   324 0001:00004265   340 0001:0000426f
   346 0001:00004283   347 0001:0000428d   348 0001:00004296   349 0001:0000429d
   355 0001:000042a6   356 0001:000042b6   364 0001:000042c0   365 0001:000042d3
   377 0001:000042dd   378 0001:000042e7   379 0001:000042ee   381 0001:000042f5
   382 0001:00004307   384 0001:0000430d   385 0001:00004339   386 0001:00004342
   393 0001:0000434a   394 0001:0000435d   395 0001:00004375   397 0001:0000437f
   399 0001:0000438b   404 0001:000043c5   406 0001:000043dc   407 0001:00004408
   410 0001:0000440f   412 0001:00004414   413 0001:00004427   414 0001:0000443f
   416 0001:00004449   420 0001:00004459   424 0001:00004493   426 0001:000044aa
   427 0001:000044d6   435 0001:000044dd   437 0001:000044ec   438 0001:000044f6
   439 0001:000044ff   444 0001:00004509   446 0001:0000451c   447 0001:00004534
   449 0001:0000453a   451 0001:00004542   452 0001:0000454b   453 0001:00004554
   454 0001:0000455b   455 0001:00004564   456 0001:0000456b   463 0001:00004574
   465 0001:00004587   466 0001:0000459f   468 0001:000045a5   470 0001:000045ad
   472 0001:000045b6   473 0001:000045bd   482 0001:000045c4   484 0001:000045d7
   485 0001:000045ef   487 0001:000045f5   489 0001:000045fd   491 0001:00004606
   500 0001:0000460a   503 0001:0000461d   504 0001:00004635   506 0001:0000463b
   508 0001:00004643   510 0001:0000465a   511 0001:0000466d   517 0001:00004677
   519 0001:00004681   526 0001:000046c9   527 0001:000046d1   532 0001:000046e4
   539 0001:0000477e   540 0001:00004796   548 0001:000047a2   549 0001:000047bb
   551 0001:000047c1   552 0001:000047ca   556 0001:000047cf   558 0001:000047df
   559 0001:000047f3   560 0001:00004802   561 0001:0000480b   564 0001:00004812
   567 0001:00004819   568 0001:00004821   571 0001:0000482f   572 0001:00004831
   576 0001:00004a00   579 0001:00004a06   581 0001:00004a0c   583 0001:00004a20
   585 0001:00004a27   587 0001:00004a61   590 0001:00004a70   591 0001:00004aaa
   593 0001:00004ab3   594 0001:00004abf   600 0001:00004af5   601 0001:00004b3d
   605 0001:00004bb0   606 0001:00004bb3   607 0001:00004bd0   609 0001:00004bda
   610 0001:00004be3   612 0001:00004bed   613 0001:00004bfb   617 0001:00004c08
   621 0001:00004c50   622 0001:00004c53   627 0001:00004c8d   628 0001:00004c94
   629 0001:00004c9e   639 0001:00004ca5   653 0001:00004cb0   654 0001:00004cb9
   656 0001:00004cc4   657 0001:00004ccd   661 0001:00004df0   662 0001:00004df4
   663 0001:00004e09   664 0001:00004e23   666 0001:00004e2a   667 0001:00004e32
   668 0001:00004e3d   669 0001:00004e46   671 0001:00004e52   672 0001:00004e5d
   684 0001:00004e6a   688 0001:00004e73   689 0001:00004e88   692 0001:00004ebe
   693 0001:00004ec7   697 0001:00004ed5   705 0001:00005390   707 0001:00005397
   710 0001:0000539e   711 0001:000053a2   717 0001:000053a9   719 0001:000053e5
   721 0001:000053f1   723 0001:000053fb   724 0001:00005402   726 0001:00005409
   732 0001:00005417   734 0001:00005429   735 0001:0000545d   736 0001:00005464
   739 0001:00005469   740 0001:00005473   741 0001:0000547d   742 0001:00005487
   743 0001:00005490   748 0001:0000549a   749 0001:000054a0   751 0001:000054ab
   753 0001:000054b5   754 0001:000054e9   755 0001:000054f0   757 0001:000054f5
   758 0001:000054fe   765 0001:00005500   767 0001:0000551b   768 0001:0000554f
   769 0001:00005556   777 0001:0000555b   780 0001:0000556d   781 0001:000055a1
   782 0001:000055a8   798 0001:000055ad   800 0001:000055dd   803 0001:000055e3
   804 0001:00005617   805 0001:0000561e   807 0001:00005623   809 0001:00005652
   824 0001:00005686   826 0001:000056b6   829 0001:000056bc   830 0001:000056f0
   831 0001:000056f7   833 0001:000056fc   835 0001:0000572b   841 0001:0000575f
   844 0001:00005773   845 0001:000057a7   846 0001:000057ae   848 0001:000057b3
   852 0001:000057b7   856 0001:000057ce   857 0001:00005802   858 0001:00005809
   860 0001:0000580e   874 0001:00005815   876 0001:00005841   878 0001:00005847
   879 0001:0000587b   880 0001:00005882   884 0001:00005887   909 0001:0000589c
   910 0001:000058a9   912 0001:000058b0   913 0001:000058bc   916 0001:000058c9
   918 0001:000058da   919 0001:0000590e   920 0001:00005915   927 0001:00005917
   930 0001:0000591e   933 0001:00005960   934 0001:00005968   935 0001:00005972
   936 0001:00005978   937 0001:00005983   938 0001:00005989   940 0001:00005994
   941 0001:0000599a   943 0001:000059a3   944 0001:000059a6   952 0001:000059e0
   953 0001:000059e4   954 0001:000059ea   955 0001:00005a24   956 0001:00005a26
   965 0001:00005a30   966 0001:00005a33   967 0001:00005a35   978 0001:00005a90
   979 0001:00005a9b   980 0001:00005aa4   981 0001:00005ab0   982 0001:00005ab7
   985 0001:00005abe   987 0001:00005acd   993 0001:00005c8b   994 0001:00005c95
   995 0001:00005ca0   998 0001:00005ca5   999 0001:00005caf  1004 0001:00005cb4
  1005 0001:00005cbd  1006 0001:00005cc4  1011 0001:00005cc9  1012 0001:00005cd3
  1018 0001:00005cd8  1019 0001:00005ce2  1022 0001:00005ce7  1023 0001:00005cf1
  1026 0001:00005cf6  1027 0001:00005d00  1030 0001:00005d05  1031 0001:00005d0f
  1034 0001:00005d14  1035 0001:00005d23  1038 0001:00005d28  1039 0001:00005d37
  1042 0001:00005d3c  1043 0001:00005d4b  1046 0001:00005d50  1047 0001:00005d5f
  1053 0001:00005d64  1054 0001:00005d6e  1055 0001:00005d75  1062 0001:00005d7a
  1064 0001:00005d84  1070 0001:00005d89  1072 0001:00005d93  1075 0001:00005d98
  1076 0001:00005da2  1083 0001:00005da7  1084 0001:00005dbc  1087 0001:00005dc1
  1088 0001:00005dcb  1089 0001:00005dd2  1093 0001:00005dd7  1094 0001:00005de6
  1095 0001:00005ded  1098 0001:00005df2  1099 0001:00005dfc  1100 0001:00005e03
  1103 0001:00005e08  1104 0001:00005e12  1108 0001:00005e17  1109 0001:00005e33
  1110 0001:00005e3a  1117 0001:00005e3f  1118 0001:00005e49  1121 0001:00005e4e
  1122 0001:00005e58  1125 0001:00005e5d  1126 0001:00005e6c  1132 0001:00005e71
  1133 0001:00005e7b  1138 0001:00005e80  1139 0001:00005e8f  1147 0001:00005e94
  1149 0001:00005e9a  1155 0001:00005ea3  1156 0001:00005eb2  1157 0001:00005ebe
  1158 0001:00005ecb  1160 0001:00005ed8  1162 0001:00005edf  1163 0001:00005ee3
  1165 0001:00005ee5  1173 0001:00005ee7  1174 0001:00005eee  1190 0001:00005ef0
  1191 0001:00005ef7  1197 0001:00005ef9  1198 0001:00005f41  1202 0001:00005f48
  1204 0001:00005f4e  1206 0001:00005f58  1207 0001:00005f5f  1209 0001:00005f67
  1211 0001:00005f69  1213 0001:00005f8b  1214 0001:00005f8e  1223 0001:00006220
  1224 0001:00006228  1225 0001:0000622e  1226 0001:00006234  1229 0001:0000623b
  1236 0001:000062c6  1238 0001:00006300  1239 0001:00006309  1241 0001:00006311
  1242 0001:00006321  1243 0001:00006328  1245 0001:00006336  1246 0001:0000633d
  1248 0001:00006346  1250 0001:00006348  1252 0001:00006360  1256 0001:00006372
  1258 0001:0000638f  1260 0001:000063a4  1262 0001:000063bc  1264 0001:000063c3
  1267 0001:000063c8  1268 0001:000063cf  1270 0001:000063d8  1274 0001:000063de
  1275 0001:00006424  1276 0001:0000642b  1278 0001:00006434  1281 0001:00006439
  1283 0001:0000643f  1284 0001:00006446  1286 0001:0000644f  1287 0001:00006451
  1289 0001:00006464  1291 0001:0000646b  1294 0001:0000646d  1295 0001:000064b3
  1296 0001:000064be  1297 0001:000064c5  1299 0001:000064ce  1302 0001:000064d3
  1303 0001:000064da  1304 0001:000064ec  1307 0001:000064f1  1308 0001:000064f8
  1309 0001:0000650a  1316 0001:0000650f  1318 0001:00006517  1321 0001:00006536
  1322 0001:0000653d  1324 0001:0000653f  1325 0001:00006546  1327 0001:00006548
  1328 0001:0000654f  1330 0001:00006551  1331 0001:00006558  1333 0001:0000655a
  1337 0001:00006561  1342 0001:00006568  1344 0001:0000656e  1345 0001:00006575
  1348 0001:0000657a  1350 0001:00006580  1352 0001:00006587  1354 0001:000065c1
  1356 0001:000065c3  1358 0001:000065ca  1361 0001:00006604  1363 0001:0000660b
  1365 0001:00006613  1367 0001:00006619  1368 0001:00006622  1370 0001:0000662b
  1372 0001:0000662d  1373 0001:00006636  1375 0001:0000663f  1379 0001:00006641
  1380 0001:00006648  1381 0001:0000665a  1385 0001:0000665c  1386 0001:0000669e
  1387 0001:000066a5  1391 0001:000066b7  1392 0001:000066ba  1401 0001:00006800
  1402 0001:00006826  1403 0001:0000682c  1410 0001:00006841  1419 0001:0000697a
  1420 0001:00006989  1421 0001:0000698e  1422 0001:000069a5  1426 0001:000069aa
  1427 0001:000069c4  1429 0001:000069c9  1430 0001:000069cf  1432 0001:000069d4
  1438 0001:000069e2  1440 0001:000069e9  1441 0001:000069f0  1445 0001:00006a06
  1446 0001:00006a4b  1447 0001:00006a54  1449 0001:00006a5c  1450 0001:00006a77
  1453 0001:00006a7c  1454 0001:00006a9a  1455 0001:00006aa0  1456 0001:00006aa8
  1457 0001:00006aad  1459 0001:00006ab5  1460 0001:00006ad0  1463 0001:00006ad5
  1470 0001:00006aea  1479 0001:00006b08  1481 0001:00006b17  1482 0001:00006b20
  1483 0001:00006b29  1488 0001:00006b32  1495 0001:00006b59  1496 0001:00006b8e
  1500 0001:00006b93  1504 0001:00006b98  1509 0001:00006bec  1515 0001:00006bf5
  1517 0001:00006c00  1519 0001:00006c06  1520 0001:00006c31  1522 0001:00006c36
  1523 0001:00006c3f  1531 0001:00006c44  1535 0001:00006c53  1536 0001:00006c60
  1538 0001:00006c65  1540 0001:00006c6e  1546 0001:00006c9c  1547 0001:00006ca9
  1554 0001:00006cae  1557 0001:00006ce1  1564 0001:00006ce6  1565 0001:00006cf3
  1569 0001:00006cf8  1570 0001:00006d14  1573 0001:00006d19  1582 0001:00006d29
  1584 0001:00006d41  1585 0001:00006d48  1586 0001:00006d61  1588 0001:00006d77
  1590 0001:00006d8f  1593 0001:00006d97  1594 0001:00006dad  1598 0001:00006db2
  1605 0001:00006dc1  1607 0001:00006dce  1608 0001:00006dd5  1610 0001:00006ddc
  1614 0001:00006df4  1616 0001:00006e2b  1618 0001:00006e3d  1621 0001:00006e4f
  1623 0001:00006e67  1625 0001:00006e8f  1629 0001:00006e9b  1631 0001:00006eaa
  1632 0001:00006eac  1633 0001:00006eae  1635 0001:00006ebc  1639 0001:00006ecc
  1644 0001:00006ed0  1647 0001:00006ee3  1650 0001:00006ee7  1653 0001:00006eee
  1654 0001:00006ef3  1662 0001:00007da0  1663 0001:00007dc6  1665 0001:00007dd2
  1668 0001:00007dd9  1670 0001:00007de2  1671 0001:00007dec  1673 0001:00007df6
  1676 0001:00007e0a  1678 0001:00007e44  1680 0001:00007e4f  1681 0001:00007e5a
  1685 0001:00007e61  1686 0001:00007e6b  1687 0001:00007e76  1691 0001:00007e80
  1698 0001:00007ea4  1703 0001:00007ed4  1706 0001:00007edd  1707 0001:00007ef5
  1709 0001:00007eff  1711 0001:00007f01  1712 0001:00007f15  1714 0001:00007f25
  1718 0001:00007f2a  1720 0001:00007f31  1723 0001:00007f3c  1725 0001:00007f48
  1728 0001:00007f55  1732 0001:00007f62  1734 0001:00007f6b  1736 0001:00007f6d
  1737 0001:00007f81  1740 0001:00007f91  1744 0001:00007f96  1746 0001:00007f9d
  1749 0001:00007fa8  1750 0001:00007fb6  1752 0001:00007fbf  1754 0001:00007fc1
  1755 0001:00007fd5  1758 0001:00007fe5  1763 0001:00007fea  1764 0001:00007ff5
  1765 0001:00007ff9  1766 0001:00007ffb  1767 0001:00007fff  1768 0001:0000800d
  1769 0001:00008011  1770 0001:00008013  1771 0001:00008017  1772 0001:00008020
  1773 0001:0000802b  1774 0001:0000802f  1775 0001:00008031  1776 0001:00008035
  1809 0001:00008039  1812 0001:000080e6  1814 0001:000080f2  1821 0001:000080f7
  1822 0001:00008111  1823 0001:00008121  1824 0001:00008123  1827 0001:00008133
  1829 0001:0000813f  1836 0001:00008144  1840 0001:00008151  1842 0001:00008158
  1844 0001:0000816a  1845 0001:00008178  1846 0001:00008187  1849 0001:00008196
  1851 0001:000081aa  1852 0001:000081be  1853 0001:000081ce  1856 0001:000081d3
  1857 0001:000081eb  1858 0001:000081fe  1859 0001:00008211  1861 0001:00008229
  1863 0001:00008246  1865 0001:0000824d  1867 0001:00008256  1869 0001:00008260
  1871 0001:00008262  1872 0001:00008276  1875 0001:00008286  1881 0001:0000828b
  1885 0001:00008298  1887 0001:0000829f  1889 0001:000082b1  1890 0001:000082bf
  1891 0001:000082ce  1893 0001:000082d8  1894 0001:000082f0  1895 0001:00008303
  1896 0001:00008316  1898 0001:0000832e  1900 0001:0000834b  1902 0001:00008352
  1904 0001:0000835b  1906 0001:00008365  1908 0001:00008367  1909 0001:0000837b
  1912 0001:0000838b  1918 0001:00008390  1920 0001:00008399  1921 0001:000083a4
  1922 0001:000083b1  1924 0001:000083bb  1926 0001:000083bd  1927 0001:000083d1
  1929 0001:000083e1  1935 0001:000083e6  1937 0001:000083f3  1938 0001:000083fa
  1939 0001:00008401  1943 0001:0000840e  1945 0001:0000841c  1949 0001:0000842b
  1953 0001:0000843a  1955 0001:0000844c  1957 0001:00008461  1958 0001:00008468
  1960 0001:0000846f  1962 0001:00008478  1964 0001:00008482  1966 0001:00008484
  1967 0001:00008498  1970 0001:000084a8  1977 0001:000084ad  1979 0001:000084c4
  1983 0001:000084d1  1986 0001:000084f4  1988 0001:00008503  1990 0001:0000850d
  1992 0001:0000850f  1993 0001:00008523  1996 0001:00008533  2001 0001:00008535
  2002 0001:00008549  2007 0001:00008559  2008 0001:00008564  2021 0001:00008569
  2024 0001:0000856d  2026 0001:00008579  2029 0001:00008582  2030 0001:000085bc
  2031 0001:000085d0  2032 0001:000085e0  2033 0001:000085ea  2034 0001:000085f5
  2038 0001:000085fa  2041 0001:00008640  2042 0001:0000867a  2043 0001:0000868e
  2044 0001:0000869e  2045 0001:000086a8  2046 0001:000086b3  2048 0001:000086b8
  2051 0001:000086c3  2052 0001:000086fd  2053 0001:00008711  2054 0001:00008721
  2055 0001:0000872b  2056 0001:00008736  2063 0001:0000873b  2065 0001:00008742
  2069 0001:0000875a  2072 0001:00008791  2075 0001:000087a3  2077 0001:000087bb
  2081 0001:000087c1  2082 0001:000087d3  2089 0001:000087d8  2092 0001:000087f0
  2094 0001:00008821  2095 0001:0000882e  2096 0001:00008835  2097 0001:0000884b
  2100 0001:0000884f  2102 0001:00008867  2103 0001:0000886f  2107 0001:00008874
  2108 0001:000088c2  2109 0001:000088d6  2110 0001:000088e6  2111 0001:000088f0
  2112 0001:000088fb  2122 0001:00008900  2125 0001:00008909  2126 0001:00008943
  2127 0001:00008957  2128 0001:00008967  2130 0001:00008971  2132 0001:00008976
  2135 0001:000089bc  2136 0001:000089f6  2137 0001:00008a0a  2138 0001:00008a1a
  2140 0001:00008a24  2143 0001:00008a34  2144 0001:00008a6e  2145 0001:00008a82
  2146 0001:00008a92  2148 0001:00008a9c  2150 0001:00008abd  2152 0001:00008ac4
  2156 0001:00008ad0  2167 0001:00008ae8  2177 0001:00008b09  2179 0001:00008b54
  2181 0001:00008b6d  2183 0001:00008b86  2186 0001:00008b8f  2187 0001:00008bc9
  2188 0001:00008bdd  2189 0001:00008bed  2192 0001:00008bfe  2194 0001:00008c1f
  2196 0001:00008c26  2201 0001:00008c32  2212 0001:00008c51  2222 0001:00008c72
  2224 0001:00008cb4  2226 0001:00008ccd  2228 0001:00008ce6  2231 0001:00008cef
  2232 0001:00008d29  2233 0001:00008d3d  2234 0001:00008d4d  2237 0001:00008d5e
  2241 0001:00008d60  2242 0001:00008da8  2243 0001:00008dbc  2244 0001:00008dc6
  2247 0001:00008dd6  2248 0001:00008ddc  2249 0001:00008deb  2250 0001:00008ded
  2252 0001:00008dfc  2253 0001:00008e07  2261 0001:00008e0c  2267 0001:00008e10
  2269 0001:00008e66  2270 0001:00008eb5  2272 0001:00008ec1  2274 0001:00008edb
  2275 0001:00008ee4  2276 0001:00008ef1  2279 0001:00008ef5  2281 0001:00008efd
  2282 0001:00008f12  2283 0001:00008f22  2285 0001:00008f2c  2288 0001:00008f2e
  2289 0001:00008f7c  2290 0001:00008f90  2291 0001:00008fa0  2294 0001:00008faa
  2296 0001:00008fb9  2299 0001:00008fbb  2300 0001:00009009  2301 0001:0000901d
  2302 0001:0000902d  2305 0001:00009037  2306 0001:00009042  2318 0001:00009047
  2320 0001:00009089  2321 0001:000090d7  2323 0001:000090df  2324 0001:000090ec
  2325 0001:000090f5  2326 0001:00009104  2327 0001:0000910f  2329 0001:0000911f
  2332 0001:00009121  2333 0001:0000916f  2334 0001:00009183  2335 0001:00009193
  2338 0001:0000919d  2339 0001:000091a8  2348 0001:000091aa  2349 0001:000091ba
  2354 0001:000091c5  2355 0001:000091c8  2371 0001:000093c0  2372 0001:000093e6
  2377 0001:000093ed  2378 0001:00009402  2380 0001:00009417  2390 0001:00009421
  2392 0001:0000942d  2393 0001:00009434  2395 0001:00009445  2397 0001:00009447
  2398 0001:0000944e  2401 0001:0000945c  2403 0001:0000946d  2404 0001:00009477
  2405 0001:00009481  2407 0001:00009495  2409 0001:0000949a  2410 0001:000094a3
  2412 0001:000094b3  2416 0001:000094ba  2418 0001:000094e4  2420 0001:000094ed
  2421 0001:00009501  2422 0001:0000950b  2426 0001:0000951c  2430 0001:00009523
  2432 0001:00009547  2436 0001:00009557  2438 0001:0000955d  2440 0001:00009569
  2441 0001:0000956b  2443 0001:00009576  2444 0001:00009579  2459 0001:00009590
  2460 0001:00009596  2461 0001:000095a2  2462 0001:000095cc  2468 0001:00009640
  2469 0001:00009644  2471 0001:00009648  2473 0001:0000965d  2475 0001:00009663
  2476 0001:00009675  2477 0001:00009690  2479 0001:000096a2  2480 0001:000096a4
  2482 0001:000096a8  2484 0001:000096b0  2485 0001:000096ba  2486 0001:000096c4
  2489 0001:000096ce  2490 0001:000096d6  2492 0001:000096e3  2493 0001:000096eb
  2494 0001:000096f6  2501 0001:00009830  2504 0001:00009836  2506 0001:00009844
  2507 0001:00009859  2509 0001:00009871  2511 0001:0000987a  2512 0001:0000988c
  2513 0001:0000989b  2514 0001:000098ad  2516 0001:000098b3  2517 0001:000098bc
  2519 0001:000098c9  2520 0001:000098cb  2521 0001:000098cd  2523 0001:000098cf
  2525 0001:000098d8  2526 0001:000098ea  2527 0001:000098f8  2528 0001:0000990a
  2530 0001:00009910  2531 0001:00009919  2533 0001:00009931  2534 0001:00009933
  2535 0001:00009935  2546 0001:00009937  2547 0001:000099af  2555 0001:000099c0
  2556 0001:000099c3  2558 0001:000099dd  2560 0001:000099e5  2561 0001:00009a01
  2563 0001:00009a03  2565 0001:00009a1f  2566 0001:00009a32  2568 0001:00009a3b
  2578 0001:00009a40  2579 0001:00009a43  2581 0001:00009a59  2583 0001:00009a6d
  2584 0001:00009a85  2587 0001:00009a8c  2600 0001:00009aa0  2615 0001:00009aa6
  2617 0001:00009baf  2618 0001:00009bbb  2623 0001:00009bc5  2624 0001:00009bd4
  2625 0001:00009be3  2626 0001:00009bf2  2627 0001:00009bf9  2628 0001:00009c00
  2633 0001:00009c0f  2634 0001:00009c24  2635 0001:00009c39  2636 0001:00009c4e
  2637 0001:00009c66  2638 0001:00009c72  2642 0001:00009c7b  2644 0001:00009c8b
  2646 0001:00009c9a  2649 0001:00009ca5  2652 0001:00009ca9  2653 0001:00009cab
  2665 0001:00009de0  2666 0001:00009e06  2668 0001:00009e1b  2684 0001:00009e22
  2686 0001:00009e5e  2688 0001:00009e80  2691 0001:00009e89  2692 0001:00009ec3
  2694 0001:00009ede  2701 0001:00009f00  2703 0001:00009f03  2704 0001:00009f0a
  2705 0001:00009f14  2706 0001:00009f1e  2707 0001:00009f28  2708 0001:00009f3c
  2711 0001:00009f50  2712 0001:00009f57  2713 0001:00009f5e  2714 0001:00009f6b
  2715 0001:00009f75  2716 0001:00009f7f  2717 0001:00009f89  2718 0001:00009f96
  2719 0001:00009fa0  2720 0001:00009fad  2721 0001:00009fbb  2729 0001:0000a3d0
  2734 0001:0000a3d6  2736 0001:0000a3dd  2737 0001:0000a3ee  2738 0001:0000a402
  2740 0001:0000a40a  2742 0001:0000a415  2743 0001:0000a441  2744 0001:0000a455
  2747 0001:0000a45a  2748 0001:0000a469  2750 0001:0000a46f  2751 0001:0000a49b
  2752 0001:0000a4af  2761 0001:0000a4b4  2770 0001:0000a4e0  2771 0001:0000a4fe
  2773 0001:0000a504  2774 0001:0000a538  2775 0001:0000a54c  2778 0001:0000a551
  2779 0001:0000a564  2781 0001:0000a56a  2782 0001:0000a596  2783 0001:0000a5aa
  2786 0001:0000a5af  2787 0001:0000a5bc  2789 0001:0000a5c2  2790 0001:0000a5ee
  2791 0001:0000a602  2794 0001:0000a604  2795 0001:0000a630  2803 0001:0000a6a0
  2805 0001:0000a6a6  2807 0001:0000a6ac  2809 0001:0000a6b4  2811 0001:0000a6ba
  2813 0001:0000a6bc  2815 0001:0000a6c2  2817 0001:0000a6c8  2818 0001:0000a6de
  2820 0001:0000a6e3  2821 0001:0000a6ec  2823 0001:0000a6f5  2824 0001:0000a6f7
  2827 0001:0000a6f9  2829 0001:0000a6ff  2831 0001:0000a710  2833 0001:0000a754
  2834 0001:0000a75c  2836 0001:0000a769
Line numbers for objchk_wxp_x86\i386\tapdrvr.obj(c:\development\windows\p2p\code\exsrc\tap-win32\openvpn-2.0.9\tap-win32\tapdrvr.c) segment INIT

   146 0004:00000320   147 0004:00000326   148 0004:0000032d   156 0004:00000334
   163 0004:00000349   166 0004:00000353   168 0004:0000035f   169 0004:0000038b
   176 0004:00000390   178 0004:0000039c   180 0004:000003a2   181 0004:000003ce
   184 0004:000003d3   185 0004:000003d9   186 0004:000003e0   187 0004:000003ea
   188 0004:000003f4   189 0004:000003fe   190 0004:00000408   191 0004:00000412
   192 0004:0000041c   196 0004:00000426   204 0004:00000482   205 0004:000004ca
   206 0004:00000504   211 0004:00000509   212 0004:00000535   213 0004:00000544
   219 0004:00000549   220 0004:00000575   221 0004:00000584   226 0004:00000586
   227 0004:000005b2   228 0004:000005c1   234 0004:000005c3   235 0004:000005ef
   241 0004:000005fe   242 0004:00000604   244 0004:0000060f   245 0004:00000615
   246 0004:00000627   247 0004:00000629   249 0004:00000632   250 0004:00000635

Line numbers for objchk_wxp_x86\i386\tapdrvr.obj(c:\development\windows\p2p\code\exsrc\tap-win32\openvpn-2.0.9\tap-win32\instance.c) segment .text

    52 0001:000034d0    53 0001:000034d4    55 0001:000034da    56 0001:000034e3
    57 0001:00003506    58 0001:0000350a    61 0001:00003551    63 0001:00003566
    67 0001:000035d0    68 0001:000035d4    69 0001:000035e9    70 0001:000035fa
    73 0001:00003603    74 0001:0000361e    75 0001:00003631    78 0001:00003635
    79 0001:00003637    83 0001:00003640    84 0001:00003646    86 0001:0000364d
    88 0001:0000365a    91 0001:00003679    92 0001:00003688    94 0001:000036d1
    97 0001:000036d9    98 0001:000036f1    99 0001:000036fc   101 0001:00003709
   102 0001:0000370b   103 0001:00003710   106 0001:00003715   107 0001:00003718
   111 0001:00003720   112 0001:00003726   114 0001:0000372d   116 0001:0000373a
   119 0001:00003759   120 0001:00003760   121 0001:0000376f   123 0001:000037b8
   126 0001:000037c0   127 0001:000037d8   128 0001:000037e3   129 0001:000037eb
   130 0001:000037f1   132 0001:000037fe   133 0001:00003800   134 0001:00003805
   137 0001:0000380a   138 0001:0000380d   142 0001:00003880   143 0001:00003883
   145 0001:0000388c   146 0001:000038a4   147 0001:000038b4   149 0001:000038be
   153 0001:00003970   155 0001:00003976   156 0001:0000397a   157 0001:0000398c
   159 0001:0000399a   161 0001:000039ce   163 0001:00003a17   165 0001:00003a1f
   166 0001:00003a2b   168 0001:00003a31   169 0001:00003a46   170 0001:00003a4f
   171 0001:00003a59   172 0001:00003a61   174 0001:00003a65   177 0001:00003a72
   178 0001:00003a75   182 0001:00003a80   184 0001:00003a86   185 0001:00003a8a
   187 0001:00003aa5   189 0001:00003aee   191 0001:00003af6   192 0001:00003afd
   194 0001:00003b15   196 0001:00003b20   197 0001:00003b26   198 0001:00003b30
   199 0001:00003b32   200 0001:00003b3c   201 0001:00003b4d   202 0001:00003b58
   203 0001:00003b5c   205 0001:00003b5e   206 0001:00003b64   207 0001:00003b66
   210 0001:00003b73   211 0001:00003b76   215 0001:00003b80   217 0001:00003b86
   218 0001:00003b8d   220 0001:00003ba2   222 0001:00003beb   224 0001:00003bf3
   225 0001:00003bfa   227 0001:00003c12   230 0001:00003c23   232 0001:00003c29
   233 0001:00003c33   234 0001:00003c3d   236 0001:00003c45   237 0001:00003c50
   239 0001:00003c52   240 0001:00003c58   241 0001:00003c5a   244 0001:00003c67
   245 0001:00003c6a

Line numbers for objchk_wxp_x86\i386\tapdrvr.obj(c:\development\windows\p2p\code\exsrc\tap-win32\openvpn-2.0.9\tap-win32\dhcp.c) segment .text

    35 0001:00001d90    36 0001:00001d95    38 0001:00001da0    40 0001:00001daf
    42 0001:00001db5    43 0001:00001dd8    46 0001:00001de5    48 0001:00001de7
    51 0001:00001dee    55 0001:00001e00    57 0001:00001e04    58 0001:00001e0a
    59 0001:00001e19    63 0001:00001e20    65 0001:00001e24    66 0001:00001e2a
    67 0001:00001e2e    68 0001:00001e34    69 0001:00001e43    73 0001:00001e50
    75 0001:00001e56    76 0001:00001e5c    77 0001:00001e60    78 0001:00001e66
    79 0001:00001e75    87 0001:00001e80    89 0001:00001e86    94 0001:00001e8d
    95 0001:00001eaa    96 0001:00001ed1    97 0001:00001edb   100 0001:00001edd
   101 0001:00001ee7   104 0001:00001efd   105 0001:00001f02   112 0001:00001f10
   114 0001:00001f16   119 0001:00001f1d   120 0001:00001f37   121 0001:00001f76
   122 0001:00001f80   125 0001:00001f82   126 0001:00001f9a   127 0001:00001fc1
   128 0001:00001fcb   129 0001:00001fcd   130 0001:00001fe5   131 0001:0000200c
   132 0001:00002016   135 0001:00002018   138 0001:00002026   139 0001:00002030
   142 0001:00002045   143 0001:0000204a   151 0001:00002050   153 0001:00002053
   159 0001:0000206c   160 0001:0000209c   168 0001:000020a0   169 0001:000020a6
   172 0001:000020b1   174 0001:000020cf   175 0001:000020da   176 0001:000020e6
   177 0001:000020f1   178 0001:000020f6   180 0001:000020fe   182 0001:00002109
   184 0001:0000210f   185 0001:0000211e   187 0001:0000212a   191 0001:0000212f
   193 0001:00002135   194 0001:00002142   197 0001:0000214f   198 0001:00002154
   199 0001:00002157   207 0001:00002160   209 0001:00002165   210 0001:00002187
   213 0001:0000218e   214 0001:000021a6   218 0001:000021ad   219 0001:000021d7
   223 0001:000021db   224 0001:00002206   227 0001:0000220a   228 0001:00002216
   231 0001:0000221a   232 0001:00002232   234 0001:00002236   235 0001:00002238
   252 0001:00002240   255 0001:00002248   258 0001:00002279   260 0001:00002291
   261 0001:00002299   262 0001:000022ae   263 0001:000022b0   265 0001:000022c5
   269 0001:000022d4   270 0001:000022db   271 0001:000022e2   272 0001:000022f6
   273 0001:000022ff   274 0001:00002308   275 0001:0000230f   276 0001:00002316
   277 0001:0000231f   279 0001:0000232b   280 0001:00002333   281 0001:0000233d
   282 0001:0000233f   286 0001:0000234b   287 0001:0000235a   288 0001:00002369
   289 0001:0000237c   293 0001:00002385   294 0001:0000238c   295 0001:00002393
   296 0001:0000239a   297 0001:000023a1   298 0001:000023ad   299 0001:000023b6
   300 0001:000023bf   302 0001:000023c9   303 0001:000023cf   304 0001:000023d9
   305 0001:000023db   307 0001:000023e7   308 0001:000023f3   309 0001:000023fd
   310 0001:00002415   311 0001:00002425   323 0001:000024e0   326 0001:000024e4
   328 0001:000024f6   329 0001:0000252a   332 0001:0000252f   334 0001:0000253e
   341 0001:00002548   344 0001:00002557   346 0001:00002569   349 0001:00002575
   352 0001:0000258c   357 0001:0000259e   361 0001:000025bb   363 0001:000025c9
   373 0001:000025d4   375 0001:000025fe   379 0001:00002607   384 0001:00002623
   386 0001:0000263e   388 0001:00002640   391 0001:0000266c   393 0001:0000267a
   410 0001:00002680   415 0001:00002684   416 0001:000026b5   419 0001:000026bc
   420 0001:000026dc   422 0001:000026e3   425 0001:000026f3   426 0001:000026fe
   429 0001:00002705   430 0001:00002711   436 0001:00002718   439 0001:0000274f
   440 0001:0000276a   443 0001:0000276c   446 0001:00002796   447 0001:0000279c
   450 0001:000027a6   451 0001:000027ba   453 0001:000027cf   454 0001:000027d1
   460 0001:00002800   461 0001:00002804   464 0001:00002818   466 0001:0000281f
   468 0001:00002826   470 0001:0000282b   474 0001:000028a0   475 0001:000028a4
   478 0001:000028c3   480 0001:000028ca   482 0001:000028d1   484 0001:000028d8
   486 0001:000028df   488 0001:000028e6   490 0001:000028ed   492 0001:000028f4
   494 0001:000028fb   496 0001:00002900   500 0001:00002950   501 0001:00002954
   504 0001:00002968   506 0001:0000296f   508 0001:00002976   510 0001:0000297b
   518 0001:00002bd0   519 0001:00002bd6   520 0001:00002c1c   521 0001:00002c70
   522 0001:00002c7c   523 0001:00002cd0   524 0001:00002cdc   525 0001:00002d08
   526 0001:00002d14   527 0001:00002d6a   528 0001:00002d73   529 0001:00002d9f
   531 0001:00002da8   532 0001:00002dd4   534 0001:00002de0   536 0001:00002de9
   537 0001:00002e15   539 0001:00002e21   541 0001:00002e2a   542 0001:00002e56
   544 0001:00002e62   546 0001:00002e6e   547 0001:00002e9a   550 0001:00002ea6
   552 0001:00002ee4   553 0001:00002ef6   554 0001:00002f3a   555 0001:00002f46
   556 0001:00002f82   557 0001:00002f8d   558 0001:00002fc9   559 0001:00002fdb
   560 0001:00003025   561 0001:00003037   565 0001:00003081   566 0001:0000308c
   567 0001:000030c6   568 0001:000030e0   569 0001:0000312a   570 0001:00003144
   572 0001:0000318e   573 0001:00003199   574 0001:000031d5   575 0001:000031e7
   576 0001:00003231   577 0001:00003243   579 0001:0000328d   581 0001:000032c9
   587 0001:00003331   591 0001:000033cd   594 0001:000033d9   595 0001:00003405
   597 0001:0000341f   598 0001:0000342a   599 0001:00003460   601 0001:00003462

Line numbers for objchk_wxp_x86\i386\tapdrvr.obj(c:\development\windows\p2p\code\exsrc\tap-win32\openvpn-2.0.9\tap-win32\error.c) segment .text

    42 0001:00000b50    43 0001:00000b54    45 0001:00000b64    46 0001:00000b75
    47 0001:00000b7e    48 0001:00000b82    49 0001:00000b8a    50 0001:00000b8c
    51 0001:00000b8e    52 0001:00000b90    56 0001:00000ba0    57 0001:00000ba3
    58 0001:00000bc3    59 0001:00000bd3    60 0001:00000bdc    61 0001:00000be5
    65 0001:00000bf0    66 0001:00000bf3    67 0001:00000bfc    68 0001:00000c0e
    69 0001:00000c34    73 0001:00000c40    74 0001:00000c46    77 0001:00000c76
    78 0001:00000cbd    80 0001:00000cc9    82 0001:00000cd8    88 0001:00000cde
    95 0001:00000ce4    96 0001:00000d10    98 0001:00000d17    99 0001:00000d1d
   100 0001:00000d2b   101 0001:00000d2d   103 0001:00000d34   104 0001:00000d36
   106 0001:00000d3d   108 0001:00000d49   109 0001:00000d4b   111 0001:00000d52
   115 0001:00000d80   117 0001:00000d88   119 0001:00000d8c   121 0001:00000da2
   124 0001:00000dbc   125 0001:00000e03   127 0001:00000e0f   129 0001:00000e16
   131 0001:00000e47   133 0001:00000e60   134 0001:00000e7f   135 0001:00000e88
   136 0001:00000e8a   137 0001:00000e9e   138 0001:00000ea0   139 0001:00000ea8
   142 0001:00000eb1   144 0001:00000ebb   146 0001:00000ecc   147 0001:00000ee2
   149 0001:00000eed   150 0001:00000f1c   152 0001:00000f27   153 0001:00000f47
   155 0001:00000f4f   159 0001:00000f56   160 0001:00000f58   162 0001:00000f5c
   165 0001:00000f68   166 0001:00000f6b   170 0001:00000fb0   171 0001:00000fb3
   176 0001:00000fef   177 0001:00001004   181 0001:00001040   184 0001:00001043
   185 0001:000010cd   189 0001:00001100   190 0001:00001104   193 0001:0000110a
   194 0001:00001174   198 0001:000011a0   199 0001:000011a4   202 0001:000011ca
   204 0001:000011d1   206 0001:000011d8   208 0001:000011df   210 0001:000011e6
   212 0001:000011eb   216 0001:00001300   217 0001:00001303   218 0001:00001337
   219 0001:00001343   220 0001:0000136f   222 0001:00001378   225 0001:000013c2
   228 0001:0000141c   230 0001:00001476   231 0001:000014a2   232 0001:000014ae
   233 0001:000014da   235 0001:000014e6   236 0001:00001512   237 0001:0000151e
   238 0001:0000154a   240 0001:00001556   241 0001:00001582   253 0001:00001590
   254 0001:00001596   255 0001:000015a5   257 0001:000015ab   258 0001:000015b4
   259 0001:000015bb   260 0001:000015d9   261 0001:000015f3   262 0001:00001607
   264 0001:00001615   270 0001:00001770   271 0001:00001776   272 0001:0000177c
   274 0001:00001785   276 0001:0000178b   277 0001:000017c7   281 0001:000017cc
   283 0001:000017e8   284 0001:000017f5   290 0001:000017fa   292 0001:00001833
   293 0001:00001842   294 0001:0000184b   296 0001:0000184f   298 0001:000018a7
   300 0001:000018c2   301 0001:000018ee   306 0001:000018f3   308 0001:00001912
   309 0001:0000191f   310 0001:0000194b   311 0001:00001957   312 0001:0000199f
   313 0001:000019cb   314 0001:000019d7   315 0001:00001a21   319 0001:00001a25
   321 0001:00001a2a   323 0001:00001a62   327 0001:00001a6f   332 0001:00001aa9
   338 0001:00001ab6   340 0001:00001ac8   341 0001:00001aca   343 0001:00001ad1
   344 0001:00001aea   347 0001:00001aee   349 0001:00001afa   350 0001:00001b26
   351 0001:00001b32   352 0001:00001b7a   353 0001:00001ba6   354 0001:00001bb2
   355 0001:00001bfc   359 0001:00001c00   361 0001:00001c0c   362 0001:00001c48
   363 0001:00001c54   364 0001:00001c80   367 0001:00001c8c   368 0001:00001cb8
   372 0001:00001cbd   373 0001:00001cf1   374 0001:00001cfd   375 0001:00001d29
   378 0001:00001d32   380 0001:00001d84

Line numbers for objchk_wxp_x86\i386\tapdrvr.obj(c:\development\windows\p2p\code\exsrc\tap-win32\openvpn-2.0.9\tap-win32\macinfo.c) segment .text

    33 0001:000007c0    34 0001:000007c4    36 0001:000007cb    37 0001:000007d7
    38 0001:000007e0    39 0001:000007ee    40 0001:000007f7    41 0001:00000805
    43 0001:0000080e    44 0001:00000811    48 0001:000008d0    50 0001:000008d6
    51 0001:000008dd    52 0001:000008e1    54 0001:000008e8    55 0001:000008fa
    57 0001:0000090c    59 0001:00000917    61 0001:00000934    63 0001:00000946
    64 0001:0000094f    65 0001:00000953    67 0001:0000095a    69 0001:00000983
    70 0001:0000098f    72 0001:00000995    74 0001:0000099d    75 0001:000009a8
    76 0001:000009ac    78 0001:000009b3    80 0001:000009b5    81 0001:000009cc
    82 0001:000009d5    83 0001:000009d9    86 0001:000009e0    87 0001:000009e2
    89 0001:000009e6    90 0001:000009e8    91 0001:000009ec    93 0001:000009f1
    94 0001:000009fd   116 0001:00000a10   117 0001:00000a16   119 0001:00000a1c
   120 0001:00000a23   121 0001:00000a2a   122 0001:00000a31   124 0001:00000a38
   126 0001:00000a43   127 0001:00000a49   129 0001:00000a50   131 0001:00000a6d
   132 0001:00000a73   133 0001:00000a78   134 0001:00000a81   135 0001:00000a88
   137 0001:00000ac4   138 0001:00000ad1   140 0001:00000ad7   141 0001:00000ae0
   142 0001:00000ae9   143 0001:00000afd   145 0001:00000b04   147 0001:00000b06
   148 0001:00000b0c   151 0001:00000b13   152 0001:00000b18   155 0001:00000b20
   156 0001:00000b23   157 0001:00000b35   158 0001:00000b48

Line numbers for objchk_wxp_x86\i386\tapdrvr.obj(c:\development\windows\p2p\code\exsrc\tap-win32\openvpn-2.0.9\tap-win32\mem.c) segment .text

    35 0001:00000000    36 0001:00000026    38 0001:0000002d    40 0001:00000033
    43 0001:0000003a    45 0001:00000051    46 0001:00000059    48 0001:0000006f
    49 0001:00000071    51 0001:00000081    53 0001:0000008a    57 0001:00000098
    58 0001:0000009b    62 0001:000000b0    63 0001:000000d6    65 0001:000000e2
    68 0001:000000e9    70 0001:000000ff    72 0001:00000118    76 0001:00000128
   106 0001:00000190   109 0001:00000194   110 0001:000001a6   111 0001:000001bb
   112 0001:000001c1   114 0001:000001c5   115 0001:000001d8   116 0001:000001e1
   117 0001:000001eb   118 0001:000001ee   122 0001:00000250   123 0001:00000253
   125 0001:00000259   126 0001:00000286   128 0001:0000029d   132 0001:00000350
   134 0001:00000354   135 0001:00000384   136 0001:00000392   137 0001:00000396
   138 0001:0000039e   139 0001:000003db   140 0001:000003e8   141 0001:000003f7
   142 0001:00000411   143 0001:00000414   147 0001:000004c0   149 0001:000004c4
   150 0001:000004f4   151 0001:000004fd   152 0001:00000504   153 0001:0000050c
   154 0001:00000552   155 0001:00000561   156 0001:0000057b   157 0001:00000585
   161 0001:00000680   163 0001:00000687   164 0001:000006b7   165 0001:000006be
   166 0001:000006cc   167 0001:000006d5   169 0001:000006e9   171 0001:000006f8
   172 0001:00000701   174 0001:00000710   176 0001:00000712   177 0001:00000726
   179 0001:00000760   180 0001:0000079a   181 0001:0000079f   182 0001:000007a5
   184 0001:000007aa   185 0001:000007ac

Line numbers for C:\WINDDK\3790\lib\wxp\i386\ntstrsafe.lib(d:\srv03rtm\public\ddk\inc\ntstrsafe.h) segment .text

  4975 0001:0000a77e  4976 0001:0000a785  4984 0001:0000a787  4986 0001:0000a79c
  4988 0001:0000a7a3  4990 0001:0000a7a8  4992 0001:0000a7b3  4994 0001:0000a7b7
  4997 0001:0000a7c1  5001 0001:0000a7c4  5003 0001:0000a7c9  5007 0001:0000a7d0
  5009 0001:0000a7d9  5015 0001:0000a7e0  5017 0001:0000a7f1  5019 0001:0000a7f5
  5021 0001:0000a7f8  5035 0001:0000a7fd  5038 0001:0000a80e  5049 0001:0000a816
  5052 0001:0000a818  5053 0001:0000a81b  5056 0001:0000a822  5058 0001:0000a825
  5062 0001:0000a82b  5064 0001:0000a830  5066 0001:0000a83c  5041 0001:0000a867
  5042 0001:0000a86a  5045 0001:0000a871  5047 0001:0000a874  5073 0001:0000a87b
  5075 0001:0000a882  5077 0001:0000a886  5079 0001:0000a88e  5081 0001:0000a8b1
  5084 0001:0000a8b7  5086 0001:0000a8c4  5088 0001:0000a8ca  5089 0001:0000a8ce
  5092 0001:0000a8d5  5098 0001:0000a8d8  5100 0001:0000a8e7  5101 0001:0000a8e9
  5104 0001:0000a8ec  5110 0001:0000a8ee  5112 0001:0000a8fc  5114 0001:0000a903
  5117 0001:0000a905  5119 0001:0000a90c  5123 0001:0000a911  5124 0001:0000a917
  2824 0001:0000a91c  2827 0001:0000a91f  2829 0001:0000a928  2846 0001:0000a92d
  2840 0001:0000a92f  2846 0001:0000a94d  3154 0001:0000a950  3157 0001:0000a953
  3159 0001:0000a95c  3161 0001:0000a961  3168 0001:0000a963  3172 0001:0000a980

Line numbers for C:\WINDDK\3790\lib\wxp\i386\ntstrsafe.lib(d:\srv03rtm\base\crts\crtw32\convert\wctomb.c) segment .text

    87 0001:0000b1f4   104 0001:0000b1f7   106 0001:0000b1fd   177 0001:0000b1ff
   119 0001:0000b201   121 0001:0000b219   124 0001:0000b21d   126 0001:0000b22b
   177 0001:0000b22e

Line numbers for C:\WINDDK\3790\lib\wxp\i386\ntstrsafe.lib(d:\srv03rtm\base\crts\crtw32\hack\stubs.c) segment .text

    43 0001:0000b2ce

Line numbers for C:\WINDDK\3790\lib\wxp\i386\ntstrsafe.lib(D:\srv03rtm\base\crts\crtw32\helper\i386\ulldvrm.asm) segment .text

    50 0001:0000b230    48 0001:0000b230    82 0001:0000b231    83 0001:0000b235
    84 0001:0000b237    85 0001:0000b239    86 0001:0000b23d    87 0001:0000b241
    88 0001:0000b243    89 0001:0000b245    90 0001:0000b247    91 0001:0000b24b
    92 0001:0000b24d    97 0001:0000b24f    98 0001:0000b251    99 0001:0000b255
   100 0001:0000b257   101 0001:0000b259   102 0001:0000b25d   103 0001:0000b25f
   110 0001:0000b261   111 0001:0000b263   112 0001:0000b267   113 0001:0000b26b
   115 0001:0000b26f   116 0001:0000b271   117 0001:0000b273   118 0001:0000b275
   119 0001:0000b277   120 0001:0000b279   121 0001:0000b27b   122 0001:0000b27d
   131 0001:0000b27f   132 0001:0000b283   133 0001:0000b285   134 0001:0000b289
   135 0001:0000b28b   136 0001:0000b28d   144 0001:0000b28f   145 0001:0000b293
   146 0001:0000b295   147 0001:0000b297   148 0001:0000b29b   150 0001:0000b29d
   151 0001:0000b29e   152 0001:0000b2a2   154 0001:0000b2a6   163 0001:0000b2a8
   164 0001:0000b2ac   165 0001:0000b2b0   166 0001:0000b2b2   167 0001:0000b2b4
   172 0001:0000b2b7   173 0001:0000b2b9   174 0001:0000b2bb   175 0001:0000b2bd
   176 0001:0000b2bf   182 0001:0000b2c1   184 0001:0000b2c2

Line numbers for C:\WINDDK\3790\lib\wxp\i386\ntstrsafe.lib(d:\srv03rtm\base\crts\crtw32\startup\crt0fp.c) segment .text

    56 0001:0000b2c5    55 0001:0000b2c5    57 0001:0000b2cd

Line numbers for C:\WINDDK\3790\lib\wxp\i386\ntstrsafe.lib(d:\srv03rtm\base\crts\crtw32\stdio\_flsbuf.c) segment .text

   153 0001:0000a9da   150 0001:0000a9da   154 0001:0000a9e2   293 0001:0000a9e5

Line numbers for C:\WINDDK\3790\lib\wxp\i386\ntstrsafe.lib(d:\srv03rtm\base\crts\crtw32\stdio\output.c) segment .text

  1293 0001:0000a9e6  1292 0001:0000a9e6  1296 0001:0000a9f0  1301 0001:0000a9f2
  1303 0001:0000aa13  1306 0001:0000aa15  1305 0001:0000aa16  1306 0001:0000aa18
  1357 0001:0000aa19  1360 0001:0000aa1f  1359 0001:0000aa21  1360 0001:0000aa2f
  1358 0001:0000aa34  1363 0001:0000aa3b  1417 0001:0000aa3d  1418 0001:0000aa3d
  1420 0001:0000aa4f  1421 0001:0000aa55  1424 0001:0000aa57  1425 0001:0000aa65
  1423 0001:0000aa6a  1428 0001:0000aa73   507 0001:0000aa74   515 0001:0000aa7d
   516 0001:0000aa82   540 0001:0000aa85   541 0001:0000aa88   545 0001:0000aa8b
   546 0001:0000aaaf   547 0001:0000aace   550 0001:0000aad6   574 0001:0000aaee
   575 0001:0000ab01   576 0001:0000ab04   580 0001:0000ab09   594 0001:0000ab28
   595 0001:0000ab2c   582 0001:0000ab31   583 0001:0000ab35   585 0001:0000ab3a
   586 0001:0000ab3e   591 0001:0000ab43   592 0001:0000ab47   588 0001:0000ab4c
   597 0001:0000ab50   601 0001:0000ab55   603 0001:0000ab5a   604 0001:0000ab64
   606 0001:0000ab6f   607 0001:0000ab73   610 0001:0000ab76   612 0001:0000ab7b
   614 0001:0000ab8b   619 0001:0000ab90   620 0001:0000ab93   624 0001:0000ab98
   626 0001:0000ab9d   627 0001:0000aba7   628 0001:0000abb2   630 0001:0000abb6
   632 0001:0000abbb   634 0001:0000abcb   638 0001:0000abd0   688 0001:0000abe8
   689 0001:0000abec   640 0001:0000abf1   641 0001:0000abf5   683 0001:0000abfa
   684 0001:0000abfe   653 0001:0000ac03   655 0001:0000ac12   656 0001:0000ac14
   658 0001:0000ac1b   660 0001:0000ac2a   661 0001:0000ac2c   663 0001:0000ac33
   668 0001:0000ac38   677 0001:0000ac68   561 0001:0000ac6b   562 0001:0000ac7e
   563 0001:0000ac8b   567 0001:0000ac93   568 0001:0000aca0   704 0001:0000aca5
   808 0001:0000ace3   809 0001:0000aceb   831 0001:0000acef   832 0001:0000acfc
   858 0001:0000ad00   859 0001:0000ad15   860 0001:0000ad19   862 0001:0000ad21
   910 0001:0000ad30   911 0001:0000ad37   918 0001:0000ad3a   922 0001:0000ad3e
   923 0001:0000ad50   924 0001:0000ad57   707 0001:0000ad5c   711 0001:0000ad64
   747 0001:0000ad68   749 0001:0000ad7b   752 0001:0000ad88   753 0001:0000ad91
   754 0001:0000ad98   704 0001:0000ad9a   980 0001:0000adab   981 0001:0000adaf
  1049 0001:0000adb6  1050 0001:0000adc6  1051 0001:0000add4   767 0001:0000add9
   768 0001:0000ade2   771 0001:0000ade9   774 0001:0000adf2   787 0001:0000adf7
   788 0001:0000ae01   793 0001:0000ae0c   795 0001:0000ae10   796 0001:0000ae1d
   797 0001:0000ae24   798 0001:0000ae29   800 0001:0000ae2c   790 0001:0000ae31
   791 0001:0000ae39   804 0001:0000ae43   924 0001:0000ae48   925 0001:0000ae4f
   926 0001:0000ae56   927 0001:0000ae62   929 0001:0000ae65   939 0001:0000ae6f
   953 0001:0000ae72   955 0001:0000ae77   959 0001:0000aea1   960 0001:0000aeb4
   963 0001:0000aec2   964 0001:0000aecb   968 0001:0000aed9   969 0001:0000aee2
   970 0001:0000aee6   973 0001:0000aeef   975 0001:0000aefe   704 0001:0000af03
  1008 0001:0000af39   863 0001:0000af42   864 0001:0000af48   863 0001:0000af4a
   865 0001:0000af4e   867 0001:0000af53   868 0001:0000af58   869 0001:0000af5c
   870 0001:0000af64   871 0001:0000af69   872 0001:0000af6f   871 0001:0000af70
   873 0001:0000af74   878 0001:0000af77   993 0001:0000af7c  1003 0001:0000af83
  1013 0001:0000af86  1016 0001:0000af97  1017 0001:0000afa3  1019 0001:0000afaa
  1024 0001:0000afaf  1026 0001:0000afc0   887 0001:0000afc9   897 0001:0000afcd
   898 0001:0000afd9   899 0001:0000afe0   901 0001:0000afe2   903 0001:0000afe7
   905 0001:0000afee  1063 0001:0000aff3  1062 0001:0000afff  1063 0001:0000b004
  1064 0001:0000b009  1065 0001:0000b00b  1066 0001:0000b00f  1069 0001:0000b011
  1070 0001:0000b014  1071 0001:0000b017  1072 0001:0000b019  1076 0001:0000b01b
  1077 0001:0000b02a  1078 0001:0000b031  1084 0001:0000b035  1090 0001:0000b03e
  1096 0001:0000b040  1097 0001:0000b046  1098 0001:0000b04d  1099 0001:0000b04f
  1100 0001:0000b053  1101 0001:0000b05d  1105 0001:0000b060  1106 0001:0000b066
  1111 0001:0000b06a  1113 0001:0000b06d  1114 0001:0000b07d  1116 0001:0000b08d
  1118 0001:0000b099  1120 0001:0000b09c  1121 0001:0000b09f  1123 0001:0000b0a1
  1124 0001:0000b0a6  1128 0001:0000b0a7  1129 0001:0000b0be  1130 0001:0000b0c7
  1141 0001:0000b0cb  1144 0001:0000b0d5  1145 0001:0000b0dd  1147 0001:0000b0e2
  1150 0001:0000b0e6  1152 0001:0000b0ef  1153 0001:0000b0f3  1155 0001:0000b0f6
  1157 0001:0000b0fd  1158 0001:0000b101  1164 0001:0000b108  1168 0001:0000b111
  1170 0001:0000b116  1174 0001:0000b127  1176 0001:0000b138  1178 0001:0000b143
  1183 0001:0000b152  1189 0001:0000b15e  1190 0001:0000b167  1191 0001:0000b16a
  1192 0001:0000b17c  1194 0001:0000b181  1196 0001:0000b197  1197 0001:0000b199
  1218 0001:0000b1a8  1220 0001:0000b1ae  1235 0001:0000b1ce  1236 0001:0000b1d2

Line numbers for C:\WINDDK\3790\lib\wxp\i386\ntstrsafe.lib(d:\srv03rtm\base\crts\crtw32\stdio\vsprintf.c) segment .text

   114 0001:0000a984   125 0001:0000a98a   128 0001:0000a98e   130 0001:0000a992
   131 0001:0000a9b4   132 0001:0000a9ba   134 0001:0000a9d4   135 0001:0000a9d8
